Archive member included to satisfy reference by file (symbol)

/usr/lib/gcc/arm-none-eabi/10.3.1/thumb/v6-m/nofp/libgcc.a(_dvmd_tls.o)
                              CMakeFiles/picow_dump_rom.dir/__/pico-sdk/src/rp2_common/pico_divider/divider.S.obj (__aeabi_idiv0)
/usr/lib/gcc/arm-none-eabi/10.3.1/../../../arm-none-eabi/lib/thumb/v6-m/nofp/libg.a(lib_a-atexit.o)
                              /usr/lib/gcc/arm-none-eabi/10.3.1/../../../arm-none-eabi/lib/thumb/v6-m/nofp/crt0.o (atexit)
/usr/lib/gcc/arm-none-eabi/10.3.1/../../../arm-none-eabi/lib/thumb/v6-m/nofp/libg.a(lib_a-calloc.o)
                              CMakeFiles/picow_dump_rom.dir/__/pico-sdk/src/rp2_common/pico_malloc/pico_malloc.c.obj (calloc)
/usr/lib/gcc/arm-none-eabi/10.3.1/../../../arm-none-eabi/lib/thumb/v6-m/nofp/libg.a(lib_a-callocr.o)
                              /usr/lib/gcc/arm-none-eabi/10.3.1/../../../arm-none-eabi/lib/thumb/v6-m/nofp/libg.a(lib_a-calloc.o) (_calloc_r)
/usr/lib/gcc/arm-none-eabi/10.3.1/../../../arm-none-eabi/lib/thumb/v6-m/nofp/libg.a(lib_a-fini.o)
                              /usr/lib/gcc/arm-none-eabi/10.3.1/../../../arm-none-eabi/lib/thumb/v6-m/nofp/crt0.o (__libc_fini_array)
/usr/lib/gcc/arm-none-eabi/10.3.1/../../../arm-none-eabi/lib/thumb/v6-m/nofp/libg.a(lib_a-impure.o)
                              /usr/lib/gcc/arm-none-eabi/10.3.1/../../../arm-none-eabi/lib/thumb/v6-m/nofp/libg.a(lib_a-calloc.o) (_impure_ptr)
/usr/lib/gcc/arm-none-eabi/10.3.1/../../../arm-none-eabi/lib/thumb/v6-m/nofp/libg.a(lib_a-init.o)
                              /usr/lib/gcc/arm-none-eabi/10.3.1/../../../arm-none-eabi/lib/thumb/v6-m/nofp/crt0.o (__libc_init_array)
/usr/lib/gcc/arm-none-eabi/10.3.1/../../../arm-none-eabi/lib/thumb/v6-m/nofp/libg.a(lib_a-malloc.o)
                              CMakeFiles/picow_dump_rom.dir/__/pico-sdk/src/rp2_common/pico_malloc/pico_malloc.c.obj (malloc)
/usr/lib/gcc/arm-none-eabi/10.3.1/../../../arm-none-eabi/lib/thumb/v6-m/nofp/libg.a(lib_a-mallocr.o)
                              /usr/lib/gcc/arm-none-eabi/10.3.1/../../../arm-none-eabi/lib/thumb/v6-m/nofp/libg.a(lib_a-callocr.o) (_malloc_r)
/usr/lib/gcc/arm-none-eabi/10.3.1/../../../arm-none-eabi/lib/thumb/v6-m/nofp/libg.a(lib_a-memcmp.o)
                              CMakeFiles/picow_dump_rom.dir/__/cyw43-driver/src/cyw43_ll.c.obj (memcmp)
/usr/lib/gcc/arm-none-eabi/10.3.1/../../../arm-none-eabi/lib/thumb/v6-m/nofp/libg.a(lib_a-memmove.o)
                              CMakeFiles/picow_dump_rom.dir/__/cyw43-driver/src/cyw43_ll.c.obj (memmove)
/usr/lib/gcc/arm-none-eabi/10.3.1/../../../arm-none-eabi/lib/thumb/v6-m/nofp/libg.a(lib_a-mlock.o)
                              /usr/lib/gcc/arm-none-eabi/10.3.1/../../../arm-none-eabi/lib/thumb/v6-m/nofp/libg.a(lib_a-mallocr.o) (__malloc_lock)
/usr/lib/gcc/arm-none-eabi/10.3.1/../../../arm-none-eabi/lib/thumb/v6-m/nofp/libg.a(lib_a-realloc.o)
                              CMakeFiles/picow_dump_rom.dir/__/pico-sdk/src/rp2_common/pico_malloc/pico_malloc.c.obj (realloc)
/usr/lib/gcc/arm-none-eabi/10.3.1/../../../arm-none-eabi/lib/thumb/v6-m/nofp/libg.a(lib_a-reallocr.o)
                              /usr/lib/gcc/arm-none-eabi/10.3.1/../../../arm-none-eabi/lib/thumb/v6-m/nofp/libg.a(lib_a-realloc.o) (_realloc_r)
/usr/lib/gcc/arm-none-eabi/10.3.1/../../../arm-none-eabi/lib/thumb/v6-m/nofp/libg.a(lib_a-sbrkr.o)
                              /usr/lib/gcc/arm-none-eabi/10.3.1/../../../arm-none-eabi/lib/thumb/v6-m/nofp/libg.a(lib_a-mallocr.o) (_sbrk_r)
/usr/lib/gcc/arm-none-eabi/10.3.1/../../../arm-none-eabi/lib/thumb/v6-m/nofp/libg.a(lib_a-strlen-stub.o)
                              CMakeFiles/picow_dump_rom.dir/__/pico-sdk/src/rp2_common/pico_stdio/stdio.c.obj (strlen)
/usr/lib/gcc/arm-none-eabi/10.3.1/../../../arm-none-eabi/lib/thumb/v6-m/nofp/libg.a(lib_a-strncmp.o)
                              CMakeFiles/picow_dump_rom.dir/__/cyw43-driver/src/cyw43_ll.c.obj (strncmp)
/usr/lib/gcc/arm-none-eabi/10.3.1/../../../arm-none-eabi/lib/thumb/v6-m/nofp/libg.a(lib_a-__atexit.o)
                              /usr/lib/gcc/arm-none-eabi/10.3.1/../../../arm-none-eabi/lib/thumb/v6-m/nofp/libg.a(lib_a-atexit.o) (__register_exitproc)
/usr/lib/gcc/arm-none-eabi/10.3.1/../../../arm-none-eabi/lib/thumb/v6-m/nofp/libg.a(lib_a-freer.o)
                              /usr/lib/gcc/arm-none-eabi/10.3.1/../../../arm-none-eabi/lib/thumb/v6-m/nofp/libg.a(lib_a-malloc.o) (_free_r)
/usr/lib/gcc/arm-none-eabi/10.3.1/../../../arm-none-eabi/lib/thumb/v6-m/nofp/libg.a(lib_a-reent.o)
                              /usr/lib/gcc/arm-none-eabi/10.3.1/../../../arm-none-eabi/lib/thumb/v6-m/nofp/libg.a(lib_a-sbrkr.o) (errno)

Discarded input sections

 .text          0x0000000000000000        0x0 /usr/lib/gcc/arm-none-eabi/10.3.1/thumb/v6-m/nofp/crti.o
 .data          0x0000000000000000        0x0 /usr/lib/gcc/arm-none-eabi/10.3.1/thumb/v6-m/nofp/crti.o
 .bss           0x0000000000000000        0x0 /usr/lib/gcc/arm-none-eabi/10.3.1/thumb/v6-m/nofp/crti.o
[...]
Memory Configuration

Name             Origin             Length             Attributes
FLASH            0x0000000010000000 0x0000000000200000 xr
RAM              0x0000000020000000 0x0000000000040000 xrw
SCRATCH_X        0x0000000020040000 0x0000000000001000 xrw
SCRATCH_Y        0x0000000020041000 0x0000000000001000 xrw
*default*        0x0000000000000000 0xffffffffffffffff

Linker script and memory map

LOAD /usr/lib/gcc/arm-none-eabi/10.3.1/thumb/v6-m/nofp/crti.o
LOAD /usr/lib/gcc/arm-none-eabi/10.3.1/thumb/v6-m/nofp/crtbegin.o
LOAD /usr/lib/gcc/arm-none-eabi/10.3.1/../../../arm-none-eabi/lib/thumb/v6-m/nofp/crt0.o

.flash_begin    0x0000000010000000        0x0
                0x0000000010000000                __flash_binary_start = .

.boot2          0x0000000010000000      0x100
                0x0000000010000000                __boot2_start__ = .
 *(.boot2)
 .boot2         0x0000000010000000      0x100 /tmp/ccagzB9A.o
                0x0000000010000100                __boot2_end__ = .
                0x0000000000000001                ASSERT (((__boot2_end__ - __boot2_start__) == 0x100), ERROR: Pico second stage bootloader must be 256 bytes in size)

.text           0x0000000010000100     0x83b8
                0x0000000010000100                __logical_binary_start = .
 *(.vectors)
 .vectors       0x0000000010000100       0xd4 CMakeFiles/picow_dump_rom.dir/__/pico-sdk/src/rp2_common/pico_standard_link/crt0.S.obj
                0x0000000010000100                __vectors
                0x0000000010000100                __VECTOR_TABLE
                0x00000000100001c0                isr_invalid
                0x00000000100001c0                __default_isrs_start
                0x00000000100001c2                isr_nmi
                0x00000000100001c4                isr_hardfault
                0x00000000100001c6                isr_svcall
                0x00000000100001c8                isr_pendsv
                0x00000000100001ca                isr_systick
                0x00000000100001cc                isr_irq30
                0x00000000100001cc                __unhandled_user_irq
                0x00000000100001cc                isr_irq13
                0x00000000100001cc                isr_irq27
                0x00000000100001cc                isr_irq31
                0x00000000100001cc                isr_irq5
                0x00000000100001cc                isr_irq11
                0x00000000100001cc                isr_irq23
                0x00000000100001cc                isr_irq18
                0x00000000100001cc                isr_irq28
                0x00000000100001cc                isr_irq19
                0x00000000100001cc                isr_irq0
                0x00000000100001cc                isr_irq6
                0x00000000100001cc                isr_irq22
                0x00000000100001cc                isr_irq17
                0x00000000100001cc                isr_irq14
                0x00000000100001cc                isr_irq2
                0x00000000100001cc                isr_irq10
                0x00000000100001cc                isr_irq8
                0x00000000100001cc                isr_irq24
                0x00000000100001cc                isr_irq1
                0x00000000100001cc                isr_irq7
                0x00000000100001cc                isr_irq21
                0x00000000100001cc                isr_irq20
                0x00000000100001cc                isr_irq15
                0x00000000100001cc                isr_irq25
                0x00000000100001cc                isr_irq4
                0x00000000100001cc                isr_irq16
                0x00000000100001cc                isr_irq29
                0x00000000100001cc                isr_irq26
                0x00000000100001cc                __default_isrs_end
                0x00000000100001cc                isr_irq3
                0x00000000100001cc                isr_irq12
                0x00000000100001cc                isr_irq9
                0x00000000100001d2                unhandled_user_irq_num_in_r0
 *(.binary_info_header)
 .binary_info_header
                0x00000000100001d4       0x14 CMakeFiles/picow_dump_rom.dir/__/pico-sdk/src/rp2_common/pico_standard_link/crt0.S.obj
                0x00000000100001e8                __binary_info_header_end = .
 *(.reset)
 .reset         0x00000000100001e8       0xa0 CMakeFiles/picow_dump_rom.dir/__/pico-sdk/src/rp2_common/pico_standard_link/crt0.S.obj
                0x00000000100001e8                _entry_point
 .reset         0x0000000010000288       0x24 CMakeFiles/picow_dump_rom.dir/__/pico-sdk/src/rp2_common/pico_standard_link/binary_info.c.obj
 *(.init)
 .init          0x00000000100002ac        0x4 /usr/lib/gcc/arm-none-eabi/10.3.1/thumb/v6-m/nofp/crti.o
                0x00000000100002ac                _init
 *(EXCLUDE_FILE(*libm.a: *libc.a:*lib_a-mem*.o *libgcc.a:) .text*)
 .text          0x00000000100002b0       0x98 /usr/lib/gcc/arm-none-eabi/10.3.1/thumb/v6-m/nofp/crtbegin.o
 .text.printf_xxd
                0x0000000010000348       0x38 CMakeFiles/picow_dump_rom.dir/picow_dump_rom.c.obj
 .text.main     0x0000000010000380       0x90 CMakeFiles/picow_dump_rom.dir/picow_dump_rom.c.obj
                0x0000000010000380                main
 .text.gpio_set_function
                0x0000000010000410       0x30 CMakeFiles/picow_dump_rom.dir/__/pico-sdk/src/rp2_common/hardware_gpio/gpio.c.obj
                0x0000000010000410                gpio_set_function
 .text.gpio_set_pulls
                0x0000000010000440       0x34 CMakeFiles/picow_dump_rom.dir/__/pico-sdk/src/rp2_common/hardware_gpio/gpio.c.obj
                0x0000000010000440                gpio_set_pulls
 .text.gpio_set_input_hysteresis_enabled
                0x0000000010000474       0x30 CMakeFiles/picow_dump_rom.dir/__/pico-sdk/src/rp2_common/hardware_gpio/gpio.c.obj
                0x0000000010000474                gpio_set_input_hysteresis_enabled
 .text.gpio_add_raw_irq_handler_with_order_priority_masked
                0x00000000100004a4       0x40 CMakeFiles/picow_dump_rom.dir/__/pico-sdk/src/rp2_common/hardware_gpio/gpio.c.obj
                0x00000000100004a4                gpio_add_raw_irq_handler_with_order_priority_masked
 .text.gpio_remove_raw_irq_handler_masked
                0x00000000100004e4       0x48 CMakeFiles/picow_dump_rom.dir/__/pico-sdk/src/rp2_common/hardware_gpio/gpio.c.obj
                0x00000000100004e4                gpio_remove_raw_irq_handler_masked
 .text.gpio_acknowledge_irq
                0x000000001000052c       0x18 CMakeFiles/picow_dump_rom.dir/__/pico-sdk/src/rp2_common/hardware_gpio/gpio.c.obj
                0x000000001000052c                gpio_acknowledge_irq
 .text._gpio_set_irq_enabled
                0x0000000010000544       0x34 CMakeFiles/picow_dump_rom.dir/__/pico-sdk/src/rp2_common/hardware_gpio/gpio.c.obj
 .text.gpio_set_irq_enabled
                0x0000000010000578       0x20 CMakeFiles/picow_dump_rom.dir/__/pico-sdk/src/rp2_common/hardware_gpio/gpio.c.obj
                0x0000000010000578                gpio_set_irq_enabled
 .text.gpio_init
                0x0000000010000598       0x16 CMakeFiles/picow_dump_rom.dir/__/pico-sdk/src/rp2_common/hardware_gpio/gpio.c.obj
                0x0000000010000598                gpio_init
 *fill*         0x00000000100005ae        0x2 
 .text.running_on_fpga
                0x00000000100005b0       0x14 CMakeFiles/picow_dump_rom.dir/__/pico-sdk/src/rp2_common/pico_platform/platform.c.obj
                0x00000000100005b0                running_on_fpga
 .text.hw_claim_lock
                0x00000000100005c4       0x18 CMakeFiles/picow_dump_rom.dir/__/pico-sdk/src/rp2_common/hardware_claim/claim.c.obj
                0x00000000100005c4                hw_claim_lock
 .text.hw_claim_unlock
                0x00000000100005dc       0x14 CMakeFiles/picow_dump_rom.dir/__/pico-sdk/src/rp2_common/hardware_claim/claim.c.obj
                0x00000000100005dc                hw_claim_unlock
 .text.hw_claim_or_assert
                0x00000000100005f0       0x32 CMakeFiles/picow_dump_rom.dir/__/pico-sdk/src/rp2_common/hardware_claim/claim.c.obj
                0x00000000100005f0                hw_claim_or_assert
 .text.hw_claim_unused_from_range
                0x0000000010000622       0x50 CMakeFiles/picow_dump_rom.dir/__/pico-sdk/src/rp2_common/hardware_claim/claim.c.obj
                0x0000000010000622                hw_claim_unused_from_range
 *fill*         0x0000000010000672        0x2 
 .text.hw_claim_clear
                0x0000000010000674       0x40 CMakeFiles/picow_dump_rom.dir/__/pico-sdk/src/rp2_common/hardware_claim/claim.c.obj
                0x0000000010000674                hw_claim_clear
 .text.spin_locks_reset
                0x00000000100006b4       0x20 CMakeFiles/picow_dump_rom.dir/__/pico-sdk/src/rp2_common/hardware_sync/sync.c.obj
                0x00000000100006b4                spin_locks_reset
 .text.next_striped_spin_lock_num
                0x00000000100006d4       0x1c CMakeFiles/picow_dump_rom.dir/__/pico-sdk/src/rp2_common/hardware_sync/sync.c.obj
                0x00000000100006d4                next_striped_spin_lock_num
 .text.set_raw_irq_handler_and_unlock
                0x00000000100006f0       0x28 CMakeFiles/picow_dump_rom.dir/__/pico-sdk/src/rp2_common/hardware_irq/irq.c.obj
 .text.get_user_irq_claim_index
                0x0000000010000718        0x6 CMakeFiles/picow_dump_rom.dir/__/pico-sdk/src/rp2_common/hardware_irq/irq.c.obj
 *fill*         0x000000001000071e        0x2 
 .text.make_branch
                0x0000000010000720       0x48 CMakeFiles/picow_dump_rom.dir/__/pico-sdk/src/rp2_common/hardware_irq/irq.c.obj
 .text.insert_branch_and_link
                0x0000000010000768       0x40 CMakeFiles/picow_dump_rom.dir/__/pico-sdk/src/rp2_common/hardware_irq/irq.c.obj
 .text.irq_is_enabled
                0x00000000100007a8       0x18 CMakeFiles/picow_dump_rom.dir/__/pico-sdk/src/rp2_common/hardware_irq/irq.c.obj
                0x00000000100007a8                irq_is_enabled
 .text.irq_set_mask_enabled
                0x00000000100007c0       0x20 CMakeFiles/picow_dump_rom.dir/__/pico-sdk/src/rp2_common/hardware_irq/irq.c.obj
                0x00000000100007c0                irq_set_mask_enabled
 .text.irq_set_enabled
                0x00000000100007e0        0xe CMakeFiles/picow_dump_rom.dir/__/pico-sdk/src/rp2_common/hardware_irq/irq.c.obj
                0x00000000100007e0                irq_set_enabled
 *fill*         0x00000000100007ee        0x2 
 .text.irq_set_pending
                0x00000000100007f0       0x10 CMakeFiles/picow_dump_rom.dir/__/pico-sdk/src/rp2_common/hardware_irq/irq.c.obj
                0x00000000100007f0                irq_set_pending
 .text.irq_get_vtable_handler
                0x0000000010000800       0x10 CMakeFiles/picow_dump_rom.dir/__/pico-sdk/src/rp2_common/hardware_irq/irq.c.obj
                0x0000000010000800                irq_get_vtable_handler
 .text.irq_set_exclusive_handler
                0x0000000010000810       0x54 CMakeFiles/picow_dump_rom.dir/__/pico-sdk/src/rp2_common/hardware_irq/irq.c.obj
                0x0000000010000810                irq_set_exclusive_handler
 .text.irq_add_shared_handler
                0x0000000010000864      0x234 CMakeFiles/picow_dump_rom.dir/__/pico-sdk/src/rp2_common/hardware_irq/irq.c.obj
                0x0000000010000864                irq_add_shared_handler
 .text.irq_remove_handler
                0x0000000010000a98      0x1ac CMakeFiles/picow_dump_rom.dir/__/pico-sdk/src/rp2_common/hardware_irq/irq.c.obj
                0x0000000010000a98                irq_remove_handler
 .text.irq_set_priority
                0x0000000010000c44       0x28 CMakeFiles/picow_dump_rom.dir/__/pico-sdk/src/rp2_common/hardware_irq/irq.c.obj
                0x0000000010000c44                irq_set_priority
 .text.irq_add_tail_to_free_list
                0x0000000010000c6c       0xf0 CMakeFiles/picow_dump_rom.dir/__/pico-sdk/src/rp2_common/hardware_irq/irq.c.obj
                0x0000000010000c6c                irq_add_tail_to_free_list
 .text.irq_init_priorities
                0x0000000010000d5c       0x1c CMakeFiles/picow_dump_rom.dir/__/pico-sdk/src/rp2_common/hardware_irq/irq.c.obj
                0x0000000010000d5c                irq_init_priorities
 .text.user_irq_unclaim
                0x0000000010000d78       0x14 CMakeFiles/picow_dump_rom.dir/__/pico-sdk/src/rp2_common/hardware_irq/irq.c.obj
                0x0000000010000d78                user_irq_unclaim
 .text.user_irq_claim_unused
                0x0000000010000d8c       0x28 CMakeFiles/picow_dump_rom.dir/__/pico-sdk/src/rp2_common/hardware_irq/irq.c.obj
                0x0000000010000d8c                user_irq_claim_unused
 .text.sem_init
                0x0000000010000db4       0x1e CMakeFiles/picow_dump_rom.dir/__/pico-sdk/src/common/pico_sync/sem.c.obj
                0x0000000010000db4                sem_init
 *fill*         0x0000000010000dd2        0x2 
 .text.lock_init
                0x0000000010000dd4       0x10 CMakeFiles/picow_dump_rom.dir/__/pico-sdk/src/common/pico_sync/lock_core.c.obj
                0x0000000010000dd4                lock_init
 .text.mutex_init
                0x0000000010000de4       0x1a CMakeFiles/picow_dump_rom.dir/__/pico-sdk/src/common/pico_sync/mutex.c.obj
                0x0000000010000de4                mutex_init
 .text.recursive_mutex_init
                0x0000000010000dfe       0x1e CMakeFiles/picow_dump_rom.dir/__/pico-sdk/src/common/pico_sync/mutex.c.obj
                0x0000000010000dfe                recursive_mutex_init
 .text.alarm_pool_post_alloc_init
                0x0000000010000e1c       0x40 CMakeFiles/picow_dump_rom.dir/__/pico-sdk/src/common/pico_time/time.c.obj
 .text.sleep_until_callback
                0x0000000010000e5c       0x30 CMakeFiles/picow_dump_rom.dir/__/pico-sdk/src/common/pico_time/time.c.obj
 .text.timer_pool_entry_comparator
                0x0000000010000e8c       0x7c CMakeFiles/picow_dump_rom.dir/__/pico-sdk/src/common/pico_time/time.c.obj
                0x0000000010000e8c                timer_pool_entry_comparator
 .text.ph_add_child_node
                0x0000000010000f08       0xa4 CMakeFiles/picow_dump_rom.dir/__/pico-sdk/src/common/pico_time/time.c.obj
 .text.ph_merge_nodes
                0x0000000010000fac       0x3e CMakeFiles/picow_dump_rom.dir/__/pico-sdk/src/common/pico_time/time.c.obj
 *fill*         0x0000000010000fea        0x2 
 .text.add_alarm_under_lock
                0x0000000010000fec      0x174 CMakeFiles/picow_dump_rom.dir/__/pico-sdk/src/common/pico_time/time.c.obj
 .text.alarm_pool_alarm_callback
                0x0000000010001160      0x33c CMakeFiles/picow_dump_rom.dir/__/pico-sdk/src/common/pico_time/time.c.obj
 .text.alarm_pool_init_default
                0x000000001000149c       0x40 CMakeFiles/picow_dump_rom.dir/__/pico-sdk/src/common/pico_time/time.c.obj
                0x000000001000149c                alarm_pool_init_default
 .text.alarm_pool_get_default
                0x00000000100014dc       0x2c CMakeFiles/picow_dump_rom.dir/__/pico-sdk/src/common/pico_time/time.c.obj
                0x00000000100014dc                alarm_pool_get_default
 .text.alarm_pool_add_alarm_at
                0x0000000010001508      0x168 CMakeFiles/picow_dump_rom.dir/__/pico-sdk/src/common/pico_time/time.c.obj
                0x0000000010001508                alarm_pool_add_alarm_at
 .text.alarm_pool_cancel_alarm
                0x0000000010001670       0xf8 CMakeFiles/picow_dump_rom.dir/__/pico-sdk/src/common/pico_time/time.c.obj
                0x0000000010001670                alarm_pool_cancel_alarm
 .text.alarm_pool_core_num
                0x0000000010001768        0x4 CMakeFiles/picow_dump_rom.dir/__/pico-sdk/src/common/pico_time/time.c.obj
                0x0000000010001768                alarm_pool_core_num
 .text.sleep_until
                0x000000001000176c       0xfc CMakeFiles/picow_dump_rom.dir/__/pico-sdk/src/common/pico_time/time.c.obj
                0x000000001000176c                sleep_until
 .text.sleep_us
                0x0000000010001868       0x58 CMakeFiles/picow_dump_rom.dir/__/pico-sdk/src/common/pico_time/time.c.obj
                0x0000000010001868                sleep_us
 .text.sleep_ms
                0x00000000100018c0       0x14 CMakeFiles/picow_dump_rom.dir/__/pico-sdk/src/common/pico_time/time.c.obj
                0x00000000100018c0                sleep_ms
 .text.best_effort_wfe_or_timeout
                0x00000000100018d4       0xac CMakeFiles/picow_dump_rom.dir/__/pico-sdk/src/common/pico_time/time.c.obj
                0x00000000100018d4                best_effort_wfe_or_timeout
 .text.hardware_alarm_irq_handler
                0x0000000010001980       0x90 CMakeFiles/picow_dump_rom.dir/__/pico-sdk/src/rp2_common/hardware_timer/timer.c.obj
 .text.hardware_alarm_claim
                0x0000000010001a10       0x18 CMakeFiles/picow_dump_rom.dir/__/pico-sdk/src/rp2_common/hardware_timer/timer.c.obj
                0x0000000010001a10                hardware_alarm_claim
 .text.time_us_64
                0x0000000010001a28       0x18 CMakeFiles/picow_dump_rom.dir/__/pico-sdk/src/rp2_common/hardware_timer/timer.c.obj
                0x0000000010001a28                time_us_64
 .text.busy_wait_until
                0x0000000010001a40       0x28 CMakeFiles/picow_dump_rom.dir/__/pico-sdk/src/rp2_common/hardware_timer/timer.c.obj
                0x0000000010001a40                busy_wait_until
 .text.busy_wait_us
                0x0000000010001a68       0x48 CMakeFiles/picow_dump_rom.dir/__/pico-sdk/src/rp2_common/hardware_timer/timer.c.obj
                0x0000000010001a68                busy_wait_us
 .text.hardware_alarm_set_callback
                0x0000000010001ab0       0x90 CMakeFiles/picow_dump_rom.dir/__/pico-sdk/src/rp2_common/hardware_timer/timer.c.obj
                0x0000000010001ab0                hardware_alarm_set_callback
 .text.hardware_alarm_set_target
                0x0000000010001b40       0xe8 CMakeFiles/picow_dump_rom.dir/__/pico-sdk/src/rp2_common/hardware_timer/timer.c.obj
                0x0000000010001b40                hardware_alarm_set_target
 .text.hardware_alarm_cancel
                0x0000000010001c28       0x40 CMakeFiles/picow_dump_rom.dir/__/pico-sdk/src/rp2_common/hardware_timer/timer.c.obj
                0x0000000010001c28                hardware_alarm_cancel
 .text.ph_add_child_node
                0x0000000010001c68       0xa4 CMakeFiles/picow_dump_rom.dir/__/pico-sdk/src/common/pico_util/pheap.c.obj
 .text.ph_merge_nodes
                0x0000000010001d0c       0x3e CMakeFiles/picow_dump_rom.dir/__/pico-sdk/src/common/pico_util/pheap.c.obj
 *fill*         0x0000000010001d4a        0x2 
 .text.ph_clear
                0x0000000010001d4c       0x70 CMakeFiles/picow_dump_rom.dir/__/pico-sdk/src/common/pico_util/pheap.c.obj
                0x0000000010001d4c                ph_clear
 .text.ph_post_alloc_init
                0x0000000010001dbc        0xe CMakeFiles/picow_dump_rom.dir/__/pico-sdk/src/common/pico_util/pheap.c.obj
                0x0000000010001dbc                ph_post_alloc_init
 *fill*         0x0000000010001dca        0x2 
 .text.ph_merge_two_pass
                0x0000000010001dcc       0xa8 CMakeFiles/picow_dump_rom.dir/__/pico-sdk/src/common/pico_util/pheap.c.obj
                0x0000000010001dcc                ph_merge_two_pass
 .text.ph_remove_any_head
                0x0000000010001e74      0x128 CMakeFiles/picow_dump_rom.dir/__/pico-sdk/src/common/pico_util/pheap.c.obj
 .text.ph_remove_head
                0x0000000010001f9c       0x14 CMakeFiles/picow_dump_rom.dir/__/pico-sdk/src/common/pico_util/pheap.c.obj
                0x0000000010001f9c                ph_remove_head
 .text.ph_remove_and_free_node
                0x0000000010001fb0       0xf8 CMakeFiles/picow_dump_rom.dir/__/pico-sdk/src/common/pico_util/pheap.c.obj
                0x0000000010001fb0                ph_remove_and_free_node
 .text.uart_disable_before_lcr_write
                0x00000000100020a8       0x48 CMakeFiles/picow_dump_rom.dir/__/pico-sdk/src/rp2_common/hardware_uart/uart.c.obj
 .text.uart_write_lcr_bits_masked
                0x00000000100020f0       0x22 CMakeFiles/picow_dump_rom.dir/__/pico-sdk/src/rp2_common/hardware_uart/uart.c.obj
 *fill*         0x0000000010002112        0x2 
 .text.uart_set_baudrate
                0x0000000010002114       0x5c CMakeFiles/picow_dump_rom.dir/__/pico-sdk/src/rp2_common/hardware_uart/uart.c.obj
                0x0000000010002114                uart_set_baudrate
 .text.uart_set_format
                0x0000000010002170       0x2c CMakeFiles/picow_dump_rom.dir/__/pico-sdk/src/rp2_common/hardware_uart/uart.c.obj
                0x0000000010002170                uart_set_format
 .text.uart_set_translate_crlf
                0x000000001000219c       0x28 CMakeFiles/picow_dump_rom.dir/__/pico-sdk/src/rp2_common/hardware_uart/uart.c.obj
                0x000000001000219c                uart_set_translate_crlf
 .text.uart_init
                0x00000000100021c4       0x80 CMakeFiles/picow_dump_rom.dir/__/pico-sdk/src/rp2_common/hardware_uart/uart.c.obj
                0x00000000100021c4                uart_init
 .text.clock_configure
                0x0000000010002244      0x108 CMakeFiles/picow_dump_rom.dir/__/pico-sdk/src/rp2_common/hardware_clocks/clocks.c.obj
                0x0000000010002244                clock_configure
 .text.clocks_init
                0x000000001000234c      0x100 CMakeFiles/picow_dump_rom.dir/__/pico-sdk/src/rp2_common/hardware_clocks/clocks.c.obj
                0x000000001000234c                clocks_init
 .text.clock_get_hz
                0x000000001000244c        0xc CMakeFiles/picow_dump_rom.dir/__/pico-sdk/src/rp2_common/hardware_clocks/clocks.c.obj
                0x000000001000244c                clock_get_hz
 .text.pll_init
                0x0000000010002458      0x120 CMakeFiles/picow_dump_rom.dir/__/pico-sdk/src/rp2_common/hardware_pll/pll.c.obj
                0x0000000010002458                pll_init
 .text.watchdog_start_tick
                0x0000000010002578       0x10 CMakeFiles/picow_dump_rom.dir/__/pico-sdk/src/rp2_common/hardware_watchdog/watchdog.c.obj
                0x0000000010002578                watchdog_start_tick
 .text.xosc_init
                0x0000000010002588       0x28 CMakeFiles/picow_dump_rom.dir/__/pico-sdk/src/rp2_common/hardware_xosc/xosc.c.obj
                0x0000000010002588                xosc_init
 .text._exit    0x00000000100025b0        0x4 CMakeFiles/picow_dump_rom.dir/__/pico-sdk/src/rp2_common/pico_runtime/runtime.c.obj
                0x00000000100025b0                _exit
 .text.exit     0x00000000100025b4        0x6 CMakeFiles/picow_dump_rom.dir/__/pico-sdk/src/rp2_common/pico_runtime/runtime.c.obj
                0x00000000100025b4                exit
 *fill*         0x00000000100025ba        0x2 
 .text.__assert_func
                0x00000000100025bc       0x3c CMakeFiles/picow_dump_rom.dir/__/pico-sdk/src/rp2_common/pico_runtime/runtime.c.obj
                0x00000000100025bc                __assert_func
 .text.runtime_init
                0x00000000100025f8       0xf8 CMakeFiles/picow_dump_rom.dir/__/pico-sdk/src/rp2_common/pico_runtime/runtime.c.obj
                0x00000000100025f8                runtime_init
 .text.panic    0x00000000100026f0       0x30 CMakeFiles/picow_dump_rom.dir/__/pico-sdk/src/rp2_common/pico_runtime/runtime.c.obj
                0x00000000100026f0                panic
 .text.panic_unsupported
                0x0000000010002720        0xc CMakeFiles/picow_dump_rom.dir/__/pico-sdk/src/rp2_common/pico_runtime/runtime.c.obj
                0x0000000010002720                panic_unsupported
 .text._out_null
                0x000000001000272c        0x2 CMakeFiles/picow_dump_rom.dir/__/pico-sdk/src/rp2_common/pico_printf/printf.c.obj
 .text._out_fct
                0x000000001000272e        0xe CMakeFiles/picow_dump_rom.dir/__/pico-sdk/src/rp2_common/pico_printf/printf.c.obj
 .text._atoi    0x000000001000273c       0x24 CMakeFiles/picow_dump_rom.dir/__/pico-sdk/src/rp2_common/pico_printf/printf.c.obj
 .text._out_rev
                0x0000000010002760       0xae CMakeFiles/picow_dump_rom.dir/__/pico-sdk/src/rp2_common/pico_printf/printf.c.obj
 .text._ntoa_format
                0x000000001000280e      0x112 CMakeFiles/picow_dump_rom.dir/__/pico-sdk/src/rp2_common/pico_printf/printf.c.obj
 .text._ntoa_long
                0x0000000010002920       0xbc CMakeFiles/picow_dump_rom.dir/__/pico-sdk/src/rp2_common/pico_printf/printf.c.obj
 .text._ntoa_long_long
                0x00000000100029dc       0xe2 CMakeFiles/picow_dump_rom.dir/__/pico-sdk/src/rp2_common/pico_printf/printf.c.obj
 *fill*         0x0000000010002abe        0x2 
 .text._etoa    0x0000000010002ac0      0x414 CMakeFiles/picow_dump_rom.dir/__/pico-sdk/src/rp2_common/pico_printf/printf.c.obj
 .text._ftoa    0x0000000010002ed4      0x354 CMakeFiles/picow_dump_rom.dir/__/pico-sdk/src/rp2_common/pico_printf/printf.c.obj
 .text._vsnprintf
                0x0000000010003228      0x624 CMakeFiles/picow_dump_rom.dir/__/pico-sdk/src/rp2_common/pico_printf/printf.c.obj
 .text.vfctprintf
                0x000000001000384c       0x20 CMakeFiles/picow_dump_rom.dir/__/pico-sdk/src/rp2_common/pico_printf/printf.c.obj
                0x000000001000384c                vfctprintf
 .text          0x000000001000386c       0x10 CMakeFiles/picow_dump_rom.dir/__/pico-sdk/src/rp2_common/pico_bit_ops/bit_ops_aeabi.S.obj
 .text.ctzsi    0x000000001000387c        0xc CMakeFiles/picow_dump_rom.dir/__/pico-sdk/src/rp2_common/pico_bit_ops/bit_ops_aeabi.S.obj
                0x000000001000387c                __wrap___ctzsi2
 .text.rom_func_lookup
                0x0000000010003888       0x10 CMakeFiles/picow_dump_rom.dir/__/pico-sdk/src/rp2_common/pico_bootrom/bootrom.c.obj
                0x0000000010003888                rom_func_lookup
 .text.rom_data_lookup
                0x0000000010003898       0x10 CMakeFiles/picow_dump_rom.dir/__/pico-sdk/src/rp2_common/pico_bootrom/bootrom.c.obj
                0x0000000010003898                rom_data_lookup
 .text.rom_funcs_lookup
                0x00000000100038a8       0x36 CMakeFiles/picow_dump_rom.dir/__/pico-sdk/src/rp2_common/pico_bootrom/bootrom.c.obj
                0x00000000100038a8                rom_funcs_lookup
 *fill*         0x00000000100038de        0x2 
 .text.__wrap___aeabi_idiv
                0x00000000100038e0       0x50 CMakeFiles/picow_dump_rom.dir/__/pico-sdk/src/rp2_common/pico_divider/divider.S.obj
                0x00000000100038e0                __wrap___aeabi_idivmod
                0x00000000100038e0                divmod_s32s32
                0x00000000100038e0                div_s32s32
                0x00000000100038e0                __wrap___aeabi_idiv
                0x00000000100038e8                divmod_s32s32_unsafe
                0x0000000010003914                divmod_s32s32_savestate
 .text.__wrap___aeabi_uidiv
                0x0000000010003930       0x4c CMakeFiles/picow_dump_rom.dir/__/pico-sdk/src/rp2_common/pico_divider/divider.S.obj
                0x0000000010003930                __wrap___aeabi_uidiv
                0x0000000010003930                __wrap___aeabi_uidivmod
                0x0000000010003930                div_u32u32
                0x0000000010003930                divmod_u32u32
                0x0000000010003938                divmod_u32u32_unsafe
                0x0000000010003960                divmod_u32u32_savestate
 .text.__wrap___aeabi_ldiv
                0x000000001000397c      0x424 CMakeFiles/picow_dump_rom.dir/__/pico-sdk/src/rp2_common/pico_divider/divider.S.obj
                0x000000001000397c                div_s64s64
                0x000000001000397c                divmod_s64s64
                0x000000001000397c                __wrap___aeabi_ldivmod
                0x00000000100039ac                div_u64u64
                0x00000000100039ac                divmod_u64u64
                0x00000000100039ac                __wrap___aeabi_uldivmod
                0x00000000100039bc                divmod_u64u64_savestate
                0x00000000100039dc                divmod_s64s64_unsafe
                0x0000000010003a64                divmod_u64u64_unsafe
 .text.__wrap___aeabi_darithmetic
                0x0000000010003da0       0x60 CMakeFiles/picow_dump_rom.dir/__/pico-sdk/src/rp2_common/pico_double/double_aeabi.S.obj
                0x0000000010003da0                __wrap___aeabi_drsub
                0x0000000010003da6                __wrap___aeabi_dsub
                0x0000000010003db0                __wrap___aeabi_dadd
                0x0000000010003dba                __wrap___aeabi_ddiv
                0x0000000010003dee                __wrap___aeabi_dmul
 .text.__wrap___aeabi_cdcmple
                0x0000000010003e00       0x6c CMakeFiles/picow_dump_rom.dir/__/pico-sdk/src/rp2_common/pico_double/double_aeabi.S.obj
                0x0000000010003e00                __wrap___aeabi_cdrcmple
                0x0000000010003e10                __wrap___aeabi_cdcmple
                0x0000000010003e10                __wrap___aeabi_cdcmpeq
 .text.__wrap___aeabi_dcmplt
                0x0000000010003e6c        0xc CMakeFiles/picow_dump_rom.dir/__/pico-sdk/src/rp2_common/pico_double/double_aeabi.S.obj
                0x0000000010003e6c                __wrap___aeabi_dcmplt
 .text.__wrap___aeabi_dcmple
                0x0000000010003e78       0x10 CMakeFiles/picow_dump_rom.dir/__/pico-sdk/src/rp2_common/pico_double/double_aeabi.S.obj
                0x0000000010003e78                __wrap___aeabi_dcmple
 .text.__wrap___aeabi_dcmpge
                0x0000000010003e88       0x10 CMakeFiles/picow_dump_rom.dir/__/pico-sdk/src/rp2_common/pico_double/double_aeabi.S.obj
                0x0000000010003e88                __wrap___aeabi_dcmpge
 .text.__wrap___aeabi_dcmpgt
                0x0000000010003e98        0xa CMakeFiles/picow_dump_rom.dir/__/pico-sdk/src/rp2_common/pico_double/double_aeabi.S.obj
                0x0000000010003e98                __wrap___aeabi_dcmpgt
 .text.__wrap___aeabi_dcmpun
                0x0000000010003ea2       0x1c CMakeFiles/picow_dump_rom.dir/__/pico-sdk/src/rp2_common/pico_double/double_aeabi.S.obj
                0x0000000010003ea2                __wrap___aeabi_dcmpun
 *fill*         0x0000000010003ebe        0x2 
 .text.__wrap___aeabi_i2d
                0x0000000010003ec0       0x38 CMakeFiles/picow_dump_rom.dir/__/pico-sdk/src/rp2_common/pico_double/double_aeabi.S.obj
                0x0000000010003ec0                __wrap___aeabi_ui2d
                0x0000000010003ec8                __wrap___aeabi_i2d
 .text.__wrap___aeabi_d2iz
                0x0000000010003ef8       0x48 CMakeFiles/picow_dump_rom.dir/__/pico-sdk/src/rp2_common/pico_double/double_aeabi.S.obj
                0x0000000010003ef8                __wrap___aeabi_d2iz
                0x0000000010003ef8                double2int_z
 .text.__wrap___aeabi_d2uiz
                0x0000000010003f40       0x10 CMakeFiles/picow_dump_rom.dir/__/pico-sdk/src/rp2_common/pico_double/double_aeabi.S.obj
                0x0000000010003f40                double2uint
                0x0000000010003f40                __wrap___aeabi_d2uiz
 .text.missing_double_func_shim
                0x0000000010003f50        0xc CMakeFiles/picow_dump_rom.dir/__/pico-sdk/src/rp2_common/pico_double/double_init_rom.c.obj
 .text.__aeabi_double_init
                0x0000000010003f5c       0xcc CMakeFiles/picow_dump_rom.dir/__/pico-sdk/src/rp2_common/pico_double/double_init_rom.c.obj
                0x0000000010003f5c                __aeabi_double_init
 .text.double_table_shim_on_use_helper
                0x0000000010004028       0x34 CMakeFiles/picow_dump_rom.dir/__/pico-sdk/src/rp2_common/pico_double/double_v1_rom_shim.S.obj
                0x0000000010004028                double_table_shim_on_use_helper
 .text.__aeabi_lmul
                0x000000001000405c       0x32 CMakeFiles/picow_dump_rom.dir/__/pico-sdk/src/rp2_common/pico_int64_ops/pico_int64_ops_aeabi.S.obj
                0x000000001000405c                __wrap___aeabi_lmul
 *fill*         0x000000001000408e        0x2 
 .text.missing_float_func_shim
                0x0000000010004090        0xc CMakeFiles/picow_dump_rom.dir/__/pico-sdk/src/rp2_common/pico_float/float_init_rom.c.obj
 .text.__aeabi_float_init
                0x000000001000409c       0x88 CMakeFiles/picow_dump_rom.dir/__/pico-sdk/src/rp2_common/pico_float/float_init_rom.c.obj
                0x000000001000409c                __aeabi_float_init
 .text          0x0000000010004124       0x10 CMakeFiles/picow_dump_rom.dir/__/pico-sdk/src/rp2_common/pico_mem_ops/mem_ops_aeabi.S.obj
                0x0000000010004124                __aeabi_mem_init
 .text.memset   0x0000000010004134        0xc CMakeFiles/picow_dump_rom.dir/__/pico-sdk/src/rp2_common/pico_mem_ops/mem_ops_aeabi.S.obj
                0x0000000010004134                __wrap_memset
 .text.memcpy   0x0000000010004140        0xc CMakeFiles/picow_dump_rom.dir/__/pico-sdk/src/rp2_common/pico_mem_ops/mem_ops_aeabi.S.obj
                0x0000000010004140                __wrap___aeabi_memcpy
                0x0000000010004140                __wrap_memcpy
 .text.stdio_out_chars_no_crlf
                0x000000001000414c        0xe CMakeFiles/picow_dump_rom.dir/__/pico-sdk/src/rp2_common/pico_stdio/stdio.c.obj
 *fill*         0x000000001000415a        0x2 
 .text.stdio_out_chars_crlf
                0x000000001000415c       0x80 CMakeFiles/picow_dump_rom.dir/__/pico-sdk/src/rp2_common/pico_stdio/stdio.c.obj
 .text.stdio_stack_buffer_flush
                0x00000000100041dc       0x44 CMakeFiles/picow_dump_rom.dir/__/pico-sdk/src/rp2_common/pico_stdio/stdio.c.obj
 .text.stdio_buffered_printer
                0x0000000010004220       0x20 CMakeFiles/picow_dump_rom.dir/__/pico-sdk/src/rp2_common/pico_stdio/stdio.c.obj
 .text.stdout_serialize_begin
                0x0000000010004240       0x5c CMakeFiles/picow_dump_rom.dir/__/pico-sdk/src/rp2_common/pico_stdio/stdio.c.obj
                0x0000000010004240                stdout_serialize_begin
 .text.stdout_serialize_end
                0x000000001000429c       0x10 CMakeFiles/picow_dump_rom.dir/__/pico-sdk/src/rp2_common/pico_stdio/stdio.c.obj
                0x000000001000429c                stdout_serialize_end
 .text.stdio_put_string
                0x00000000100042ac       0x98 CMakeFiles/picow_dump_rom.dir/__/pico-sdk/src/rp2_common/pico_stdio/stdio.c.obj
 .text.__wrap_putchar
                0x0000000010004344       0x1c CMakeFiles/picow_dump_rom.dir/__/pico-sdk/src/rp2_common/pico_stdio/stdio.c.obj
                0x0000000010004344                __wrap_putchar
 .text.stdio_set_driver_enabled
                0x0000000010004360       0x2c CMakeFiles/picow_dump_rom.dir/__/pico-sdk/src/rp2_common/pico_stdio/stdio.c.obj
                0x0000000010004360                stdio_set_driver_enabled
 .text.stdio_flush
                0x000000001000438c       0x20 CMakeFiles/picow_dump_rom.dir/__/pico-sdk/src/rp2_common/pico_stdio/stdio.c.obj
                0x000000001000438c                stdio_flush
 .text.__wrap_puts
                0x00000000100043ac       0x1e CMakeFiles/picow_dump_rom.dir/__/pico-sdk/src/rp2_common/pico_stdio/stdio.c.obj
                0x00000000100043ac                __wrap_puts
 *fill*         0x00000000100043ca        0x2 
 .text.__wrap_vprintf
                0x00000000100043cc       0x40 CMakeFiles/picow_dump_rom.dir/__/pico-sdk/src/rp2_common/pico_stdio/stdio.c.obj
                0x00000000100043cc                __wrap_vprintf
 .text.__wrap_printf
                0x000000001000440c       0x18 CMakeFiles/picow_dump_rom.dir/__/pico-sdk/src/rp2_common/pico_stdio/stdio.c.obj
                0x000000001000440c                __wrap_printf
 .text.stdio_init_all
                0x0000000010004424        0xa CMakeFiles/picow_dump_rom.dir/__/pico-sdk/src/rp2_common/pico_stdio/stdio.c.obj
                0x0000000010004424                stdio_init_all
 *fill*         0x000000001000442e        0x2 
 .text.stdio_uart_out_chars
                0x0000000010004430       0x74 CMakeFiles/picow_dump_rom.dir/__/pico-sdk/src/rp2_common/pico_stdio_uart/stdio_uart.c.obj
 .text.stdio_uart_in_chars
                0x00000000100044a4       0x80 CMakeFiles/picow_dump_rom.dir/__/pico-sdk/src/rp2_common/pico_stdio_uart/stdio_uart.c.obj
                0x00000000100044a4                stdio_uart_in_chars
 .text.on_uart_rx
                0x0000000010004524       0x28 CMakeFiles/picow_dump_rom.dir/__/pico-sdk/src/rp2_common/pico_stdio_uart/stdio_uart.c.obj
 .text.stdio_uart_set_chars_available_callback
                0x000000001000454c       0x8c CMakeFiles/picow_dump_rom.dir/__/pico-sdk/src/rp2_common/pico_stdio_uart/stdio_uart.c.obj
 .text.stdio_uart_init_full
                0x00000000100045d8       0x44 CMakeFiles/picow_dump_rom.dir/__/pico-sdk/src/rp2_common/pico_stdio_uart/stdio_uart.c.obj
                0x00000000100045d8                stdio_uart_init_full
 .text.stdio_uart_init
                0x000000001000461c       0x28 CMakeFiles/picow_dump_rom.dir/__/pico-sdk/src/rp2_common/pico_stdio_uart/stdio_uart.c.obj
                0x000000001000461c                stdio_uart_init
 .text.cyw43_arch_set_async_context
                0x0000000010004644        0xc CMakeFiles/picow_dump_rom.dir/__/pico-sdk/src/rp2_common/pico_cyw43_arch/cyw43_arch.c.obj
                0x0000000010004644                cyw43_arch_set_async_context
 .text.cyw43_arch_get_country_code
                0x0000000010004650        0xc CMakeFiles/picow_dump_rom.dir/__/pico-sdk/src/rp2_common/pico_cyw43_arch/cyw43_arch.c.obj
                0x0000000010004650                cyw43_arch_get_country_code
 .text.cyw43_arch_enable_sta_mode
                0x000000001000465c       0x40 CMakeFiles/picow_dump_rom.dir/__/pico-sdk/src/rp2_common/pico_cyw43_arch/cyw43_arch.c.obj
                0x000000001000465c                cyw43_arch_enable_sta_mode
 .text.cyw43_arch_init_with_country
                0x000000001000469c       0x10 CMakeFiles/picow_dump_rom.dir/__/pico-sdk/src/rp2_common/pico_cyw43_arch/cyw43_arch.c.obj
                0x000000001000469c                cyw43_arch_init_with_country
 .text.cyw43_arch_async_context
                0x00000000100046ac        0xc CMakeFiles/picow_dump_rom.dir/__/pico-sdk/src/rp2_common/pico_cyw43_arch/cyw43_arch.c.obj
                0x00000000100046ac                cyw43_arch_async_context
 .text.cyw43_arch_init_default_async_context
                0x00000000100046b8       0x20 CMakeFiles/picow_dump_rom.dir/__/pico-sdk/src/rp2_common/pico_cyw43_arch/cyw43_arch_threadsafe_background.c.obj
                0x00000000100046b8                cyw43_arch_init_default_async_context
 .text.cyw43_arch_deinit
                0x00000000100046d8       0x28 CMakeFiles/picow_dump_rom.dir/__/pico-sdk/src/rp2_common/pico_cyw43_arch/cyw43_arch_threadsafe_background.c.obj
                0x00000000100046d8                cyw43_arch_deinit
 .text.cyw43_arch_init
                0x0000000010004700       0x36 CMakeFiles/picow_dump_rom.dir/__/pico-sdk/src/rp2_common/pico_cyw43_arch/cyw43_arch_threadsafe_background.c.obj
                0x0000000010004700                cyw43_arch_init
 *fill*         0x0000000010004736        0x2 
 .text._retrieve_unique_id_on_boot
                0x0000000010004738       0x10 CMakeFiles/picow_dump_rom.dir/__/pico-sdk/src/rp2_common/pico_unique_id/unique_id.c.obj
 .text.pico_get_unique_board_id
                0x0000000010004748       0x10 CMakeFiles/picow_dump_rom.dir/__/pico-sdk/src/rp2_common/pico_unique_id/unique_id.c.obj
                0x0000000010004748                pico_get_unique_board_id
 .text.flash_get_unique_id
                0x0000000010004758       0x46 CMakeFiles/picow_dump_rom.dir/__/pico-sdk/src/rp2_common/hardware_flash/flash.c.obj
                0x0000000010004758                flash_get_unique_id
 .text.cs_set   0x000000001000479e       0x1c CMakeFiles/picow_dump_rom.dir/__/pico-sdk/src/rp2_common/pico_cyw43_driver/cyw43_bus_pio_spi.c.obj
 *fill*         0x00000000100047ba        0x2 
 .text.start_spi_comms
                0x00000000100047bc       0x2c CMakeFiles/picow_dump_rom.dir/__/pico-sdk/src/rp2_common/pico_cyw43_driver/cyw43_bus_pio_spi.c.obj
 .text.ns_delay
                0x00000000100047e8       0x20 CMakeFiles/picow_dump_rom.dir/__/pico-sdk/src/rp2_common/pico_cyw43_driver/cyw43_bus_pio_spi.c.obj
 .text.stop_spi_comms
                0x0000000010004808       0x10 CMakeFiles/picow_dump_rom.dir/__/pico-sdk/src/rp2_common/pico_cyw43_driver/cyw43_bus_pio_spi.c.obj
 .text.cyw43_spi_deinit
                0x0000000010004818       0x74 CMakeFiles/picow_dump_rom.dir/__/pico-sdk/src/rp2_common/pico_cyw43_driver/cyw43_bus_pio_spi.c.obj
                0x0000000010004818                cyw43_spi_deinit
 .text.cyw43_spi_init
                0x000000001000488c      0x284 CMakeFiles/picow_dump_rom.dir/__/pico-sdk/src/rp2_common/pico_cyw43_driver/cyw43_bus_pio_spi.c.obj
                0x000000001000488c                cyw43_spi_init
 .text.cyw43_spi_transfer
                0x0000000010004b10      0x694 CMakeFiles/picow_dump_rom.dir/__/pico-sdk/src/rp2_common/pico_cyw43_driver/cyw43_bus_pio_spi.c.obj
                0x0000000010004b10                cyw43_spi_transfer
 .text.cyw43_spi_gpio_setup
                0x00000000100051a4       0x3a CMakeFiles/picow_dump_rom.dir/__/pico-sdk/src/rp2_common/pico_cyw43_driver/cyw43_bus_pio_spi.c.obj
                0x00000000100051a4                cyw43_spi_gpio_setup
 .text.cyw43_spi_reset
                0x00000000100051de       0x28 CMakeFiles/picow_dump_rom.dir/__/pico-sdk/src/rp2_common/pico_cyw43_driver/cyw43_bus_pio_spi.c.obj
                0x00000000100051de                cyw43_spi_reset
 *fill*         0x0000000010005206        0x2 
 .text.read_reg_u32_swap
                0x0000000010005208       0x68 CMakeFiles/picow_dump_rom.dir/__/pico-sdk/src/rp2_common/pico_cyw43_driver/cyw43_bus_pio_spi.c.obj
                0x0000000010005208                read_reg_u32_swap
 .text.cyw43_read_reg_u32
                0x0000000010005270       0x54 CMakeFiles/picow_dump_rom.dir/__/pico-sdk/src/rp2_common/pico_cyw43_driver/cyw43_bus_pio_spi.c.obj
                0x0000000010005270                cyw43_read_reg_u32
 .text.cyw43_read_reg_u16
                0x00000000100052c4       0x54 CMakeFiles/picow_dump_rom.dir/__/pico-sdk/src/rp2_common/pico_cyw43_driver/cyw43_bus_pio_spi.c.obj
                0x00000000100052c4                cyw43_read_reg_u16
 .text.cyw43_read_reg_u8
                0x0000000010005318       0x54 CMakeFiles/picow_dump_rom.dir/__/pico-sdk/src/rp2_common/pico_cyw43_driver/cyw43_bus_pio_spi.c.obj
                0x0000000010005318                cyw43_read_reg_u8
 .text.write_reg_u32_swap
                0x000000001000536c       0x34 CMakeFiles/picow_dump_rom.dir/__/pico-sdk/src/rp2_common/pico_cyw43_driver/cyw43_bus_pio_spi.c.obj
                0x000000001000536c                write_reg_u32_swap
 .text.cyw43_write_reg_u32
                0x00000000100053a0       0x58 CMakeFiles/picow_dump_rom.dir/__/pico-sdk/src/rp2_common/pico_cyw43_driver/cyw43_bus_pio_spi.c.obj
                0x00000000100053a0                cyw43_write_reg_u32
 .text.cyw43_write_reg_u16
                0x00000000100053f8       0x58 CMakeFiles/picow_dump_rom.dir/__/pico-sdk/src/rp2_common/pico_cyw43_driver/cyw43_bus_pio_spi.c.obj
                0x00000000100053f8                cyw43_write_reg_u16
 .text.cyw43_write_reg_u8
                0x0000000010005450       0x58 CMakeFiles/picow_dump_rom.dir/__/pico-sdk/src/rp2_common/pico_cyw43_driver/cyw43_bus_pio_spi.c.obj
                0x0000000010005450                cyw43_write_reg_u8
 .text.cyw43_read_bytes
                0x00000000100054a8      0x104 CMakeFiles/picow_dump_rom.dir/__/pico-sdk/src/rp2_common/pico_cyw43_driver/cyw43_bus_pio_spi.c.obj
                0x00000000100054a8                cyw43_read_bytes
 .text.cyw43_write_bytes
                0x00000000100055ac      0x128 CMakeFiles/picow_dump_rom.dir/__/pico-sdk/src/rp2_common/pico_cyw43_driver/cyw43_bus_pio_spi.c.obj
                0x00000000100055ac                cyw43_write_bytes
 .text.get_core_address
                0x00000000100056d4       0x1c CMakeFiles/picow_dump_rom.dir/__/cyw43-driver/src/cyw43_ll.c.obj
 .text.cyw43_read_reg
                0x00000000100056f0       0x48 CMakeFiles/picow_dump_rom.dir/__/cyw43-driver/src/cyw43_ll.c.obj
 .text.cyw43_write_reg
                0x0000000010005738       0x4c CMakeFiles/picow_dump_rom.dir/__/cyw43-driver/src/cyw43_ll.c.obj
 .text.cyw43_set_backplane_window
                0x0000000010005784       0x74 CMakeFiles/picow_dump_rom.dir/__/cyw43-driver/src/cyw43_ll.c.obj
 .text.cyw43_read_backplane
                0x00000000100057f8       0x30 CMakeFiles/picow_dump_rom.dir/__/cyw43-driver/src/cyw43_ll.c.obj
 .text.cyw43_write_backplane
                0x0000000010005828       0x34 CMakeFiles/picow_dump_rom.dir/__/cyw43-driver/src/cyw43_ll.c.obj
 .text.sdpcm_process_rx_packet
                0x000000001000585c      0x180 CMakeFiles/picow_dump_rom.dir/__/cyw43-driver/src/cyw43_ll.c.obj
 .text.disable_device_core
                0x00000000100059dc       0x3c CMakeFiles/picow_dump_rom.dir/__/cyw43-driver/src/cyw43_ll.c.obj
 .text.device_core_is_up
                0x0000000010005a18       0x4c CMakeFiles/picow_dump_rom.dir/__/cyw43-driver/src/cyw43_ll.c.obj
 .text.cyw43_ll_wifi_parse_scan_result
                0x0000000010005a64       0x9c CMakeFiles/picow_dump_rom.dir/__/cyw43-driver/src/cyw43_ll.c.obj
 .text.cyw43_ll_parse_async_event
                0x0000000010005b00       0x8e CMakeFiles/picow_dump_rom.dir/__/cyw43-driver/src/cyw43_ll.c.obj
 *fill*         0x0000000010005b8e        0x2 
 .text.cyw43_kso_set
                0x0000000010005b90       0x98 CMakeFiles/picow_dump_rom.dir/__/cyw43-driver/src/cyw43_ll.c.obj
 .text.cyw43_ll_bus_sleep_helper
                0x0000000010005c28        0xe CMakeFiles/picow_dump_rom.dir/__/cyw43-driver/src/cyw43_ll.c.obj
 .text.reset_device_core
                0x0000000010005c36       0x74 CMakeFiles/picow_dump_rom.dir/__/cyw43-driver/src/cyw43_ll.c.obj
 *fill*         0x0000000010005caa        0x2 
 .text.cyw43_download_resource
                0x0000000010005cac      0x17c CMakeFiles/picow_dump_rom.dir/__/cyw43-driver/src/cyw43_ll.c.obj
 .text.cyw43_ll_init
                0x0000000010005e28       0x20 CMakeFiles/picow_dump_rom.dir/__/cyw43-driver/src/cyw43_ll.c.obj
                0x0000000010005e28                cyw43_ll_init
 .text.cyw43_ll_deinit
                0x0000000010005e48        0x8 CMakeFiles/picow_dump_rom.dir/__/cyw43-driver/src/cyw43_ll.c.obj
                0x0000000010005e48                cyw43_ll_deinit
 .text.cyw43_read_backplane_external
                0x0000000010005e50        0x8 CMakeFiles/picow_dump_rom.dir/__/cyw43-driver/src/cyw43_ll.c.obj
                0x0000000010005e50                cyw43_read_backplane_external
 .text.cyw43_ll_bus_sleep
                0x0000000010005e58       0x34 CMakeFiles/picow_dump_rom.dir/__/cyw43-driver/src/cyw43_ll.c.obj
                0x0000000010005e58                cyw43_ll_bus_sleep
 .text.cyw43_ll_sdpcm_poll_device
                0x0000000010005e8c      0x158 CMakeFiles/picow_dump_rom.dir/__/cyw43-driver/src/cyw43_ll.c.obj
 .text.cyw43_ll_process_packets
                0x0000000010005fe4       0x6c CMakeFiles/picow_dump_rom.dir/__/cyw43-driver/src/cyw43_ll.c.obj
                0x0000000010005fe4                cyw43_ll_process_packets
 .text.cyw43_sdpcm_send_common
                0x0000000010006050      0x104 CMakeFiles/picow_dump_rom.dir/__/cyw43-driver/src/cyw43_ll.c.obj
 .text.cyw43_send_ioctl
                0x0000000010006154       0x56 CMakeFiles/picow_dump_rom.dir/__/cyw43-driver/src/cyw43_ll.c.obj
 *fill*         0x00000000100061aa        0x2 
 .text.cyw43_do_ioctl
                0x00000000100061ac       0xc4 CMakeFiles/picow_dump_rom.dir/__/cyw43-driver/src/cyw43_ll.c.obj
 .text.cyw43_ll_ioctl
                0x0000000010006270       0x1e CMakeFiles/picow_dump_rom.dir/__/cyw43-driver/src/cyw43_ll.c.obj
                0x0000000010006270                cyw43_ll_ioctl
 *fill*         0x000000001000628e        0x2 
 .text.cyw43_clm_load
                0x0000000010006290       0xdc CMakeFiles/picow_dump_rom.dir/__/cyw43-driver/src/cyw43_ll.c.obj
 .text.cyw43_write_iovar_u32
                0x000000001000636c       0x60 CMakeFiles/picow_dump_rom.dir/__/cyw43-driver/src/cyw43_ll.c.obj
 .text.cyw43_write_iovar_n
                0x00000000100063cc       0x50 CMakeFiles/picow_dump_rom.dir/__/cyw43-driver/src/cyw43_ll.c.obj
 .text.cyw43_set_ioctl_u32
                0x000000001000641c       0x30 CMakeFiles/picow_dump_rom.dir/__/cyw43-driver/src/cyw43_ll.c.obj
 .text.cyw43_write_iovar_u32_u32
                0x000000001000644c       0x74 CMakeFiles/picow_dump_rom.dir/__/cyw43-driver/src/cyw43_ll.c.obj
 .text.cyw43_ll_wifi_on
                0x00000000100064c0      0x1bc CMakeFiles/picow_dump_rom.dir/__/cyw43-driver/src/cyw43_ll.c.obj
                0x00000000100064c0                cyw43_ll_wifi_on
 .text.cyw43_ll_wifi_get_mac
                0x000000001000667c       0x48 CMakeFiles/picow_dump_rom.dir/__/cyw43-driver/src/cyw43_ll.c.obj
                0x000000001000667c                cyw43_ll_wifi_get_mac
 .text.cyw43_ll_bus_init
                0x00000000100066c4      0x364 CMakeFiles/picow_dump_rom.dir/__/cyw43-driver/src/cyw43_ll.c.obj
                0x00000000100066c4                cyw43_ll_bus_init
 .text.cyw43_ll_wifi_pm
                0x0000000010006a28       0xcc CMakeFiles/picow_dump_rom.dir/__/cyw43-driver/src/cyw43_ll.c.obj
                0x0000000010006a28                cyw43_ll_wifi_pm
 .text.cyw43_ll_wifi_set_wpa_auth
                0x0000000010006af4        0xe CMakeFiles/picow_dump_rom.dir/__/cyw43-driver/src/cyw43_ll.c.obj
                0x0000000010006af4                cyw43_ll_wifi_set_wpa_auth
 *fill*         0x0000000010006b02        0x2 
 .text.cyw43_ll_wifi_rejoin
                0x0000000010006b04       0x20 CMakeFiles/picow_dump_rom.dir/__/cyw43-driver/src/cyw43_ll.c.obj
                0x0000000010006b04                cyw43_ll_wifi_rejoin
 .text.cyw43_ll_wifi_ap_init
                0x0000000010006b24      0x198 CMakeFiles/picow_dump_rom.dir/__/cyw43-driver/src/cyw43_ll.c.obj
                0x0000000010006b24                cyw43_ll_wifi_ap_init
 .text.cyw43_ll_wifi_ap_set_up
                0x0000000010006cbc       0x1c CMakeFiles/picow_dump_rom.dir/__/cyw43-driver/src/cyw43_ll.c.obj
                0x0000000010006cbc                cyw43_ll_wifi_ap_set_up
 .text.cyw43_ll_has_work
                0x0000000010006cd8       0x12 CMakeFiles/picow_dump_rom.dir/__/cyw43-driver/src/cyw43_ll.c.obj
                0x0000000010006cd8                cyw43_ll_has_work
 *fill*         0x0000000010006cea        0x2 
 .text.cyw43_poll_func
                0x0000000010006cec       0xb0 CMakeFiles/picow_dump_rom.dir/__/cyw43-driver/src/cyw43_ctrl.c.obj
 .text.cyw43_dump_async_event
                0x0000000010006d9c       0x8c CMakeFiles/picow_dump_rom.dir/__/cyw43-driver/src/cyw43_ctrl.c.obj
 .text.cyw43_ensure_up
                0x0000000010006e28       0xec CMakeFiles/picow_dump_rom.dir/__/cyw43-driver/src/cyw43_ctrl.c.obj
 .text.cyw43_wifi_on
                0x0000000010006f14       0x2c CMakeFiles/picow_dump_rom.dir/__/cyw43-driver/src/cyw43_ctrl.c.obj
 .text.cyw43_wifi_ap_init
                0x0000000010006f40       0x5c CMakeFiles/picow_dump_rom.dir/__/cyw43-driver/src/cyw43_ctrl.c.obj
 .text.cyw43_wifi_ap_set_up
                0x0000000010006f9c       0x28 CMakeFiles/picow_dump_rom.dir/__/cyw43-driver/src/cyw43_ctrl.c.obj
 .text.cyw43_init
                0x0000000010006fc4       0x8c CMakeFiles/picow_dump_rom.dir/__/cyw43-driver/src/cyw43_ctrl.c.obj
                0x0000000010006fc4                cyw43_init
 .text.cyw43_deinit
                0x0000000010007050       0x3c CMakeFiles/picow_dump_rom.dir/__/cyw43-driver/src/cyw43_ctrl.c.obj
                0x0000000010007050                cyw43_deinit
 .text.cyw43_cb_read_host_interrupt_pin
                0x000000001000708c        0xe CMakeFiles/picow_dump_rom.dir/__/cyw43-driver/src/cyw43_ctrl.c.obj
                0x000000001000708c                cyw43_cb_read_host_interrupt_pin
 *fill*         0x000000001000709a        0x2 
 .text.cyw43_cb_ensure_awake
                0x000000001000709c        0xc CMakeFiles/picow_dump_rom.dir/__/cyw43-driver/src/cyw43_ctrl.c.obj
                0x000000001000709c                cyw43_cb_ensure_awake
 .text.cyw43_cb_process_async_event
                0x00000000100070a8      0x1b8 CMakeFiles/picow_dump_rom.dir/__/cyw43-driver/src/cyw43_ctrl.c.obj
                0x00000000100070a8                cyw43_cb_process_async_event
 .text.cyw43_wifi_pm
                0x0000000010007260       0x4a CMakeFiles/picow_dump_rom.dir/__/cyw43-driver/src/cyw43_ctrl.c.obj
                0x0000000010007260                cyw43_wifi_pm
 *fill*         0x00000000100072aa        0x2 
 .text.cyw43_wifi_set_up
                0x00000000100072ac       0x90 CMakeFiles/picow_dump_rom.dir/__/cyw43-driver/src/cyw43_ctrl.c.obj
                0x00000000100072ac                cyw43_wifi_set_up
 .text.cyw43_cb_monitor_mode
                0x000000001000733c       0x20 CMakeFiles/picow_dump_rom.dir/__/cyw43-driver/src/cyw43_ctrl.c.obj
                0x000000001000733c                cyw43_cb_monitor_mode
 .text._pio_can_add_program_at_offset
                0x000000001000735c       0x3c CMakeFiles/picow_dump_rom.dir/__/pico-sdk/src/rp2_common/hardware_pio/pio.c.obj
 .text._pio_find_offset_for_program
                0x0000000010007398       0x7c CMakeFiles/picow_dump_rom.dir/__/pico-sdk/src/rp2_common/hardware_pio/pio.c.obj
 .text._pio_add_program_at_offset
                0x0000000010007414       0x78 CMakeFiles/picow_dump_rom.dir/__/pico-sdk/src/rp2_common/hardware_pio/pio.c.obj
 .text.pio_sm_unclaim
                0x000000001000748c       0x20 CMakeFiles/picow_dump_rom.dir/__/pico-sdk/src/rp2_common/hardware_pio/pio.c.obj
                0x000000001000748c                pio_sm_unclaim
 .text.pio_claim_unused_sm
                0x00000000100074ac       0x3c CMakeFiles/picow_dump_rom.dir/__/pico-sdk/src/rp2_common/hardware_pio/pio.c.obj
                0x00000000100074ac                pio_claim_unused_sm
 .text.pio_can_add_program
                0x00000000100074e8       0x26 CMakeFiles/picow_dump_rom.dir/__/pico-sdk/src/rp2_common/hardware_pio/pio.c.obj
                0x00000000100074e8                pio_can_add_program
 *fill*         0x000000001000750e        0x2 
 .text.pio_add_program
                0x0000000010007510       0x38 CMakeFiles/picow_dump_rom.dir/__/pico-sdk/src/rp2_common/hardware_pio/pio.c.obj
                0x0000000010007510                pio_add_program
 .text.pio_remove_program
                0x0000000010007548       0x58 CMakeFiles/picow_dump_rom.dir/__/pico-sdk/src/rp2_common/hardware_pio/pio.c.obj
                0x0000000010007548                pio_remove_program
 .text.pio_sm_set_pindirs_with_mask
                0x00000000100075a0       0x9c CMakeFiles/picow_dump_rom.dir/__/pico-sdk/src/rp2_common/hardware_pio/pio.c.obj
                0x00000000100075a0                pio_sm_set_pindirs_with_mask
 .text.pio_sm_set_consecutive_pindirs
                0x000000001000763c       0xa4 CMakeFiles/picow_dump_rom.dir/__/pico-sdk/src/rp2_common/hardware_pio/pio.c.obj
                0x000000001000763c                pio_sm_set_consecutive_pindirs
 .text.dma_channel_unclaim
                0x00000000100076e0       0x10 CMakeFiles/picow_dump_rom.dir/__/pico-sdk/src/rp2_common/hardware_dma/dma.c.obj
                0x00000000100076e0                dma_channel_unclaim
 .text.dma_claim_unused_channel
                0x00000000100076f0       0x20 CMakeFiles/picow_dump_rom.dir/__/pico-sdk/src/rp2_common/hardware_dma/dma.c.obj
                0x00000000100076f0                dma_claim_unused_channel
 .text.dma_channel_cleanup
                0x0000000010007710       0x5c CMakeFiles/picow_dump_rom.dir/__/pico-sdk/src/rp2_common/hardware_dma/dma.c.obj
                0x0000000010007710                dma_channel_cleanup
 .text.cyw43_sleep_timeout_reached
                0x000000001000776c       0x50 CMakeFiles/picow_dump_rom.dir/__/pico-sdk/src/rp2_common/pico_cyw43_driver/cyw43_driver.c.obj
 .text.cyw43_set_irq_enabled
                0x00000000100077bc        0xe CMakeFiles/picow_dump_rom.dir/__/pico-sdk/src/rp2_common/pico_cyw43_driver/cyw43_driver.c.obj
 *fill*         0x00000000100077ca        0x2 
 .text.cyw43_irq_init
                0x00000000100077cc       0x50 CMakeFiles/picow_dump_rom.dir/__/pico-sdk/src/rp2_common/pico_cyw43_driver/cyw43_driver.c.obj
                0x00000000100077cc                cyw43_irq_init
 .text.cyw43_gpio_irq_handler
                0x000000001000781c       0x40 CMakeFiles/picow_dump_rom.dir/__/pico-sdk/src/rp2_common/pico_cyw43_driver/cyw43_driver.c.obj
 .text.cyw43_irq_deinit
                0x000000001000785c       0x48 CMakeFiles/picow_dump_rom.dir/__/pico-sdk/src/rp2_common/pico_cyw43_driver/cyw43_driver.c.obj
                0x000000001000785c                cyw43_irq_deinit
 .text.no_lwip_fail
                0x00000000100078a4        0xc CMakeFiles/picow_dump_rom.dir/__/pico-sdk/src/rp2_common/pico_cyw43_driver/cyw43_driver.c.obj
 .text.cyw43_do_poll
                0x00000000100078b0       0xc8 CMakeFiles/picow_dump_rom.dir/__/pico-sdk/src/rp2_common/pico_cyw43_driver/cyw43_driver.c.obj
 .text.cyw43_post_poll_hook
                0x0000000010007978       0x38 CMakeFiles/picow_dump_rom.dir/__/pico-sdk/src/rp2_common/pico_cyw43_driver/cyw43_driver.c.obj
                0x0000000010007978                cyw43_post_poll_hook
 .text.cyw43_schedule_internal_poll_dispatch
                0x00000000100079b0       0x3c CMakeFiles/picow_dump_rom.dir/__/pico-sdk/src/rp2_common/pico_cyw43_driver/cyw43_driver.c.obj
                0x00000000100079b0                cyw43_schedule_internal_poll_dispatch
 .text.cyw43_driver_init
                0x00000000100079ec       0x38 CMakeFiles/picow_dump_rom.dir/__/pico-sdk/src/rp2_common/pico_cyw43_driver/cyw43_driver.c.obj
                0x00000000100079ec                cyw43_driver_init
 .text.cyw43_driver_deinit
                0x0000000010007a24       0x64 CMakeFiles/picow_dump_rom.dir/__/pico-sdk/src/rp2_common/pico_cyw43_driver/cyw43_driver.c.obj
                0x0000000010007a24                cyw43_driver_deinit
 .text.storage_read_blocks
                0x0000000010007a88        0x6 CMakeFiles/picow_dump_rom.dir/__/pico-sdk/src/rp2_common/pico_cyw43_driver/cyw43_driver.c.obj
                0x0000000010007a88                storage_read_blocks
 *fill*         0x0000000010007a8e        0x2 
 .text.cyw43_hal_generate_laa_mac
                0x0000000010007a90       0x34 CMakeFiles/picow_dump_rom.dir/__/pico-sdk/src/rp2_common/pico_cyw43_driver/cyw43_driver.c.obj
                0x0000000010007a90                cyw43_hal_generate_laa_mac
 .text.cyw43_thread_enter
                0x0000000010007ac4       0x14 CMakeFiles/picow_dump_rom.dir/__/pico-sdk/src/rp2_common/pico_cyw43_driver/cyw43_driver.c.obj
                0x0000000010007ac4                cyw43_thread_enter
 .text.cyw43_thread_exit
                0x0000000010007ad8       0x14 CMakeFiles/picow_dump_rom.dir/__/pico-sdk/src/rp2_common/pico_cyw43_driver/cyw43_driver.c.obj
                0x0000000010007ad8                cyw43_thread_exit
 .text.cyw43_thread_lock_check
                0x0000000010007aec       0x14 CMakeFiles/picow_dump_rom.dir/__/pico-sdk/src/rp2_common/pico_cyw43_driver/cyw43_driver.c.obj
                0x0000000010007aec                cyw43_thread_lock_check
 .text.cyw43_await_background_or_timeout_us
                0x0000000010007b00       0x60 CMakeFiles/picow_dump_rom.dir/__/pico-sdk/src/rp2_common/pico_cyw43_driver/cyw43_driver.c.obj
                0x0000000010007b00                cyw43_await_background_or_timeout_us
 .text.cyw43_delay_ms
                0x0000000010007b60       0x70 CMakeFiles/picow_dump_rom.dir/__/pico-sdk/src/rp2_common/pico_cyw43_driver/cyw43_driver.c.obj
                0x0000000010007b60                cyw43_delay_ms
 .text.cyw43_delay_us
                0x0000000010007bd0       0x60 CMakeFiles/picow_dump_rom.dir/__/pico-sdk/src/rp2_common/pico_cyw43_driver/cyw43_driver.c.obj
                0x0000000010007bd0                cyw43_delay_us
 .text.cyw43_cb_tcpip_init
                0x0000000010007c30        0x2 CMakeFiles/picow_dump_rom.dir/__/pico-sdk/src/rp2_common/pico_cyw43_driver/cyw43_driver.c.obj
                0x0000000010007c30                cyw43_cb_tcpip_init
 .text.cyw43_cb_tcpip_deinit
                0x0000000010007c32        0x2 CMakeFiles/picow_dump_rom.dir/__/pico-sdk/src/rp2_common/pico_cyw43_driver/cyw43_driver.c.obj
                0x0000000010007c32                cyw43_cb_tcpip_deinit
 .text.cyw43_cb_tcpip_set_link_up
                0x0000000010007c34        0x6 CMakeFiles/picow_dump_rom.dir/__/pico-sdk/src/rp2_common/pico_cyw43_driver/cyw43_driver.c.obj
                0x0000000010007c34                cyw43_cb_tcpip_set_link_up
 .text.cyw43_cb_tcpip_set_link_down
                0x0000000010007c3a        0x6 CMakeFiles/picow_dump_rom.dir/__/pico-sdk/src/rp2_common/pico_cyw43_driver/cyw43_driver.c.obj
                0x0000000010007c3a                cyw43_cb_tcpip_set_link_down
 .text.cyw43_cb_process_ethernet
                0x0000000010007c40        0x6 CMakeFiles/picow_dump_rom.dir/__/pico-sdk/src/rp2_common/pico_cyw43_driver/cyw43_driver.c.obj
                0x0000000010007c40                cyw43_cb_process_ethernet
 .text.async_context_threadsafe_background_acquire_lock_blocking
                0x0000000010007c46        0xa CMakeFiles/picow_dump_rom.dir/__/pico-sdk/src/rp2_common/pico_async_context/async_context_threadsafe_background.c.obj
 .text.async_context_threadsafe_background_wake_up
                0x0000000010007c50       0x16 CMakeFiles/picow_dump_rom.dir/__/pico-sdk/src/rp2_common/pico_async_context/async_context_threadsafe_background.c.obj
 .text.alarm_handler
                0x0000000010007c66       0x14 CMakeFiles/picow_dump_rom.dir/__/pico-sdk/src/rp2_common/pico_async_context/async_context_threadsafe_background.c.obj
 .text.async_context_threadsafe_background_set_work_pending
                0x0000000010007c7a        0xc CMakeFiles/picow_dump_rom.dir/__/pico-sdk/src/rp2_common/pico_async_context/async_context_threadsafe_background.c.obj
 *fill*         0x0000000010007c86        0x2 
 .text.async_context_threadsafe_background_lock_check
                0x0000000010007c88       0x2c CMakeFiles/picow_dump_rom.dir/__/pico-sdk/src/rp2_common/pico_async_context/async_context_threadsafe_background.c.obj
 .text.process_under_lock
                0x0000000010007cb4       0xfc CMakeFiles/picow_dump_rom.dir/__/pico-sdk/src/rp2_common/pico_async_context/async_context_threadsafe_background.c.obj
 .text.lock_release
                0x0000000010007db0       0x1e CMakeFiles/picow_dump_rom.dir/__/pico-sdk/src/rp2_common/pico_async_context/async_context_threadsafe_background.c.obj
 .text.async_context_threadsafe_background_execute_sync
                0x0000000010007dce       0x1e CMakeFiles/picow_dump_rom.dir/__/pico-sdk/src/rp2_common/pico_async_context/async_context_threadsafe_background.c.obj
                0x0000000010007dce                async_context_threadsafe_background_execute_sync
 .text.async_context_threadsafe_background_release_lock
                0x0000000010007dec        0x8 CMakeFiles/picow_dump_rom.dir/__/pico-sdk/src/rp2_common/pico_async_context/async_context_threadsafe_background.c.obj
 .text.low_prio_irq_deinit
                0x0000000010007df4       0x50 CMakeFiles/picow_dump_rom.dir/__/pico-sdk/src/rp2_common/pico_async_context/async_context_threadsafe_background.c.obj
 .text.async_context_threadsafe_background_deinit
                0x0000000010007e44       0x58 CMakeFiles/picow_dump_rom.dir/__/pico-sdk/src/rp2_common/pico_async_context/async_context_threadsafe_background.c.obj
 .text.low_priority_irq_handler
                0x0000000010007e9c       0x78 CMakeFiles/picow_dump_rom.dir/__/pico-sdk/src/rp2_common/pico_async_context/async_context_threadsafe_background.c.obj
 .text.async_context_threadsafe_background_wait_for_work_until
                0x0000000010007f14        0xa CMakeFiles/picow_dump_rom.dir/__/pico-sdk/src/rp2_common/pico_async_context/async_context_threadsafe_background.c.obj
 .text.async_context_threadsafe_background_wait_until
                0x0000000010007f1e       0x1a CMakeFiles/picow_dump_rom.dir/__/pico-sdk/src/rp2_common/pico_async_context/async_context_threadsafe_background.c.obj
 .text.async_context_threadsafe_background_when_pending_worker
                0x0000000010007f38       0x20 CMakeFiles/picow_dump_rom.dir/__/pico-sdk/src/rp2_common/pico_async_context/async_context_threadsafe_background.c.obj
 .text.async_context_threadsafe_background_add_when_pending_worker
                0x0000000010007f58       0x20 CMakeFiles/picow_dump_rom.dir/__/pico-sdk/src/rp2_common/pico_async_context/async_context_threadsafe_background.c.obj
 .text.async_context_threadsafe_background_remove_at_time_worker
                0x0000000010007f78       0x20 CMakeFiles/picow_dump_rom.dir/__/pico-sdk/src/rp2_common/pico_async_context/async_context_threadsafe_background.c.obj
 .text.async_context_threadsafe_background_add_at_time_worker
                0x0000000010007f98       0x20 CMakeFiles/picow_dump_rom.dir/__/pico-sdk/src/rp2_common/pico_async_context/async_context_threadsafe_background.c.obj
 .text.low_prio_irq_init
                0x0000000010007fb8       0x80 CMakeFiles/picow_dump_rom.dir/__/pico-sdk/src/rp2_common/pico_async_context/async_context_threadsafe_background.c.obj
 .text.async_context_threadsafe_background_default_config
                0x0000000010008038        0xa CMakeFiles/picow_dump_rom.dir/__/pico-sdk/src/rp2_common/pico_async_context/async_context_threadsafe_background.c.obj
                0x0000000010008038                async_context_threadsafe_background_default_config
 *fill*         0x0000000010008042        0x2 
 .text.async_context_threadsafe_background_init
                0x0000000010008044       0x74 CMakeFiles/picow_dump_rom.dir/__/pico-sdk/src/rp2_common/pico_async_context/async_context_threadsafe_background.c.obj
                0x0000000010008044                async_context_threadsafe_background_init
 .text.async_context_base_add_at_time_worker
                0x00000000100080b8       0x1c CMakeFiles/picow_dump_rom.dir/__/pico-sdk/src/rp2_common/pico_async_context/async_context_base.c.obj
                0x00000000100080b8                async_context_base_add_at_time_worker
 .text.async_context_base_remove_at_time_worker
                0x00000000100080d4       0x1c CMakeFiles/picow_dump_rom.dir/__/pico-sdk/src/rp2_common/pico_async_context/async_context_base.c.obj
                0x00000000100080d4                async_context_base_remove_at_time_worker
 .text.async_context_base_add_when_pending_worker
                0x00000000100080f0       0x1c CMakeFiles/picow_dump_rom.dir/__/pico-sdk/src/rp2_common/pico_async_context/async_context_base.c.obj
                0x00000000100080f0                async_context_base_add_when_pending_worker
 .text.async_context_base_remove_when_pending_worker
                0x000000001000810c       0x1c CMakeFiles/picow_dump_rom.dir/__/pico-sdk/src/rp2_common/pico_async_context/async_context_base.c.obj
                0x000000001000810c                async_context_base_remove_when_pending_worker
 .text.async_context_base_remove_ready_at_time_worker
                0x0000000010008128       0x94 CMakeFiles/picow_dump_rom.dir/__/pico-sdk/src/rp2_common/pico_async_context/async_context_base.c.obj
                0x0000000010008128                async_context_base_remove_ready_at_time_worker
 .text.async_context_base_refresh_next_timeout
                0x00000000100081bc       0x4c CMakeFiles/picow_dump_rom.dir/__/pico-sdk/src/rp2_common/pico_async_context/async_context_base.c.obj
                0x00000000100081bc                async_context_base_refresh_next_timeout
 .text.async_context_base_execute_once
                0x0000000010008208       0x48 CMakeFiles/picow_dump_rom.dir/__/pico-sdk/src/rp2_common/pico_async_context/async_context_base.c.obj
                0x0000000010008208                async_context_base_execute_once
 .text          0x0000000010008250       0x48 /usr/lib/gcc/arm-none-eabi/10.3.1/../../../arm-none-eabi/lib/thumb/v6-m/nofp/libg.a(lib_a-memcmp.o)
                0x0000000010008250                memcmp
 .text          0x0000000010008298       0xac /usr/lib/gcc/arm-none-eabi/10.3.1/../../../arm-none-eabi/lib/thumb/v6-m/nofp/libg.a(lib_a-memmove.o)
                0x0000000010008298                memmove
 .text          0x0000000010008344       0x5c /usr/lib/gcc/arm-none-eabi/10.3.1/../../../arm-none-eabi/lib/thumb/v6-m/nofp/libg.a(lib_a-strlen-stub.o)
                0x0000000010008344                strlen
 .text          0x00000000100083a0       0x74 /usr/lib/gcc/arm-none-eabi/10.3.1/../../../arm-none-eabi/lib/thumb/v6-m/nofp/libg.a(lib_a-strncmp.o)
                0x00000000100083a0                strncmp
 *(.fini)
 .fini          0x0000000010008414        0x4 /usr/lib/gcc/arm-none-eabi/10.3.1/thumb/v6-m/nofp/crti.o
                0x0000000010008414                _fini
 .fini.__stub   0x0000000010008418       0xa0 linker stubs
 *crtbegin.o(.ctors)
 *crtbegin?.o(.ctors)
 *(EXCLUDE_FILE(*crtend.o *crtend?.o) .ctors)
 *(SORT_BY_NAME(.ctors.*))
 *(.ctors)
 *crtbegin.o(.dtors)
 *crtbegin?.o(.dtors)
 *(EXCLUDE_FILE(*crtend.o *crtend?.o) .dtors)
 *(SORT_BY_NAME(.dtors.*))
 *(.dtors)
 *(.eh_frame*)
 .eh_frame      0x00000000100084b8        0x0 /usr/lib/gcc/arm-none-eabi/10.3.1/thumb/v6-m/nofp/crtbegin.o
                0x00000000100084b8                . = ALIGN (0x4)

.glue_7         0x00000000100084b8        0x0
 .glue_7        0x00000000100084b8        0x0 linker stubs

.glue_7t        0x00000000100084b8        0x0
 .glue_7t       0x00000000100084b8        0x0 linker stubs

.vfp11_veneer   0x00000000100084b8        0x0
 .vfp11_veneer  0x00000000100084b8        0x0 linker stubs

.v4_bx          0x00000000100084b8        0x0
 .v4_bx         0x00000000100084b8        0x0 linker stubs

.iplt           0x00000000100084b8        0x0
 .iplt          0x00000000100084b8        0x0 /usr/lib/gcc/arm-none-eabi/10.3.1/thumb/v6-m/nofp/crtbegin.o

.rodata         0x00000000100084b8    0x39940
 *(EXCLUDE_FILE(*libm.a: *libc.a:*lib_a-mem*.o *libgcc.a:) .rodata*)
 .rodata.printf_xxd.str1.4
                0x00000000100084b8        0x5 CMakeFiles/picow_dump_rom.dir/picow_dump_rom.c.obj
 *fill*         0x00000000100084bd        0x3 
 .rodata.main.str1.4
                0x00000000100084c0       0x12 CMakeFiles/picow_dump_rom.dir/picow_dump_rom.c.obj
 *fill*         0x00000000100084d2        0x2 
 .rodata.gpio_add_raw_irq_handler_with_order_priority_masked.str1.4
                0x00000000100084d4       0x72 CMakeFiles/picow_dump_rom.dir/__/pico-sdk/src/rp2_common/hardware_gpio/gpio.c.obj
 *fill*         0x0000000010008546        0x2 
 .rodata.gpio_remove_raw_irq_handler_masked.str1.4
                0x0000000010008548       0x29 CMakeFiles/picow_dump_rom.dir/__/pico-sdk/src/rp2_common/hardware_gpio/gpio.c.obj
 *fill*         0x0000000010008571        0x3 
 .rodata.__func__.0
                0x0000000010008574       0x23 CMakeFiles/picow_dump_rom.dir/__/pico-sdk/src/rp2_common/hardware_gpio/gpio.c.obj
 *fill*         0x0000000010008597        0x1 
 .rodata.__func__.1
                0x0000000010008598       0x34 CMakeFiles/picow_dump_rom.dir/__/pico-sdk/src/rp2_common/hardware_gpio/gpio.c.obj
 .rodata.hw_claim_clear.str1.4
                0x00000000100085cc       0x68 CMakeFiles/picow_dump_rom.dir/__/pico-sdk/src/rp2_common/hardware_claim/claim.c.obj
 .rodata.__func__.0
                0x0000000010008634        0xf CMakeFiles/picow_dump_rom.dir/__/pico-sdk/src/rp2_common/hardware_claim/claim.c.obj
 *fill*         0x0000000010008643        0x1 
 .rodata.make_branch.str1.4
                0x0000000010008644       0x74 CMakeFiles/picow_dump_rom.dir/__/pico-sdk/src/rp2_common/hardware_irq/irq.c.obj
 .rodata.insert_branch_and_link.str1.4
                0x00000000100086b8       0x10 CMakeFiles/picow_dump_rom.dir/__/pico-sdk/src/rp2_common/hardware_irq/irq.c.obj
 .rodata.irq_set_exclusive_handler.str1.4
                0x00000000100086c8       0x36 CMakeFiles/picow_dump_rom.dir/__/pico-sdk/src/rp2_common/hardware_irq/irq.c.obj
 *fill*         0x00000000100086fe        0x2 
 .rodata.irq_add_shared_handler.str1.4
                0x0000000010008700       0xd9 CMakeFiles/picow_dump_rom.dir/__/pico-sdk/src/rp2_common/hardware_irq/irq.c.obj
 *fill*         0x00000000100087d9        0x3 
 .rodata.irq_remove_handler.str1.4
                0x00000000100087dc       0x3a CMakeFiles/picow_dump_rom.dir/__/pico-sdk/src/rp2_common/hardware_irq/irq.c.obj
 *fill*         0x0000000010008816        0x2 
 .rodata.irq_add_tail_to_free_list.str1.4
                0x0000000010008818       0x3a CMakeFiles/picow_dump_rom.dir/__/pico-sdk/src/rp2_common/hardware_irq/irq.c.obj
 *fill*         0x0000000010008852        0x2 
 .rodata.user_irq_claim_unused.str1.4
                0x0000000010008854       0x1b CMakeFiles/picow_dump_rom.dir/__/pico-sdk/src/rp2_common/hardware_irq/irq.c.obj
 *fill*         0x000000001000886f        0x1 
 .rodata.__func__.0
                0x0000000010008870       0x1a CMakeFiles/picow_dump_rom.dir/__/pico-sdk/src/rp2_common/hardware_irq/irq.c.obj
 *fill*         0x000000001000888a        0x2 
 .rodata.__func__.1
                0x000000001000888c       0x17 CMakeFiles/picow_dump_rom.dir/__/pico-sdk/src/rp2_common/hardware_irq/irq.c.obj
 *fill*         0x00000000100088a3        0x1 
 .rodata.__func__.2
                0x00000000100088a4       0x13 CMakeFiles/picow_dump_rom.dir/__/pico-sdk/src/rp2_common/hardware_irq/irq.c.obj
 *fill*         0x00000000100088b7        0x1 
 .rodata.__func__.3
                0x00000000100088b8        0xc CMakeFiles/picow_dump_rom.dir/__/pico-sdk/src/rp2_common/hardware_irq/irq.c.obj
 .rodata.__func__.4
                0x00000000100088c4        0xf CMakeFiles/picow_dump_rom.dir/__/pico-sdk/src/rp2_common/hardware_irq/irq.c.obj
 *fill*         0x00000000100088d3        0x1 
 .rodata.__func__.5
                0x00000000100088d4       0x17 CMakeFiles/picow_dump_rom.dir/__/pico-sdk/src/rp2_common/hardware_irq/irq.c.obj
 *fill*         0x00000000100088eb        0x1 
 .rodata.__func__.6
                0x00000000100088ec       0x1a CMakeFiles/picow_dump_rom.dir/__/pico-sdk/src/rp2_common/hardware_irq/irq.c.obj
 *fill*         0x0000000010008906        0x2 
 .rodata.str1.4
                0x0000000010008908       0xf9 CMakeFiles/picow_dump_rom.dir/__/pico-sdk/src/common/pico_sync/mutex.c.obj
 *fill*         0x0000000010008a01        0x3 
 .rodata.__func__.0
                0x0000000010008a04       0x15 CMakeFiles/picow_dump_rom.dir/__/pico-sdk/src/common/pico_sync/mutex.c.obj
 *fill*         0x0000000010008a19        0x3 
 .rodata.__func__.1
                0x0000000010008a1c        0xb CMakeFiles/picow_dump_rom.dir/__/pico-sdk/src/common/pico_sync/mutex.c.obj
 *fill*         0x0000000010008a27        0x1 
 .rodata.__func__.3
                0x0000000010008a28       0x18 CMakeFiles/picow_dump_rom.dir/__/pico-sdk/src/common/pico_sync/mutex.c.obj
 .rodata.__func__.5
                0x0000000010008a40       0x1a CMakeFiles/picow_dump_rom.dir/__/pico-sdk/src/common/pico_sync/mutex.c.obj
 *fill*         0x0000000010008a5a        0x2 
 .rodata.__func__.6
                0x0000000010008a5c       0x1f CMakeFiles/picow_dump_rom.dir/__/pico-sdk/src/common/pico_sync/mutex.c.obj
 *fill*         0x0000000010008a7b        0x1 
 .rodata.repeating_timer_callback.str1.4
                0x0000000010008a7c       0x52 CMakeFiles/picow_dump_rom.dir/__/pico-sdk/src/common/pico_time/time.c.obj
 *fill*         0x0000000010008ace        0x2 
 .rodata.timer_pool_entry_comparator.str1.4
                0x0000000010008ad0       0x22 CMakeFiles/picow_dump_rom.dir/__/pico-sdk/src/common/pico_time/time.c.obj
 *fill*         0x0000000010008af2        0x2 
 .rodata.ph_add_child_node.str1.4
                0x0000000010008af4       0x9e CMakeFiles/picow_dump_rom.dir/__/pico-sdk/src/common/pico_time/time.c.obj
 *fill*         0x0000000010008b92        0x2 
 .rodata.add_alarm_under_lock.str1.4
                0x0000000010008b94       0x28 CMakeFiles/picow_dump_rom.dir/__/pico-sdk/src/common/pico_time/time.c.obj
                                         0x2b (size before relaxing)
 .rodata.alarm_pool_alarm_callback.str1.4
                0x0000000010008bbc       0x98 CMakeFiles/picow_dump_rom.dir/__/pico-sdk/src/common/pico_time/time.c.obj
                                        0x100 (size before relaxing)
 .rodata.alarm_pool_get_default.str1.4
                0x0000000010008c54       0x21 CMakeFiles/picow_dump_rom.dir/__/pico-sdk/src/common/pico_time/time.c.obj
 *fill*         0x0000000010008c75        0x3 
 .rodata.alarm_pool_cancel_alarm.str1.4
                0x0000000010008c78       0x27 CMakeFiles/picow_dump_rom.dir/__/pico-sdk/src/common/pico_time/time.c.obj
 *fill*         0x0000000010008c9f        0x1 
 .rodata.sleep_until.str1.4
                0x0000000010008ca0       0x4d CMakeFiles/picow_dump_rom.dir/__/pico-sdk/src/common/pico_time/time.c.obj
 *fill*         0x0000000010008ced        0x3 
 .rodata.__func__.1
                0x0000000010008cf0       0x18 CMakeFiles/picow_dump_rom.dir/__/pico-sdk/src/common/pico_time/time.c.obj
 .rodata.__func__.10
                0x0000000010008d08       0x15 CMakeFiles/picow_dump_rom.dir/__/pico-sdk/src/common/pico_time/time.c.obj
 *fill*         0x0000000010008d1d        0x3 
 .rodata.__func__.11
                0x0000000010008d20       0x1a CMakeFiles/picow_dump_rom.dir/__/pico-sdk/src/common/pico_time/time.c.obj
 *fill*         0x0000000010008d3a        0x2 
 .rodata.__func__.12
                0x0000000010008d3c        0xa CMakeFiles/picow_dump_rom.dir/__/pico-sdk/src/common/pico_time/time.c.obj
 *fill*         0x0000000010008d46        0x2 
 .rodata.__func__.3
                0x0000000010008d48       0x17 CMakeFiles/picow_dump_rom.dir/__/pico-sdk/src/common/pico_time/time.c.obj
 *fill*         0x0000000010008d5f        0x1 
 .rodata.__func__.4
                0x0000000010008d60       0x12 CMakeFiles/picow_dump_rom.dir/__/pico-sdk/src/common/pico_time/time.c.obj
 *fill*         0x0000000010008d72        0x2 
 .rodata.__func__.5
                0x0000000010008d74        0xd CMakeFiles/picow_dump_rom.dir/__/pico-sdk/src/common/pico_time/time.c.obj
 *fill*         0x0000000010008d81        0x3 
 .rodata.__func__.6
                0x0000000010008d84       0x12 CMakeFiles/picow_dump_rom.dir/__/pico-sdk/src/common/pico_time/time.c.obj
 *fill*         0x0000000010008d96        0x2 
 .rodata.__func__.7
                0x0000000010008d98        0xf CMakeFiles/picow_dump_rom.dir/__/pico-sdk/src/common/pico_time/time.c.obj
 *fill*         0x0000000010008da7        0x1 
 .rodata.__func__.8
                0x0000000010008da8        0xc CMakeFiles/picow_dump_rom.dir/__/pico-sdk/src/common/pico_time/time.c.obj
 .rodata.__func__.9
                0x0000000010008db4       0x15 CMakeFiles/picow_dump_rom.dir/__/pico-sdk/src/common/pico_time/time.c.obj
 *fill*         0x0000000010008dc9        0x7 
 .rodata.at_the_end_of_time
                0x0000000010008dd0        0x8 CMakeFiles/picow_dump_rom.dir/__/pico-sdk/src/common/pico_time/time.c.obj
                0x0000000010008dd0                at_the_end_of_time
 .rodata.hardware_alarm_claim.str1.4
                0x0000000010008dd8       0x22 CMakeFiles/picow_dump_rom.dir/__/pico-sdk/src/rp2_common/hardware_timer/timer.c.obj
 .rodata.busy_wait_us.str1.4
                0x0000000010008dfa       0x68 CMakeFiles/picow_dump_rom.dir/__/pico-sdk/src/rp2_common/hardware_timer/timer.c.obj
 *fill*         0x0000000010008dfa        0x2 
 .rodata.hardware_alarm_set_target.str1.4
                0x0000000010008dfc       0x6c CMakeFiles/picow_dump_rom.dir/__/pico-sdk/src/rp2_common/hardware_timer/timer.c.obj
 .rodata.__func__.0
                0x0000000010008e68       0x1a CMakeFiles/picow_dump_rom.dir/__/pico-sdk/src/rp2_common/hardware_timer/timer.c.obj
 *fill*         0x0000000010008e82        0x2 
 .rodata.__func__.1
                0x0000000010008e84       0x15 CMakeFiles/picow_dump_rom.dir/__/pico-sdk/src/rp2_common/hardware_timer/timer.c.obj
 .rodata.ph_add_child_node.str1.4
                0x0000000010008e99       0x9e CMakeFiles/picow_dump_rom.dir/__/pico-sdk/src/common/pico_util/pheap.c.obj
 *fill*         0x0000000010008e99        0x3 
 .rodata.ph_remove_any_head.str1.4
                0x0000000010008e9c       0x94 CMakeFiles/picow_dump_rom.dir/__/pico-sdk/src/common/pico_util/pheap.c.obj
                                         0xa8 (size before relaxing)
 .rodata.ph_remove_and_free_node.str1.4
                0x0000000010008f30       0x1e CMakeFiles/picow_dump_rom.dir/__/pico-sdk/src/common/pico_util/pheap.c.obj
                                         0x26 (size before relaxing)
 *fill*         0x0000000010008f4e        0x2 
 .rodata.__func__.0
                0x0000000010008f50       0x18 CMakeFiles/picow_dump_rom.dir/__/pico-sdk/src/common/pico_util/pheap.c.obj
 .rodata.__func__.1
                0x0000000010008f68       0x13 CMakeFiles/picow_dump_rom.dir/__/pico-sdk/src/common/pico_util/pheap.c.obj
 *fill*         0x0000000010008f7b        0x1 
 .rodata.__func__.2
                0x0000000010008f7c       0x12 CMakeFiles/picow_dump_rom.dir/__/pico-sdk/src/common/pico_util/pheap.c.obj
 *fill*         0x0000000010008f8e        0x2 
 .rodata.__func__.3
                0x0000000010008f90        0xc CMakeFiles/picow_dump_rom.dir/__/pico-sdk/src/common/pico_util/pheap.c.obj
 .rodata.clock_configure.str1.4
                0x0000000010008f9c       0x5e CMakeFiles/picow_dump_rom.dir/__/pico-sdk/src/rp2_common/hardware_clocks/clocks.c.obj
 *fill*         0x0000000010008ffa        0x2 
 .rodata.__func__.1
                0x0000000010008ffc       0x10 CMakeFiles/picow_dump_rom.dir/__/pico-sdk/src/rp2_common/hardware_clocks/clocks.c.obj
 .rodata.pll_init.str1.4
                0x000000001000900c      0x128 CMakeFiles/picow_dump_rom.dir/__/pico-sdk/src/rp2_common/hardware_pll/pll.c.obj
 .rodata.__func__.0
                0x0000000010009134        0x9 CMakeFiles/picow_dump_rom.dir/__/pico-sdk/src/rp2_common/hardware_pll/pll.c.obj
 *fill*         0x000000001000913d        0x3 
 .rodata.__assert_func.str1.4
                0x0000000010009140       0x3f CMakeFiles/picow_dump_rom.dir/__/pico-sdk/src/rp2_common/pico_runtime/runtime.c.obj
                                         0x43 (size before relaxing)
 *fill*         0x000000001000917f        0x1 
 .rodata.runtime_init.str1.4
                0x0000000010009180       0x68 CMakeFiles/picow_dump_rom.dir/__/pico-sdk/src/rp2_common/pico_runtime/runtime.c.obj
 .rodata.panic.str1.4
                0x00000000100091e8       0x10 CMakeFiles/picow_dump_rom.dir/__/pico-sdk/src/rp2_common/pico_runtime/runtime.c.obj
                                         0x12 (size before relaxing)
 .rodata.panic_unsupported.str1.4
                0x00000000100091f8        0xe CMakeFiles/picow_dump_rom.dir/__/pico-sdk/src/rp2_common/pico_runtime/runtime.c.obj
 *fill*         0x0000000010009206        0x2 
 .rodata.__func__.2
                0x0000000010009208        0xd CMakeFiles/picow_dump_rom.dir/__/pico-sdk/src/rp2_common/pico_runtime/runtime.c.obj
 *fill*         0x0000000010009215        0x3 
 .rodata._ftoa.str1.4
                0x0000000010009218       0x15 CMakeFiles/picow_dump_rom.dir/__/pico-sdk/src/rp2_common/pico_printf/printf.c.obj
 *fill*         0x000000001000922d        0x3 
 .rodata._vsnprintf
                0x0000000010009230      0x1e0 CMakeFiles/picow_dump_rom.dir/__/pico-sdk/src/rp2_common/pico_printf/printf.c.obj
 .rodata.pow10.0
                0x0000000010009410       0x50 CMakeFiles/picow_dump_rom.dir/__/pico-sdk/src/rp2_common/pico_printf/printf.c.obj
 .rodata.missing_double_func_shim.str1.4
                0x0000000010009460       0x18 CMakeFiles/picow_dump_rom.dir/__/pico-sdk/src/rp2_common/pico_double/double_init_rom.c.obj
 .rodata.__aeabi_double_init.str1.4
                0x0000000010009478       0xa3 CMakeFiles/picow_dump_rom.dir/__/pico-sdk/src/rp2_common/pico_double/double_init_rom.c.obj
 *fill*         0x000000001000951b        0x1 
 .rodata.__func__.0
                0x000000001000951c       0x14 CMakeFiles/picow_dump_rom.dir/__/pico-sdk/src/rp2_common/pico_double/double_init_rom.c.obj
 .rodata.missing_float_func_shim.str1.4
                0x0000000010009530        0x1 CMakeFiles/picow_dump_rom.dir/__/pico-sdk/src/rp2_common/pico_float/float_init_rom.c.obj
 .rodata.__aeabi_float_init.str1.4
                0x0000000010009530       0x81 CMakeFiles/picow_dump_rom.dir/__/pico-sdk/src/rp2_common/pico_float/float_init_rom.c.obj
 *fill*         0x00000000100095b1        0x3 
 .rodata.__func__.0
                0x00000000100095b4       0x13 CMakeFiles/picow_dump_rom.dir/__/pico-sdk/src/rp2_common/pico_float/float_init_rom.c.obj
 *fill*         0x00000000100095c7        0x1 
 .rodata.str1.4
                0x00000000100095c8       0x34 CMakeFiles/picow_dump_rom.dir/__/pico-sdk/src/rp2_common/pico_standard_link/binary_info.c.obj
 .rodata.__bi_44
                0x00000000100095fc        0xc CMakeFiles/picow_dump_rom.dir/__/pico-sdk/src/rp2_common/pico_standard_link/binary_info.c.obj
 .rodata.__bi_75
                0x0000000010009608        0xc CMakeFiles/picow_dump_rom.dir/__/pico-sdk/src/rp2_common/pico_standard_link/binary_info.c.obj
 .rodata.__bi_81
                0x0000000010009614        0xc CMakeFiles/picow_dump_rom.dir/__/pico-sdk/src/rp2_common/pico_standard_link/binary_info.c.obj
 .rodata.stdout_serialize_begin.str1.4
                0x0000000010009620       0x68 CMakeFiles/picow_dump_rom.dir/__/pico-sdk/src/rp2_common/pico_stdio/stdio.c.obj
 .rodata.__func__.3
                0x0000000010009620       0x15 CMakeFiles/picow_dump_rom.dir/__/pico-sdk/src/rp2_common/pico_stdio/stdio.c.obj
 *fill*         0x0000000010009635        0x3 
 .rodata.crlf_str.2
                0x0000000010009638        0x2 CMakeFiles/picow_dump_rom.dir/__/pico-sdk/src/rp2_common/pico_stdio/stdio.c.obj
 *fill*         0x000000001000963a        0x2 
 .rodata.str1.4
                0x000000001000963c       0x2c CMakeFiles/picow_dump_rom.dir/__/pico-sdk/src/rp2_common/pico_stdio_uart/stdio_uart.c.obj
 .rodata.__bi_33.4
                0x0000000010009668        0xc CMakeFiles/picow_dump_rom.dir/__/pico-sdk/src/rp2_common/pico_stdio_uart/stdio_uart.c.obj
 .rodata.__bi_34.5
                0x0000000010009674        0x8 CMakeFiles/picow_dump_rom.dir/__/pico-sdk/src/rp2_common/pico_stdio_uart/stdio_uart.c.obj
 .rodata.cyw43_arch_disable_sta_mode.str1.4
                0x000000001000967c       0x72 CMakeFiles/picow_dump_rom.dir/__/pico-sdk/src/rp2_common/pico_cyw43_arch/cyw43_arch.c.obj
 *fill*         0x00000000100096ee        0x2 
 .rodata.__func__.5
                0x00000000100096f0       0x1b CMakeFiles/picow_dump_rom.dir/__/pico-sdk/src/rp2_common/pico_cyw43_arch/cyw43_arch.c.obj
 *fill*         0x000000001000970b        0x1 
 .rodata.str1.4
                0x000000001000970c      0x15e CMakeFiles/picow_dump_rom.dir/__/pico-sdk/src/rp2_common/hardware_flash/flash.c.obj
 *fill*         0x000000001000986a        0x2 
 .rodata.__func__.0
                0x000000001000986c        0xd CMakeFiles/picow_dump_rom.dir/__/pico-sdk/src/rp2_common/hardware_flash/flash.c.obj
 *fill*         0x0000000010009879        0x3 
 .rodata.cyw43_spi_init.str1.4
                0x000000001000987c       0x67 CMakeFiles/picow_dump_rom.dir/__/pico-sdk/src/rp2_common/pico_cyw43_driver/cyw43_bus_pio_spi.c.obj
 *fill*         0x00000000100098e3        0x1 
 .rodata.cyw43_spi_transfer.str1.4
                0x00000000100098e4      0x107 CMakeFiles/picow_dump_rom.dir/__/pico-sdk/src/rp2_common/pico_cyw43_driver/cyw43_bus_pio_spi.c.obj
 *fill*         0x00000000100099eb        0x1 
 .rodata.read_reg_u32_swap.str1.4
                0x00000000100099ec       0x19 CMakeFiles/picow_dump_rom.dir/__/pico-sdk/src/rp2_common/pico_cyw43_driver/cyw43_bus_pio_spi.c.obj
 *fill*         0x0000000010009a05        0x3 
 .rodata.cyw43_read_bytes.str1.4
                0x0000000010009a08       0xe6 CMakeFiles/picow_dump_rom.dir/__/pico-sdk/src/rp2_common/pico_cyw43_driver/cyw43_bus_pio_spi.c.obj
 *fill*         0x0000000010009aee        0x2 
 .rodata.cyw43_write_bytes.str1.4
                0x0000000010009af0       0x49 CMakeFiles/picow_dump_rom.dir/__/pico-sdk/src/rp2_common/pico_cyw43_driver/cyw43_bus_pio_spi.c.obj
                                         0x59 (size before relaxing)
 *fill*         0x0000000010009b39        0x3 
 .rodata        0x0000000010009b3c        0x8 CMakeFiles/picow_dump_rom.dir/__/pico-sdk/src/rp2_common/pico_cyw43_driver/cyw43_bus_pio_spi.c.obj
 .rodata.__func__.0
                0x0000000010009b44       0x12 CMakeFiles/picow_dump_rom.dir/__/pico-sdk/src/rp2_common/pico_cyw43_driver/cyw43_bus_pio_spi.c.obj
 *fill*         0x0000000010009b56        0x2 
 .rodata.__func__.1
                0x0000000010009b58       0x11 CMakeFiles/picow_dump_rom.dir/__/pico-sdk/src/rp2_common/pico_cyw43_driver/cyw43_bus_pio_spi.c.obj
 *fill*         0x0000000010009b69        0x3 
 .rodata.__func__.2
                0x0000000010009b6c       0x12 CMakeFiles/picow_dump_rom.dir/__/pico-sdk/src/rp2_common/pico_cyw43_driver/cyw43_bus_pio_spi.c.obj
 *fill*         0x0000000010009b7e        0x2 
 .rodata.__func__.3
                0x0000000010009b80       0x18 CMakeFiles/picow_dump_rom.dir/__/pico-sdk/src/rp2_common/pico_cyw43_driver/cyw43_bus_pio_spi.c.obj
 .rodata.__func__.6
                0x0000000010009b98       0x1c CMakeFiles/picow_dump_rom.dir/__/pico-sdk/src/rp2_common/pico_cyw43_driver/cyw43_bus_pio_spi.c.obj
 .rodata.__func__.7
                0x0000000010009bb4       0x13 CMakeFiles/picow_dump_rom.dir/__/pico-sdk/src/rp2_common/pico_cyw43_driver/cyw43_bus_pio_spi.c.obj
 *fill*         0x0000000010009bc7        0x1 
 .rodata.__func__.8
                0x0000000010009bc8        0xf CMakeFiles/picow_dump_rom.dir/__/pico-sdk/src/rp2_common/pico_cyw43_driver/cyw43_bus_pio_spi.c.obj
 *fill*         0x0000000010009bd7        0x1 
 .rodata.spi_gap01_sample0_program
                0x0000000010009bd8        0x6 CMakeFiles/picow_dump_rom.dir/__/pico-sdk/src/rp2_common/pico_cyw43_driver/cyw43_bus_pio_spi.c.obj
 *fill*         0x0000000010009bde        0x2 
 .rodata.spi_gap01_sample0_program_instructions
                0x0000000010009be0        0xc CMakeFiles/picow_dump_rom.dir/__/pico-sdk/src/rp2_common/pico_cyw43_driver/cyw43_bus_pio_spi.c.obj
 .rodata.cyw43_read_reg.str1.4
                0x0000000010009bec       0x5e CMakeFiles/picow_dump_rom.dir/__/cyw43-driver/src/cyw43_ll.c.obj
 *fill*         0x0000000010009c4a        0x2 
 .rodata.sdpcm_process_rx_packet.str1.4
                0x0000000010009c4c      0x127 CMakeFiles/picow_dump_rom.dir/__/cyw43-driver/src/cyw43_ll.c.obj
 *fill*         0x0000000010009d73        0x1 
 .rodata.disable_device_core.str1.4
                0x0000000010009d74       0x1a CMakeFiles/picow_dump_rom.dir/__/cyw43-driver/src/cyw43_ll.c.obj
 *fill*         0x0000000010009d8e        0x2 
 .rodata.device_core_is_up.str1.4
                0x0000000010009d90       0x14 CMakeFiles/picow_dump_rom.dir/__/cyw43-driver/src/cyw43_ll.c.obj
 .rodata.cyw43_kso_set.str1.4
                0x0000000010009da4       0x23 CMakeFiles/picow_dump_rom.dir/__/cyw43-driver/src/cyw43_ll.c.obj
 *fill*         0x0000000010009dc7        0x1 
 .rodata.cyw43_download_resource.str1.4
                0x0000000010009dc8       0xb2 CMakeFiles/picow_dump_rom.dir/__/cyw43-driver/src/cyw43_ll.c.obj
 *fill*         0x0000000010009e7a        0x2 
 .rodata.cyw43_ll_sdpcm_poll_device.str1.4
                0x0000000010009e7c       0x91 CMakeFiles/picow_dump_rom.dir/__/cyw43-driver/src/cyw43_ll.c.obj
 *fill*         0x0000000010009f0d        0x3 
 .rodata.cyw43_ll_process_packets.str1.4
                0x0000000010009f10       0x1a CMakeFiles/picow_dump_rom.dir/__/cyw43-driver/src/cyw43_ll.c.obj
 *fill*         0x0000000010009f2a        0x2 
 .rodata.cyw43_sdpcm_send_common.str1.4
                0x0000000010009f2c       0x22 CMakeFiles/picow_dump_rom.dir/__/cyw43-driver/src/cyw43_ll.c.obj
 *fill*         0x0000000010009f4e        0x2 
 .rodata.cyw43_do_ioctl.str1.4
                0x0000000010009f50       0x53 CMakeFiles/picow_dump_rom.dir/__/cyw43-driver/src/cyw43_ll.c.obj
 *fill*         0x0000000010009fa3        0x1 
 .rodata.cyw43_clm_load.str1.4
                0x0000000010009fa4       0x18 CMakeFiles/picow_dump_rom.dir/__/cyw43-driver/src/cyw43_ll.c.obj
 .rodata.cyw43_ll_wifi_on.str1.4
                0x0000000010009fbc       0x52 CMakeFiles/picow_dump_rom.dir/__/cyw43-driver/src/cyw43_ll.c.obj
 *fill*         0x000000001000a00e        0x2 
 .rodata.cyw43_ll_bus_init.str1.4
                0x000000001000a010       0xc2 CMakeFiles/picow_dump_rom.dir/__/cyw43-driver/src/cyw43_ll.c.obj
 *fill*         0x000000001000a0d2        0x2 
 .rodata.cyw43_ll_wifi_pm.str1.4
                0x000000001000a0d4       0x35 CMakeFiles/picow_dump_rom.dir/__/cyw43-driver/src/cyw43_ll.c.obj
 *fill*         0x000000001000a109        0x3 
 .rodata.cyw43_ll_wifi_ap_init.str1.4
                0x000000001000a10c       0x31 CMakeFiles/picow_dump_rom.dir/__/cyw43-driver/src/cyw43_ll.c.obj
 *fill*         0x000000001000a13d        0x3 
 .rodata.cyw43_ll_wifi_ap_set_up.str1.4
                0x000000001000a140        0x4 CMakeFiles/picow_dump_rom.dir/__/cyw43-driver/src/cyw43_ll.c.obj
 .rodata        0x000000001000a144       0x7a CMakeFiles/picow_dump_rom.dir/__/cyw43-driver/src/cyw43_ll.c.obj
 *fill*         0x000000001000a1be        0x2 