Archive member included to satisfy reference by file (symbol)

/usr/lib/gcc/arm-none-eabi/10.3.1/thumb/v6-m/nofp/libgcc.a(_dvmd_tls.o)
                              CMakeFiles/pico20Proj.dir/home/ubuntu/pico-nexmon/pico-sdk/src/rp2_common/pico_divider/divider.S.obj (__aeabi_idiv0)
/usr/lib/gcc/arm-none-eabi/10.3.1/../../../arm-none-eabi/lib/thumb/v6-m/nofp/libg.a(lib_a-atexit.o)
                              /usr/lib/gcc/arm-none-eabi/10.3.1/../../../arm-none-eabi/lib/thumb/v6-m/nofp/crt0.o (atexit)
/usr/lib/gcc/arm-none-eabi/10.3.1/../../../arm-none-eabi/lib/thumb/v6-m/nofp/libg.a(lib_a-atoi.o)
                              CMakeFiles/pico20Proj.dir/home/ubuntu/pico-nexmon/pico-sdk/lib/lwip/src/core/netif.c.obj (atoi)
/usr/lib/gcc/arm-none-eabi/10.3.1/../../../arm-none-eabi/lib/thumb/v6-m/nofp/libg.a(lib_a-calloc.o)
                              CMakeFiles/pico20Proj.dir/home/ubuntu/pico-nexmon/pico-sdk/src/rp2_common/pico_malloc/pico_malloc.c.obj (calloc)
/usr/lib/gcc/arm-none-eabi/10.3.1/../../../arm-none-eabi/lib/thumb/v6-m/nofp/libg.a(lib_a-callocr.o)
                              /usr/lib/gcc/arm-none-eabi/10.3.1/../../../arm-none-eabi/lib/thumb/v6-m/nofp/libg.a(lib_a-calloc.o) (_calloc_r)
/usr/lib/gcc/arm-none-eabi/10.3.1/../../../arm-none-eabi/lib/thumb/v6-m/nofp/libg.a(lib_a-ctype_.o)
                              CMakeFiles/pico20Proj.dir/home/ubuntu/pico-nexmon/pico-sdk/lib/lwip/src/core/dns.c.obj (_ctype_)
/usr/lib/gcc/arm-none-eabi/10.3.1/../../../arm-none-eabi/lib/thumb/v6-m/nofp/libg.a(lib_a-errno.o)
                              CMakeFiles/pico20Proj.dir/no-OS-FatFS-SD-SPI-RPi-Pico/FatFs_SPI/src/ff_stdio.c.obj (__errno)
/usr/lib/gcc/arm-none-eabi/10.3.1/../../../arm-none-eabi/lib/thumb/v6-m/nofp/libg.a(lib_a-fflush.o)
                              CMakeFiles/pico20Proj.dir/no-OS-FatFS-SD-SPI-RPi-Pico/FatFs_SPI/sd_driver/demo_logging.c.obj (fflush)
/usr/lib/gcc/arm-none-eabi/10.3.1/../../../arm-none-eabi/lib/thumb/v6-m/nofp/libg.a(lib_a-findfp.o)
                              /usr/lib/gcc/arm-none-eabi/10.3.1/../../../arm-none-eabi/lib/thumb/v6-m/nofp/libg.a(lib_a-fflush.o) (__sinit)
/usr/lib/gcc/arm-none-eabi/10.3.1/../../../arm-none-eabi/lib/thumb/v6-m/nofp/libg.a(lib_a-fini.o)
                              /usr/lib/gcc/arm-none-eabi/10.3.1/../../../arm-none-eabi/lib/thumb/v6-m/nofp/crt0.o (__libc_fini_array)
/usr/lib/gcc/arm-none-eabi/10.3.1/../../../arm-none-eabi/lib/thumb/v6-m/nofp/libg.a(lib_a-freer.o)
                              /usr/lib/gcc/arm-none-eabi/10.3.1/../../../arm-none-eabi/lib/thumb/v6-m/nofp/libg.a(lib_a-fflush.o) (_free_r)
/usr/lib/gcc/arm-none-eabi/10.3.1/../../../arm-none-eabi/lib/thumb/v6-m/nofp/libg.a(lib_a-fwalk.o)
                              /usr/lib/gcc/arm-none-eabi/10.3.1/../../../arm-none-eabi/lib/thumb/v6-m/nofp/libg.a(lib_a-findfp.o) (_fwalk)
/usr/lib/gcc/arm-none-eabi/10.3.1/../../../arm-none-eabi/lib/thumb/v6-m/nofp/libg.a(lib_a-impure.o)
                              /usr/lib/gcc/arm-none-eabi/10.3.1/../../../arm-none-eabi/lib/thumb/v6-m/nofp/libg.a(lib_a-fflush.o) (_global_impure_ptr)
/usr/lib/gcc/arm-none-eabi/10.3.1/../../../arm-none-eabi/lib/thumb/v6-m/nofp/libg.a(lib_a-init.o)
                              /usr/lib/gcc/arm-none-eabi/10.3.1/../../../arm-none-eabi/lib/thumb/v6-m/nofp/crt0.o (__libc_init_array)
/usr/lib/gcc/arm-none-eabi/10.3.1/../../../arm-none-eabi/lib/thumb/v6-m/nofp/libg.a(lib_a-malloc.o)
                              CMakeFiles/pico20Proj.dir/home/ubuntu/pico-nexmon/pico-sdk/src/rp2_common/pico_malloc/pico_malloc.c.obj (malloc)
/usr/lib/gcc/arm-none-eabi/10.3.1/../../../arm-none-eabi/lib/thumb/v6-m/nofp/libg.a(lib_a-mallocr.o)
                              /usr/lib/gcc/arm-none-eabi/10.3.1/../../../arm-none-eabi/lib/thumb/v6-m/nofp/libg.a(lib_a-callocr.o) (_malloc_r)
/usr/lib/gcc/arm-none-eabi/10.3.1/../../../arm-none-eabi/lib/thumb/v6-m/nofp/libg.a(lib_a-memcmp.o)
                              CMakeFiles/pico20Proj.dir/dhcpserver/dhcpserver.c.obj (memcmp)
/usr/lib/gcc/arm-none-eabi/10.3.1/../../../arm-none-eabi/lib/thumb/v6-m/nofp/libg.a(lib_a-memmove.o)
                              CMakeFiles/pico20Proj.dir/home/ubuntu/pico-nexmon/pico-sdk/lib/lwip/src/core/def.c.obj (memmove)
/usr/lib/gcc/arm-none-eabi/10.3.1/../../../arm-none-eabi/lib/thumb/v6-m/nofp/libg.a(lib_a-mktime.o)
                              CMakeFiles/pico20Proj.dir/no-OS-FatFS-SD-SPI-RPi-Pico/FatFs_SPI/src/rtc.c.obj (mktime)
/usr/lib/gcc/arm-none-eabi/10.3.1/../../../arm-none-eabi/lib/thumb/v6-m/nofp/libg.a(lib_a-mlock.o)
                              /usr/lib/gcc/arm-none-eabi/10.3.1/../../../arm-none-eabi/lib/thumb/v6-m/nofp/libg.a(lib_a-freer.o) (__malloc_lock)
/usr/lib/gcc/arm-none-eabi/10.3.1/../../../arm-none-eabi/lib/thumb/v6-m/nofp/libg.a(lib_a-realloc.o)
                              CMakeFiles/pico20Proj.dir/home/ubuntu/pico-nexmon/pico-sdk/src/rp2_common/pico_malloc/pico_malloc.c.obj (realloc)
[...]
Memory Configuration

Name             Origin             Length             Attributes
FLASH            0x0000000010000000 0x0000000000200000 xr
RAM              0x0000000020000000 0x0000000000040000 xrw
SCRATCH_X        0x0000000020040000 0x0000000000001000 xrw
SCRATCH_Y        0x0000000020041000 0x0000000000001000 xrw
*default*        0x0000000000000000 0xffffffffffffffff

Linker script and memory map

LOAD /usr/lib/gcc/arm-none-eabi/10.3.1/thumb/v6-m/nofp/crti.o
LOAD /usr/lib/gcc/arm-none-eabi/10.3.1/thumb/v6-m/nofp/crtbegin.o
LOAD /usr/lib/gcc/arm-none-eabi/10.3.1/../../../arm-none-eabi/lib/thumb/v6-m/nofp/crt0.o

.flash_begin    0x0000000010000000        0x0
                0x0000000010000000                __flash_binary_start = .

.boot2          0x0000000010000000      0x100
                0x0000000010000000                __boot2_start__ = .
 *(.boot2)
 .boot2         0x0000000010000000      0x100 /tmp/cc4fDcND.o
                0x0000000010000100                __boot2_end__ = .
                0x0000000000000001                ASSERT (((__boot2_end__ - __boot2_start__) == 0x100), ERROR: Pico second stage bootloader must be 256 bytes in size)

.text           0x0000000010000100    0x21428
                0x0000000010000100                __logical_binary_start = .
 *(.vectors)
 .vectors       0x0000000010000100       0xd4 CMakeFiles/pico20Proj.dir/home/ubuntu/pico-nexmon/pico-sdk/src/rp2_common/pico_standard_link/crt0.S.obj
                0x0000000010000100                __vectors
                0x0000000010000100                __VECTOR_TABLE
                0x00000000100001c0                isr_invalid
                0x00000000100001c0                __default_isrs_start
                0x00000000100001c2                isr_nmi
                0x00000000100001c4                isr_hardfault
                0x00000000100001c6                isr_svcall
                0x00000000100001c8                isr_pendsv
                0x00000000100001ca                isr_systick
                0x00000000100001cc                isr_irq30
                0x00000000100001cc                __unhandled_user_irq
                0x00000000100001cc                isr_irq13
                0x00000000100001cc                isr_irq27
                0x00000000100001cc                isr_irq31
                0x00000000100001cc                isr_irq5
                0x00000000100001cc                isr_irq11
                0x00000000100001cc                isr_irq23
                0x00000000100001cc                isr_irq18
                0x00000000100001cc                isr_irq28
                0x00000000100001cc                isr_irq19
                0x00000000100001cc                isr_irq0
                0x00000000100001cc                isr_irq6
                0x00000000100001cc                isr_irq22
                0x00000000100001cc                isr_irq17
                0x00000000100001cc                isr_irq14
                0x00000000100001cc                isr_irq2
                0x00000000100001cc                isr_irq10
                0x00000000100001cc                isr_irq8
                0x00000000100001cc                isr_irq24
                0x00000000100001cc                isr_irq1
                0x00000000100001cc                isr_irq7
                0x00000000100001cc                isr_irq21
                0x00000000100001cc                isr_irq20
                0x00000000100001cc                isr_irq15
                0x00000000100001cc                isr_irq25
                0x00000000100001cc                isr_irq4
                0x00000000100001cc                isr_irq16
                0x00000000100001cc                isr_irq29
                0x00000000100001cc                isr_irq26
                0x00000000100001cc                __default_isrs_end
                0x00000000100001cc                isr_irq3
                0x00000000100001cc                isr_irq12
                0x00000000100001cc                isr_irq9
                0x00000000100001d2                unhandled_user_irq_num_in_r0
 *(.binary_info_header)
 .binary_info_header
                0x00000000100001d4       0x14 CMakeFiles/pico20Proj.dir/home/ubuntu/pico-nexmon/pico-sdk/src/rp2_common/pico_standard_link/crt0.S.obj
                0x00000000100001e8                __binary_info_header_end = .
 *(.reset)
 .reset         0x00000000100001e8       0xa0 CMakeFiles/pico20Proj.dir/home/ubuntu/pico-nexmon/pico-sdk/src/rp2_common/pico_standard_link/crt0.S.obj
                0x00000000100001e8                _entry_point
 .reset         0x0000000010000288       0x30 CMakeFiles/pico20Proj.dir/home/ubuntu/pico-nexmon/pico-sdk/src/rp2_common/pico_standard_link/binary_info.c.obj
 *(.init)
 .init          0x00000000100002b8        0x4 /usr/lib/gcc/arm-none-eabi/10.3.1/thumb/v6-m/nofp/crti.o
                0x00000000100002b8                _init
 *(EXCLUDE_FILE(*libm.a: *libc.a:*lib_a-mem*.o *libgcc.a:) .text*)
 .text          0x00000000100002bc       0x98 /usr/lib/gcc/arm-none-eabi/10.3.1/thumb/v6-m/nofp/crtbegin.o
 .text.beaconTimer
                0x0000000010000354       0x2c CMakeFiles/pico20Proj.dir/picow_access_point.c.obj
                0x0000000010000354                beaconTimer
 .text.test_server_content
                0x0000000010000380       0xa8 CMakeFiles/pico20Proj.dir/picow_access_point.c.obj
 .text.tcp_close_client_connection
                0x0000000010000428       0x88 CMakeFiles/pico20Proj.dir/picow_access_point.c.obj
 .text.tcp_server_recv
                0x00000000100004b0      0x208 CMakeFiles/pico20Proj.dir/picow_access_point.c.obj
                0x00000000100004b0                tcp_server_recv
 .text.tcp_server_err
                0x00000000100006b8       0x24 CMakeFiles/pico20Proj.dir/picow_access_point.c.obj
 .text.tcp_server_poll
                0x00000000100006dc       0x1c CMakeFiles/pico20Proj.dir/picow_access_point.c.obj
 .text.tcp_server_sent
                0x00000000100006f8       0x48 CMakeFiles/pico20Proj.dir/picow_access_point.c.obj
 .text.key_pressed_worker_func
                0x0000000010000740       0x3c CMakeFiles/pico20Proj.dir/picow_access_point.c.obj
                0x0000000010000740                key_pressed_worker_func
 .text.key_pressed_func
                0x000000001000077c       0x40 CMakeFiles/pico20Proj.dir/picow_access_point.c.obj
                0x000000001000077c                key_pressed_func
 .text.tcp_server_accept
                0x00000000100007bc       0x8c CMakeFiles/pico20Proj.dir/picow_access_point.c.obj
 .text.setup_slave
                0x0000000010000848       0x54 CMakeFiles/pico20Proj.dir/picow_access_point.c.obj
 .text.tcp_server_open
                0x000000001000089c       0x90 CMakeFiles/pico20Proj.dir/picow_access_point.c.obj
 .text.enqueue_write
                0x000000001000092c       0x7c CMakeFiles/pico20Proj.dir/picow_access_point.c.obj
                0x000000001000092c                enqueue_write
 .text.monitor_mode_cb
                0x00000000100009a8       0x54 CMakeFiles/pico20Proj.dir/picow_access_point.c.obj
                0x00000000100009a8                monitor_mode_cb
 .text.i2c_slave_handler
                0x00000000100009fc       0xb4 CMakeFiles/pico20Proj.dir/picow_access_point.c.obj
 .text.write_to_file
                0x0000000010000ab0       0x7c CMakeFiles/pico20Proj.dir/picow_access_point.c.obj
                0x0000000010000ab0                write_to_file
 .text.processWriteQueue
                0x0000000010000b2c       0x6c CMakeFiles/pico20Proj.dir/picow_access_point.c.obj
                0x0000000010000b2c                processWriteQueue
 .text.main     0x0000000010000b98      0x150 CMakeFiles/pico20Proj.dir/picow_access_point.c.obj
                0x0000000010000b98                main
 .text.opt_find
                0x0000000010000ce8       0x30 CMakeFiles/pico20Proj.dir/dhcpserver/dhcpserver.c.obj
 .text.opt_write_u8
                0x0000000010000d18       0x10 CMakeFiles/pico20Proj.dir/dhcpserver/dhcpserver.c.obj
 .text.opt_write_u32
                0x0000000010000d28       0x1c CMakeFiles/pico20Proj.dir/dhcpserver/dhcpserver.c.obj
 .text.opt_write_n
                0x0000000010000d44       0x1e CMakeFiles/pico20Proj.dir/dhcpserver/dhcpserver.c.obj
 *fill*         0x0000000010000d62        0x2 
 .text.dhcp_socket_sendto
                0x0000000010000d64       0xa8 CMakeFiles/pico20Proj.dir/dhcpserver/dhcpserver.c.obj
 .text.dhcp_socket_new_dgram
                0x0000000010000e0c       0x24 CMakeFiles/pico20Proj.dir/dhcpserver/dhcpserver.c.obj
 .text.dhcp_socket_bind
                0x0000000010000e30       0x14 CMakeFiles/pico20Proj.dir/dhcpserver/dhcpserver.c.obj
 .text.dhcp_server_process
                0x0000000010000e44      0x278 CMakeFiles/pico20Proj.dir/dhcpserver/dhcpserver.c.obj
 .text.dhcp_server_init
                0x00000000100010bc       0x38 CMakeFiles/pico20Proj.dir/dhcpserver/dhcpserver.c.obj
                0x00000000100010bc                dhcp_server_init
 .text.dns_socket_sendto
                0x00000000100010f4       0x80 CMakeFiles/pico20Proj.dir/dnsserver/dnsserver.c.obj
 .text.dns_server_process
                0x0000000010001174       0xec CMakeFiles/pico20Proj.dir/dnsserver/dnsserver.c.obj
 .text.dns_socket_new_dgram
                0x0000000010001260       0x24 CMakeFiles/pico20Proj.dir/dnsserver/dnsserver.c.obj
 .text.dns_socket_bind
                0x0000000010001284       0x5c CMakeFiles/pico20Proj.dir/dnsserver/dnsserver.c.obj
 .text.dns_server_init
                0x00000000100012e0       0x2c CMakeFiles/pico20Proj.dir/dnsserver/dnsserver.c.obj
                0x00000000100012e0                dns_server_init
 .text.lwip_timeout_reached
                0x000000001000130c       0x2c CMakeFiles/pico20Proj.dir/home/ubuntu/pico-nexmon/pico-sdk/src/rp2_common/pico_lwip/lwip_nosys.c.obj
 .text.update_next_timeout
                0x0000000010001338       0xb0 CMakeFiles/pico20Proj.dir/home/ubuntu/pico-nexmon/pico-sdk/src/rp2_common/pico_lwip/lwip_nosys.c.obj
 .text.lwip_nosys_init
                0x00000000100013e8       0x34 CMakeFiles/pico20Proj.dir/home/ubuntu/pico-nexmon/pico-sdk/src/rp2_common/pico_lwip/lwip_nosys.c.obj
                0x00000000100013e8                lwip_nosys_init
 .text.lwip_nosys_deinit
                0x000000001000141c       0x20 CMakeFiles/pico20Proj.dir/home/ubuntu/pico-nexmon/pico-sdk/src/rp2_common/pico_lwip/lwip_nosys.c.obj
                0x000000001000141c                lwip_nosys_deinit
 .text.sys_arch_protect
                0x000000001000143c        0x4 CMakeFiles/pico20Proj.dir/home/ubuntu/pico-nexmon/pico-sdk/src/rp2_common/pico_lwip/lwip_nosys.c.obj
                0x000000001000143c                sys_arch_protect
 .text.sys_arch_unprotect
                0x0000000010001440        0x2 CMakeFiles/pico20Proj.dir/home/ubuntu/pico-nexmon/pico-sdk/src/rp2_common/pico_lwip/lwip_nosys.c.obj
                0x0000000010001440                sys_arch_unprotect
 *fill*         0x0000000010001442        0x2 
 .text.sys_now  0x0000000010001444       0x3c CMakeFiles/pico20Proj.dir/home/ubuntu/pico-nexmon/pico-sdk/src/rp2_common/pico_lwip/lwip_nosys.c.obj
                0x0000000010001444                sys_now
 .text.async_context_base_add_at_time_worker
                0x0000000010001480       0x1c CMakeFiles/pico20Proj.dir/home/ubuntu/pico-nexmon/pico-sdk/src/rp2_common/pico_async_context/async_context_base.c.obj
                0x0000000010001480                async_context_base_add_at_time_worker
 .text.async_context_base_remove_at_time_worker
                0x000000001000149c       0x1c CMakeFiles/pico20Proj.dir/home/ubuntu/pico-nexmon/pico-sdk/src/rp2_common/pico_async_context/async_context_base.c.obj
                0x000000001000149c                async_context_base_remove_at_time_worker
 .text.async_context_base_add_when_pending_worker
                0x00000000100014b8       0x1c CMakeFiles/pico20Proj.dir/home/ubuntu/pico-nexmon/pico-sdk/src/rp2_common/pico_async_context/async_context_base.c.obj
                0x00000000100014b8                async_context_base_add_when_pending_worker
 .text.async_context_base_remove_when_pending_worker
                0x00000000100014d4       0x1c CMakeFiles/pico20Proj.dir/home/ubuntu/pico-nexmon/pico-sdk/src/rp2_common/pico_async_context/async_context_base.c.obj
                0x00000000100014d4                async_context_base_remove_when_pending_worker
 .text.async_context_base_remove_ready_at_time_worker
                0x00000000100014f0       0x94 CMakeFiles/pico20Proj.dir/home/ubuntu/pico-nexmon/pico-sdk/src/rp2_common/pico_async_context/async_context_base.c.obj
                0x00000000100014f0                async_context_base_remove_ready_at_time_worker
 .text.async_context_base_refresh_next_timeout
                0x0000000010001584       0x4c CMakeFiles/pico20Proj.dir/home/ubuntu/pico-nexmon/pico-sdk/src/rp2_common/pico_async_context/async_context_base.c.obj
                0x0000000010001584                async_context_base_refresh_next_timeout
 .text.async_context_base_execute_once
                0x00000000100015d0       0x48 CMakeFiles/pico20Proj.dir/home/ubuntu/pico-nexmon/pico-sdk/src/rp2_common/pico_async_context/async_context_base.c.obj
                0x00000000100015d0                async_context_base_execute_once
 .text.running_on_fpga
                0x0000000010001618       0x14 CMakeFiles/pico20Proj.dir/home/ubuntu/pico-nexmon/pico-sdk/src/rp2_common/pico_platform/platform.c.obj
                0x0000000010001618                running_on_fpga
 .text.splitmix64
                0x000000001000162c       0x5c CMakeFiles/pico20Proj.dir/home/ubuntu/pico-nexmon/pico-sdk/src/rp2_common/pico_rand/rand.c.obj
 .text.sdbm_hash64_sram
                0x0000000010001688       0x64 CMakeFiles/pico20Proj.dir/home/ubuntu/pico-nexmon/pico-sdk/src/rp2_common/pico_rand/rand.c.obj
 .text.xoroshiro128ss
                0x00000000100016ec       0xb8 CMakeFiles/pico20Proj.dir/home/ubuntu/pico-nexmon/pico-sdk/src/rp2_common/pico_rand/rand.c.obj
 .text.capture_additional_rosc_samples
                0x00000000100017a4      0x1a4 CMakeFiles/pico20Proj.dir/home/ubuntu/pico-nexmon/pico-sdk/src/rp2_common/pico_rand/rand.c.obj
 .text.initialise_rand
                0x0000000010001948      0x118 CMakeFiles/pico20Proj.dir/home/ubuntu/pico-nexmon/pico-sdk/src/rp2_common/pico_rand/rand.c.obj
 .text.get_rand_64
                0x0000000010001a60      0x11c CMakeFiles/pico20Proj.dir/home/ubuntu/pico-nexmon/pico-sdk/src/rp2_common/pico_rand/rand.c.obj
                0x0000000010001a60                get_rand_64
 .text.get_rand_32
                0x0000000010001b7c        0x8 CMakeFiles/pico20Proj.dir/home/ubuntu/pico-nexmon/pico-sdk/src/rp2_common/pico_rand/rand.c.obj
                0x0000000010001b7c                get_rand_32
 .text._retrieve_unique_id_on_boot
                0x0000000010001b84       0x10 CMakeFiles/pico20Proj.dir/home/ubuntu/pico-nexmon/pico-sdk/src/rp2_common/pico_unique_id/unique_id.c.obj
 .text.pico_get_unique_board_id
                0x0000000010001b94       0x10 CMakeFiles/pico20Proj.dir/home/ubuntu/pico-nexmon/pico-sdk/src/rp2_common/pico_unique_id/unique_id.c.obj
                0x0000000010001b94                pico_get_unique_board_id
 .text.pico_get_unique_board_id_string
                0x0000000010001ba4       0x60 CMakeFiles/pico20Proj.dir/home/ubuntu/pico-nexmon/pico-sdk/src/rp2_common/pico_unique_id/unique_id.c.obj
                0x0000000010001ba4                pico_get_unique_board_id_string
 .text.flash_get_unique_id
                0x0000000010001c04       0x46 CMakeFiles/pico20Proj.dir/home/ubuntu/pico-nexmon/pico-sdk/src/rp2_common/hardware_flash/flash.c.obj
                0x0000000010001c04                flash_get_unique_id
 *fill*         0x0000000010001c4a        0x2 
 .text.hw_claim_lock
                0x0000000010001c4c       0x18 CMakeFiles/pico20Proj.dir/home/ubuntu/pico-nexmon/pico-sdk/src/rp2_common/hardware_claim/claim.c.obj
                0x0000000010001c4c                hw_claim_lock
 .text.hw_claim_unlock
                0x0000000010001c64       0x14 CMakeFiles/pico20Proj.dir/home/ubuntu/pico-nexmon/pico-sdk/src/rp2_common/hardware_claim/claim.c.obj
                0x0000000010001c64                hw_claim_unlock
 .text.hw_claim_or_assert
                0x0000000010001c78       0x32 CMakeFiles/pico20Proj.dir/home/ubuntu/pico-nexmon/pico-sdk/src/rp2_common/hardware_claim/claim.c.obj
                0x0000000010001c78                hw_claim_or_assert
 .text.hw_claim_unused_from_range
                0x0000000010001caa       0x50 CMakeFiles/pico20Proj.dir/home/ubuntu/pico-nexmon/pico-sdk/src/rp2_common/hardware_claim/claim.c.obj
                0x0000000010001caa                hw_claim_unused_from_range
 *fill*         0x0000000010001cfa        0x2 
 .text.hw_claim_clear
                0x0000000010001cfc       0x40 CMakeFiles/pico20Proj.dir/home/ubuntu/pico-nexmon/pico-sdk/src/rp2_common/hardware_claim/claim.c.obj
                0x0000000010001cfc                hw_claim_clear
 .text.spin_locks_reset
                0x0000000010001d3c       0x20 CMakeFiles/pico20Proj.dir/home/ubuntu/pico-nexmon/pico-sdk/src/rp2_common/hardware_sync/sync.c.obj
                0x0000000010001d3c                spin_locks_reset
 .text.next_striped_spin_lock_num
                0x0000000010001d5c       0x1c CMakeFiles/pico20Proj.dir/home/ubuntu/pico-nexmon/pico-sdk/src/rp2_common/hardware_sync/sync.c.obj
                0x0000000010001d5c                next_striped_spin_lock_num
 .text.spin_lock_claim_unused
                0x0000000010001d78       0x20 CMakeFiles/pico20Proj.dir/home/ubuntu/pico-nexmon/pico-sdk/src/rp2_common/hardware_sync/sync.c.obj
                0x0000000010001d78                spin_lock_claim_unused
 .text.rom_func_lookup
                0x0000000010001d98       0x10 CMakeFiles/pico20Proj.dir/home/ubuntu/pico-nexmon/pico-sdk/src/rp2_common/pico_bootrom/bootrom.c.obj
                0x0000000010001d98                rom_func_lookup
 .text.rom_data_lookup
                0x0000000010001da8       0x10 CMakeFiles/pico20Proj.dir/home/ubuntu/pico-nexmon/pico-sdk/src/rp2_common/pico_bootrom/bootrom.c.obj
                0x0000000010001da8                rom_data_lookup
 .text.rom_funcs_lookup
                0x0000000010001db8       0x36 CMakeFiles/pico20Proj.dir/home/ubuntu/pico-nexmon/pico-sdk/src/rp2_common/pico_bootrom/bootrom.c.obj
                0x0000000010001db8                rom_funcs_lookup
 *fill*         0x0000000010001dee        0x2 
 .text.clock_configure
                0x0000000010001df0      0x108 CMakeFiles/pico20Proj.dir/home/ubuntu/pico-nexmon/pico-sdk/src/rp2_common/hardware_clocks/clocks.c.obj
                0x0000000010001df0                clock_configure
 .text.clocks_init
                0x0000000010001ef8      0x100 CMakeFiles/pico20Proj.dir/home/ubuntu/pico-nexmon/pico-sdk/src/rp2_common/hardware_clocks/clocks.c.obj
                0x0000000010001ef8                clocks_init
 .text.clock_get_hz
                0x0000000010001ff8        0xc CMakeFiles/pico20Proj.dir/home/ubuntu/pico-nexmon/pico-sdk/src/rp2_common/hardware_clocks/clocks.c.obj
                0x0000000010001ff8                clock_get_hz
 .text.gpio_set_function
                0x0000000010002004       0x30 CMakeFiles/pico20Proj.dir/home/ubuntu/pico-nexmon/pico-sdk/src/rp2_common/hardware_gpio/gpio.c.obj
                0x0000000010002004                gpio_set_function
 .text.gpio_set_pulls
                0x0000000010002034       0x34 CMakeFiles/pico20Proj.dir/home/ubuntu/pico-nexmon/pico-sdk/src/rp2_common/hardware_gpio/gpio.c.obj
                0x0000000010002034                gpio_set_pulls
 .text.gpio_set_input_hysteresis_enabled
                0x0000000010002068       0x30 CMakeFiles/pico20Proj.dir/home/ubuntu/pico-nexmon/pico-sdk/src/rp2_common/hardware_gpio/gpio.c.obj
                0x0000000010002068                gpio_set_input_hysteresis_enabled
 .text.gpio_set_drive_strength
                0x0000000010002098       0x20 CMakeFiles/pico20Proj.dir/home/ubuntu/pico-nexmon/pico-sdk/src/rp2_common/hardware_gpio/gpio.c.obj
                0x0000000010002098                gpio_set_drive_strength
 .text.gpio_add_raw_irq_handler_with_order_priority_masked
                0x00000000100020b8       0x40 CMakeFiles/pico20Proj.dir/home/ubuntu/pico-nexmon/pico-sdk/src/rp2_common/hardware_gpio/gpio.c.obj
                0x00000000100020b8                gpio_add_raw_irq_handler_with_order_priority_masked
 .text.gpio_remove_raw_irq_handler_masked
                0x00000000100020f8       0x48 CMakeFiles/pico20Proj.dir/home/ubuntu/pico-nexmon/pico-sdk/src/rp2_common/hardware_gpio/gpio.c.obj
                0x00000000100020f8                gpio_remove_raw_irq_handler_masked
 .text.gpio_acknowledge_irq
                0x0000000010002140       0x18 CMakeFiles/pico20Proj.dir/home/ubuntu/pico-nexmon/pico-sdk/src/rp2_common/hardware_gpio/gpio.c.obj
                0x0000000010002140                gpio_acknowledge_irq
 .text._gpio_set_irq_enabled
                0x0000000010002158       0x34 CMakeFiles/pico20Proj.dir/home/ubuntu/pico-nexmon/pico-sdk/src/rp2_common/hardware_gpio/gpio.c.obj
 .text.gpio_set_irq_enabled
                0x000000001000218c       0x20 CMakeFiles/pico20Proj.dir/home/ubuntu/pico-nexmon/pico-sdk/src/rp2_common/hardware_gpio/gpio.c.obj
                0x000000001000218c                gpio_set_irq_enabled
 .text.gpio_init
                0x00000000100021ac       0x16 CMakeFiles/pico20Proj.dir/home/ubuntu/pico-nexmon/pico-sdk/src/rp2_common/hardware_gpio/gpio.c.obj
                0x00000000100021ac                gpio_init
 *fill*         0x00000000100021c2        0x2 
 .text.set_raw_irq_handler_and_unlock
                0x00000000100021c4       0x28 CMakeFiles/pico20Proj.dir/home/ubuntu/pico-nexmon/pico-sdk/src/rp2_common/hardware_irq/irq.c.obj
 .text.get_user_irq_claim_index
                0x00000000100021ec        0x6 CMakeFiles/pico20Proj.dir/home/ubuntu/pico-nexmon/pico-sdk/src/rp2_common/hardware_irq/irq.c.obj
 *fill*         0x00000000100021f2        0x2 
 .text.make_branch
                0x00000000100021f4       0x48 CMakeFiles/pico20Proj.dir/home/ubuntu/pico-nexmon/pico-sdk/src/rp2_common/hardware_irq/irq.c.obj
 .text.insert_branch_and_link
                0x000000001000223c       0x40 CMakeFiles/pico20Proj.dir/home/ubuntu/pico-nexmon/pico-sdk/src/rp2_common/hardware_irq/irq.c.obj
 .text.irq_is_enabled
                0x000000001000227c       0x18 CMakeFiles/pico20Proj.dir/home/ubuntu/pico-nexmon/pico-sdk/src/rp2_common/hardware_irq/irq.c.obj
                0x000000001000227c                irq_is_enabled
 .text.irq_set_mask_enabled
                0x0000000010002294       0x20 CMakeFiles/pico20Proj.dir/home/ubuntu/pico-nexmon/pico-sdk/src/rp2_common/hardware_irq/irq.c.obj
                0x0000000010002294                irq_set_mask_enabled
 .text.irq_set_enabled
                0x00000000100022b4        0xe CMakeFiles/pico20Proj.dir/home/ubuntu/pico-nexmon/pico-sdk/src/rp2_common/hardware_irq/irq.c.obj
                0x00000000100022b4                irq_set_enabled
 *fill*         0x00000000100022c2        0x2 
 .text.irq_set_pending
                0x00000000100022c4       0x10 CMakeFiles/pico20Proj.dir/home/ubuntu/pico-nexmon/pico-sdk/src/rp2_common/hardware_irq/irq.c.obj
                0x00000000100022c4                irq_set_pending
 .text.irq_get_vtable_handler
                0x00000000100022d4       0x10 CMakeFiles/pico20Proj.dir/home/ubuntu/pico-nexmon/pico-sdk/src/rp2_common/hardware_irq/irq.c.obj
                0x00000000100022d4                irq_get_vtable_handler
 .text.irq_has_shared_handler
                0x00000000100022e4       0x24 CMakeFiles/pico20Proj.dir/home/ubuntu/pico-nexmon/pico-sdk/src/rp2_common/hardware_irq/irq.c.obj
                0x00000000100022e4                irq_has_shared_handler
 .text.irq_set_exclusive_handler
                0x0000000010002308       0x54 CMakeFiles/pico20Proj.dir/home/ubuntu/pico-nexmon/pico-sdk/src/rp2_common/hardware_irq/irq.c.obj
                0x0000000010002308                irq_set_exclusive_handler
 .text.irq_add_shared_handler
                0x000000001000235c      0x234 CMakeFiles/pico20Proj.dir/home/ubuntu/pico-nexmon/pico-sdk/src/rp2_common/hardware_irq/irq.c.obj
                0x000000001000235c                irq_add_shared_handler
 .text.irq_remove_handler
                0x0000000010002590      0x1ac CMakeFiles/pico20Proj.dir/home/ubuntu/pico-nexmon/pico-sdk/src/rp2_common/hardware_irq/irq.c.obj
                0x0000000010002590                irq_remove_handler
 .text.irq_set_priority
                0x000000001000273c       0x28 CMakeFiles/pico20Proj.dir/home/ubuntu/pico-nexmon/pico-sdk/src/rp2_common/hardware_irq/irq.c.obj
                0x000000001000273c                irq_set_priority
 .text.irq_add_tail_to_free_list
                0x0000000010002764       0xf0 CMakeFiles/pico20Proj.dir/home/ubuntu/pico-nexmon/pico-sdk/src/rp2_common/hardware_irq/irq.c.obj
                0x0000000010002764                irq_add_tail_to_free_list
 .text.irq_init_priorities
                0x0000000010002854       0x1c CMakeFiles/pico20Proj.dir/home/ubuntu/pico-nexmon/pico-sdk/src/rp2_common/hardware_irq/irq.c.obj
                0x0000000010002854                irq_init_priorities
 .text.user_irq_unclaim
                0x0000000010002870       0x14 CMakeFiles/pico20Proj.dir/home/ubuntu/pico-nexmon/pico-sdk/src/rp2_common/hardware_irq/irq.c.obj
                0x0000000010002870                user_irq_unclaim
 .text.user_irq_claim_unused
                0x0000000010002884       0x28 CMakeFiles/pico20Proj.dir/home/ubuntu/pico-nexmon/pico-sdk/src/rp2_common/hardware_irq/irq.c.obj
                0x0000000010002884                user_irq_claim_unused
 .text.sem_init
                0x00000000100028ac       0x1e CMakeFiles/pico20Proj.dir/home/ubuntu/pico-nexmon/pico-sdk/src/common/pico_sync/sem.c.obj
                0x00000000100028ac                sem_init
 *fill*         0x00000000100028ca        0x2 
 .text.lock_init
                0x00000000100028cc       0x10 CMakeFiles/pico20Proj.dir/home/ubuntu/pico-nexmon/pico-sdk/src/common/pico_sync/lock_core.c.obj
                0x00000000100028cc                lock_init
 .text.mutex_init
                0x00000000100028dc       0x1a CMakeFiles/pico20Proj.dir/home/ubuntu/pico-nexmon/pico-sdk/src/common/pico_sync/mutex.c.obj
                0x00000000100028dc                mutex_init
 .text.recursive_mutex_init
                0x00000000100028f6       0x1e CMakeFiles/pico20Proj.dir/home/ubuntu/pico-nexmon/pico-sdk/src/common/pico_sync/mutex.c.obj
                0x00000000100028f6                recursive_mutex_init
 .text.critical_section_init_with_lock_num
                0x0000000010002914       0x14 CMakeFiles/pico20Proj.dir/home/ubuntu/pico-nexmon/pico-sdk/src/common/pico_sync/critical_section.c.obj
                0x0000000010002914                critical_section_init_with_lock_num
 .text.critical_section_init
                0x0000000010002928       0x14 CMakeFiles/pico20Proj.dir/home/ubuntu/pico-nexmon/pico-sdk/src/common/pico_sync/critical_section.c.obj
                0x0000000010002928                critical_section_init
 .text.repeating_timer_callback
                0x000000001000293c       0x40 CMakeFiles/pico20Proj.dir/home/ubuntu/pico-nexmon/pico-sdk/src/common/pico_time/time.c.obj
 .text.alarm_pool_post_alloc_init
                0x000000001000297c       0x40 CMakeFiles/pico20Proj.dir/home/ubuntu/pico-nexmon/pico-sdk/src/common/pico_time/time.c.obj
 .text.sleep_until_callback
                0x00000000100029bc       0x30 CMakeFiles/pico20Proj.dir/home/ubuntu/pico-nexmon/pico-sdk/src/common/pico_time/time.c.obj
 .text.timer_pool_entry_comparator
                0x00000000100029ec       0x7c CMakeFiles/pico20Proj.dir/home/ubuntu/pico-nexmon/pico-sdk/src/common/pico_time/time.c.obj
                0x00000000100029ec                timer_pool_entry_comparator
 .text.ph_add_child_node
                0x0000000010002a68       0xa4 CMakeFiles/pico20Proj.dir/home/ubuntu/pico-nexmon/pico-sdk/src/common/pico_time/time.c.obj
 .text.ph_merge_nodes
                0x0000000010002b0c       0x3e CMakeFiles/pico20Proj.dir/home/ubuntu/pico-nexmon/pico-sdk/src/common/pico_time/time.c.obj
 *fill*         0x0000000010002b4a        0x2 
 .text.add_alarm_under_lock
                0x0000000010002b4c      0x174 CMakeFiles/pico20Proj.dir/home/ubuntu/pico-nexmon/pico-sdk/src/common/pico_time/time.c.obj
 .text.alarm_pool_alarm_callback
                0x0000000010002cc0      0x33c CMakeFiles/pico20Proj.dir/home/ubuntu/pico-nexmon/pico-sdk/src/common/pico_time/time.c.obj
 .text.alarm_pool_init_default
                0x0000000010002ffc       0x40 CMakeFiles/pico20Proj.dir/home/ubuntu/pico-nexmon/pico-sdk/src/common/pico_time/time.c.obj
                0x0000000010002ffc                alarm_pool_init_default
 .text.alarm_pool_get_default
                0x000000001000303c       0x2c CMakeFiles/pico20Proj.dir/home/ubuntu/pico-nexmon/pico-sdk/src/common/pico_time/time.c.obj
                0x000000001000303c                alarm_pool_get_default
 .text.alarm_pool_add_alarm_at
                0x0000000010003068      0x168 CMakeFiles/pico20Proj.dir/home/ubuntu/pico-nexmon/pico-sdk/src/common/pico_time/time.c.obj
                0x0000000010003068                alarm_pool_add_alarm_at
 .text.alarm_pool_cancel_alarm
                0x00000000100031d0       0xf8 CMakeFiles/pico20Proj.dir/home/ubuntu/pico-nexmon/pico-sdk/src/common/pico_time/time.c.obj
                0x00000000100031d0                alarm_pool_cancel_alarm
 .text.alarm_pool_core_num
                0x00000000100032c8        0x4 CMakeFiles/pico20Proj.dir/home/ubuntu/pico-nexmon/pico-sdk/src/common/pico_time/time.c.obj
                0x00000000100032c8                alarm_pool_core_num
 .text.alarm_pool_add_repeating_timer_us
                0x00000000100032cc       0x98 CMakeFiles/pico20Proj.dir/home/ubuntu/pico-nexmon/pico-sdk/src/common/pico_time/time.c.obj
                0x00000000100032cc                alarm_pool_add_repeating_timer_us
 .text.sleep_until
                0x0000000010003364       0xfc CMakeFiles/pico20Proj.dir/home/ubuntu/pico-nexmon/pico-sdk/src/common/pico_time/time.c.obj
                0x0000000010003364                sleep_until
 .text.sleep_us
                0x0000000010003460       0x58 CMakeFiles/pico20Proj.dir/home/ubuntu/pico-nexmon/pico-sdk/src/common/pico_time/time.c.obj
                0x0000000010003460                sleep_us
 .text.sleep_ms
                0x00000000100034b8       0x14 CMakeFiles/pico20Proj.dir/home/ubuntu/pico-nexmon/pico-sdk/src/common/pico_time/time.c.obj
                0x00000000100034b8                sleep_ms
 .text.best_effort_wfe_or_timeout
                0x00000000100034cc       0xac CMakeFiles/pico20Proj.dir/home/ubuntu/pico-nexmon/pico-sdk/src/common/pico_time/time.c.obj
                0x00000000100034cc                best_effort_wfe_or_timeout
 .text.hardware_alarm_irq_handler
                0x0000000010003578       0x90 CMakeFiles/pico20Proj.dir/home/ubuntu/pico-nexmon/pico-sdk/src/rp2_common/hardware_timer/timer.c.obj
 .text.hardware_alarm_claim
                0x0000000010003608       0x18 CMakeFiles/pico20Proj.dir/home/ubuntu/pico-nexmon/pico-sdk/src/rp2_common/hardware_timer/timer.c.obj
                0x0000000010003608                hardware_alarm_claim
 .text.time_us_64
                0x0000000010003620       0x18 CMakeFiles/pico20Proj.dir/home/ubuntu/pico-nexmon/pico-sdk/src/rp2_common/hardware_timer/timer.c.obj
                0x0000000010003620                time_us_64
 .text.busy_wait_until
                0x0000000010003638       0x28 CMakeFiles/pico20Proj.dir/home/ubuntu/pico-nexmon/pico-sdk/src/rp2_common/hardware_timer/timer.c.obj
                0x0000000010003638                busy_wait_until
 .text.busy_wait_us
                0x0000000010003660       0x48 CMakeFiles/pico20Proj.dir/home/ubuntu/pico-nexmon/pico-sdk/src/rp2_common/hardware_timer/timer.c.obj
                0x0000000010003660                busy_wait_us
 .text.hardware_alarm_set_callback
                0x00000000100036a8       0x90 CMakeFiles/pico20Proj.dir/home/ubuntu/pico-nexmon/pico-sdk/src/rp2_common/hardware_timer/timer.c.obj
                0x00000000100036a8                hardware_alarm_set_callback
 .text.hardware_alarm_set_target
                0x0000000010003738       0xe8 CMakeFiles/pico20Proj.dir/home/ubuntu/pico-nexmon/pico-sdk/src/rp2_common/hardware_timer/timer.c.obj
                0x0000000010003738                hardware_alarm_set_target
 .text.hardware_alarm_cancel
                0x0000000010003820       0x40 CMakeFiles/pico20Proj.dir/home/ubuntu/pico-nexmon/pico-sdk/src/rp2_common/hardware_timer/timer.c.obj
                0x0000000010003820                hardware_alarm_cancel
 .text.ph_add_child_node
                0x0000000010003860       0xa4 CMakeFiles/pico20Proj.dir/home/ubuntu/pico-nexmon/pico-sdk/src/common/pico_util/pheap.c.obj
 .text.ph_merge_nodes
                0x0000000010003904       0x3e CMakeFiles/pico20Proj.dir/home/ubuntu/pico-nexmon/pico-sdk/src/common/pico_util/pheap.c.obj
 *fill*         0x0000000010003942        0x2 
 .text.ph_clear
                0x0000000010003944       0x70 CMakeFiles/pico20Proj.dir/home/ubuntu/pico-nexmon/pico-sdk/src/common/pico_util/pheap.c.obj
                0x0000000010003944                ph_clear
 .text.ph_post_alloc_init
                0x00000000100039b4        0xe CMakeFiles/pico20Proj.dir/home/ubuntu/pico-nexmon/pico-sdk/src/common/pico_util/pheap.c.obj
                0x00000000100039b4                ph_post_alloc_init
 *fill*         0x00000000100039c2        0x2 
 .text.ph_merge_two_pass
                0x00000000100039c4       0xa8 CMakeFiles/pico20Proj.dir/home/ubuntu/pico-nexmon/pico-sdk/src/common/pico_util/pheap.c.obj
                0x00000000100039c4                ph_merge_two_pass
 .text.ph_remove_any_head
                0x0000000010003a6c      0x128 CMakeFiles/pico20Proj.dir/home/ubuntu/pico-nexmon/pico-sdk/src/common/pico_util/pheap.c.obj
 .text.ph_remove_head
                0x0000000010003b94       0x14 CMakeFiles/pico20Proj.dir/home/ubuntu/pico-nexmon/pico-sdk/src/common/pico_util/pheap.c.obj
                0x0000000010003b94                ph_remove_head
 .text.ph_remove_and_free_node
                0x0000000010003ba8       0xf8 CMakeFiles/pico20Proj.dir/home/ubuntu/pico-nexmon/pico-sdk/src/common/pico_util/pheap.c.obj
                0x0000000010003ba8                ph_remove_and_free_node
 .text.pll_init
                0x0000000010003ca0      0x120 CMakeFiles/pico20Proj.dir/home/ubuntu/pico-nexmon/pico-sdk/src/rp2_common/hardware_pll/pll.c.obj
                0x0000000010003ca0                pll_init
 .text.watchdog_start_tick
                0x0000000010003dc0       0x10 CMakeFiles/pico20Proj.dir/home/ubuntu/pico-nexmon/pico-sdk/src/rp2_common/hardware_watchdog/watchdog.c.obj
                0x0000000010003dc0                watchdog_start_tick
 .text.watchdog_update
                0x0000000010003dd0       0x14 CMakeFiles/pico20Proj.dir/home/ubuntu/pico-nexmon/pico-sdk/src/rp2_common/hardware_watchdog/watchdog.c.obj
                0x0000000010003dd0                watchdog_update
 .text._watchdog_enable
                0x0000000010003de4       0x78 CMakeFiles/pico20Proj.dir/home/ubuntu/pico-nexmon/pico-sdk/src/rp2_common/hardware_watchdog/watchdog.c.obj
                0x0000000010003de4                _watchdog_enable
 .text.watchdog_reboot
                0x0000000010003e5c       0x48 CMakeFiles/pico20Proj.dir/home/ubuntu/pico-nexmon/pico-sdk/src/rp2_common/hardware_watchdog/watchdog.c.obj
                0x0000000010003e5c                watchdog_reboot
 .text.xosc_init
                0x0000000010003ea4       0x28 CMakeFiles/pico20Proj.dir/home/ubuntu/pico-nexmon/pico-sdk/src/rp2_common/hardware_xosc/xosc.c.obj
                0x0000000010003ea4                xosc_init
 .text.lwip_init
                0x0000000010003ecc       0x24 CMakeFiles/pico20Proj.dir/home/ubuntu/pico-nexmon/pico-sdk/lib/lwip/src/core/init.c.obj
                0x0000000010003ecc                lwip_init
 .text.lwip_htons
                0x0000000010003ef0        0xa CMakeFiles/pico20Proj.dir/home/ubuntu/pico-nexmon/pico-sdk/lib/lwip/src/core/def.c.obj
                0x0000000010003ef0                lwip_htons
 .text.lwip_htonl
                0x0000000010003efa       0x1c CMakeFiles/pico20Proj.dir/home/ubuntu/pico-nexmon/pico-sdk/lib/lwip/src/core/def.c.obj
                0x0000000010003efa                lwip_htonl
 *fill*         0x0000000010003f16        0x2 
 .text.dns_backupserver_available
                0x0000000010003f18       0x28 CMakeFiles/pico20Proj.dir/home/ubuntu/pico-nexmon/pico-sdk/lib/lwip/src/core/dns.c.obj
 .text.dns_create_txid
                0x0000000010003f40       0x3c CMakeFiles/pico20Proj.dir/home/ubuntu/pico-nexmon/pico-sdk/lib/lwip/src/core/dns.c.obj
 .text.dns_call_found
                0x0000000010003f7c       0xf4 CMakeFiles/pico20Proj.dir/home/ubuntu/pico-nexmon/pico-sdk/lib/lwip/src/core/dns.c.obj
 .text.dns_send
                0x0000000010004070      0x178 CMakeFiles/pico20Proj.dir/home/ubuntu/pico-nexmon/pico-sdk/lib/lwip/src/core/dns.c.obj
 .text.dns_check_entry
                0x00000000100041e8      0x11c CMakeFiles/pico20Proj.dir/home/ubuntu/pico-nexmon/pico-sdk/lib/lwip/src/core/dns.c.obj
 .text.dns_check_entries
                0x0000000010004304       0x16 CMakeFiles/pico20Proj.dir/home/ubuntu/pico-nexmon/pico-sdk/lib/lwip/src/core/dns.c.obj
 .text.dns_init
                0x000000001000431a        0x2 CMakeFiles/pico20Proj.dir/home/ubuntu/pico-nexmon/pico-sdk/lib/lwip/src/core/dns.c.obj
                0x000000001000431a                dns_init
 .text.dns_setserver
                0x000000001000431c       0x28 CMakeFiles/pico20Proj.dir/home/ubuntu/pico-nexmon/pico-sdk/lib/lwip/src/core/dns.c.obj
                0x000000001000431c                dns_setserver
 .text.dns_tmr  0x0000000010004344        0x8 CMakeFiles/pico20Proj.dir/home/ubuntu/pico-nexmon/pico-sdk/lib/lwip/src/core/dns.c.obj
                0x0000000010004344                dns_tmr
 .text.lwip_standard_chksum
                0x000000001000434c       0xac CMakeFiles/pico20Proj.dir/home/ubuntu/pico-nexmon/pico-sdk/lib/lwip/src/core/inet_chksum.c.obj
                0x000000001000434c                lwip_standard_chksum
 .text.inet_cksum_pseudo_base
                0x00000000100043f8       0x7c CMakeFiles/pico20Proj.dir/home/ubuntu/pico-nexmon/pico-sdk/lib/lwip/src/core/inet_chksum.c.obj
 .text.inet_chksum_pseudo
                0x0000000010004474       0x30 CMakeFiles/pico20Proj.dir/home/ubuntu/pico-nexmon/pico-sdk/lib/lwip/src/core/inet_chksum.c.obj
                0x0000000010004474                inet_chksum_pseudo
 .text.ip_chksum_pseudo
                0x00000000100044a4       0x10 CMakeFiles/pico20Proj.dir/home/ubuntu/pico-nexmon/pico-sdk/lib/lwip/src/core/inet_chksum.c.obj
                0x00000000100044a4                ip_chksum_pseudo
 .text.inet_chksum
                0x00000000100044b4        0xc CMakeFiles/pico20Proj.dir/home/ubuntu/pico-nexmon/pico-sdk/lib/lwip/src/core/inet_chksum.c.obj
                0x00000000100044b4                inet_chksum
 .text.inet_chksum_pbuf
                0x00000000100044c0       0x52 CMakeFiles/pico20Proj.dir/home/ubuntu/pico-nexmon/pico-sdk/lib/lwip/src/core/inet_chksum.c.obj
                0x00000000100044c0                inet_chksum_pbuf
 *fill*         0x0000000010004512        0x2 
 .text.ptr_to_mem
                0x0000000010004514        0xc CMakeFiles/pico20Proj.dir/home/ubuntu/pico-nexmon/pico-sdk/lib/lwip/src/core/mem.c.obj
 .text.mem_to_ptr
                0x0000000010004520       0x10 CMakeFiles/pico20Proj.dir/home/ubuntu/pico-nexmon/pico-sdk/lib/lwip/src/core/mem.c.obj
 .text.mem_link_valid
                0x0000000010004530       0x5c CMakeFiles/pico20Proj.dir/home/ubuntu/pico-nexmon/pico-sdk/lib/lwip/src/core/mem.c.obj
 .text.plug_holes
                0x000000001000458c       0xd4 CMakeFiles/pico20Proj.dir/home/ubuntu/pico-nexmon/pico-sdk/lib/lwip/src/core/mem.c.obj
 .text.mem_init
                0x0000000010004660       0x44 CMakeFiles/pico20Proj.dir/home/ubuntu/pico-nexmon/pico-sdk/lib/lwip/src/core/mem.c.obj
                0x0000000010004660                mem_init
 .text.mem_free
                0x00000000100046a4       0x84 CMakeFiles/pico20Proj.dir/home/ubuntu/pico-nexmon/pico-sdk/lib/lwip/src/core/mem.c.obj
                0x00000000100046a4                mem_free
 .text.mem_trim
                0x0000000010004728      0x134 CMakeFiles/pico20Proj.dir/home/ubuntu/pico-nexmon/pico-sdk/lib/lwip/src/core/mem.c.obj
                0x0000000010004728                mem_trim
 .text.mem_malloc
                0x000000001000485c      0x134 CMakeFiles/pico20Proj.dir/home/ubuntu/pico-nexmon/pico-sdk/lib/lwip/src/core/mem.c.obj
                0x000000001000485c                mem_malloc
 .text.do_memp_malloc_pool
                0x0000000010004990       0x30 CMakeFiles/pico20Proj.dir/home/ubuntu/pico-nexmon/pico-sdk/lib/lwip/src/core/memp.c.obj
 .text.do_memp_free_pool
                0x00000000100049c0       0x28 CMakeFiles/pico20Proj.dir/home/ubuntu/pico-nexmon/pico-sdk/lib/lwip/src/core/memp.c.obj
 .text.memp_init_pool
                0x00000000100049e8       0x2a CMakeFiles/pico20Proj.dir/home/ubuntu/pico-nexmon/pico-sdk/lib/lwip/src/core/memp.c.obj
                0x00000000100049e8                memp_init_pool
 *fill*         0x0000000010004a12        0x2 
 .text.memp_init
                0x0000000010004a14       0x20 CMakeFiles/pico20Proj.dir/home/ubuntu/pico-nexmon/pico-sdk/lib/lwip/src/core/memp.c.obj
                0x0000000010004a14                memp_init
 .text.memp_malloc
                0x0000000010004a34       0x24 CMakeFiles/pico20Proj.dir/home/ubuntu/pico-nexmon/pico-sdk/lib/lwip/src/core/memp.c.obj
                0x0000000010004a34                memp_malloc
 .text.memp_free
                0x0000000010004a58       0x28 CMakeFiles/pico20Proj.dir/home/ubuntu/pico-nexmon/pico-sdk/lib/lwip/src/core/memp.c.obj
                0x0000000010004a58                memp_free
 .text.netif_do_set_netmask
                0x0000000010004a80       0x1a CMakeFiles/pico20Proj.dir/home/ubuntu/pico-nexmon/pico-sdk/lib/lwip/src/core/netif.c.obj
 .text.netif_do_set_gw
                0x0000000010004a9a       0x1a CMakeFiles/pico20Proj.dir/home/ubuntu/pico-nexmon/pico-sdk/lib/lwip/src/core/netif.c.obj
 .text.netif_null_output_ip4
                0x0000000010004ab4        0x6 CMakeFiles/pico20Proj.dir/home/ubuntu/pico-nexmon/pico-sdk/lib/lwip/src/core/netif.c.obj
 .text.netif_do_ip_addr_changed
                0x0000000010004aba       0x1c CMakeFiles/pico20Proj.dir/home/ubuntu/pico-nexmon/pico-sdk/lib/lwip/src/core/netif.c.obj
 *fill*         0x0000000010004ad6        0x2 
 .text.netif_issue_reports
                0x0000000010004ad8       0x34 CMakeFiles/pico20Proj.dir/home/ubuntu/pico-nexmon/pico-sdk/lib/lwip/src/core/netif.c.obj
 .text.netif_do_set_ipaddr
                0x0000000010004b0c       0x54 CMakeFiles/pico20Proj.dir/home/ubuntu/pico-nexmon/pico-sdk/lib/lwip/src/core/netif.c.obj
 .text.netif_init
                0x0000000010004b60        0x2 CMakeFiles/pico20Proj.dir/home/ubuntu/pico-nexmon/pico-sdk/lib/lwip/src/core/netif.c.obj
                0x0000000010004b60                netif_init
 *fill*         0x0000000010004b62        0x2 
 .text.netif_set_addr
                0x0000000010004b64       0x78 CMakeFiles/pico20Proj.dir/home/ubuntu/pico-nexmon/pico-sdk/lib/lwip/src/core/netif.c.obj
                0x0000000010004b64                netif_set_addr
 .text.netif_add
                0x0000000010004bdc      0x124 CMakeFiles/pico20Proj.dir/home/ubuntu/pico-nexmon/pico-sdk/lib/lwip/src/core/netif.c.obj
                0x0000000010004bdc                netif_add
 .text.netif_set_default
                0x0000000010004d00        0xc CMakeFiles/pico20Proj.dir/home/ubuntu/pico-nexmon/pico-sdk/lib/lwip/src/core/netif.c.obj
                0x0000000010004d00                netif_set_default
 .text.netif_set_up
                0x0000000010004d0c       0x34 CMakeFiles/pico20Proj.dir/home/ubuntu/pico-nexmon/pico-sdk/lib/lwip/src/core/netif.c.obj
                0x0000000010004d0c                netif_set_up
 .text.netif_set_down
                0x0000000010004d40       0x38 CMakeFiles/pico20Proj.dir/home/ubuntu/pico-nexmon/pico-sdk/lib/lwip/src/core/netif.c.obj
                0x0000000010004d40                netif_set_down
 .text.netif_remove
                0x0000000010004d78       0x64 CMakeFiles/pico20Proj.dir/home/ubuntu/pico-nexmon/pico-sdk/lib/lwip/src/core/netif.c.obj
                0x0000000010004d78                netif_remove
 .text.netif_set_link_up
                0x0000000010004ddc       0x3c CMakeFiles/pico20Proj.dir/home/ubuntu/pico-nexmon/pico-sdk/lib/lwip/src/core/netif.c.obj
                0x0000000010004ddc                netif_set_link_up
 .text.netif_set_link_down
                0x0000000010004e18       0x2c CMakeFiles/pico20Proj.dir/home/ubuntu/pico-nexmon/pico-sdk/lib/lwip/src/core/netif.c.obj
                0x0000000010004e18                netif_set_link_down
 .text.netif_get_by_index
                0x0000000010004e44       0x24 CMakeFiles/pico20Proj.dir/home/ubuntu/pico-nexmon/pico-sdk/lib/lwip/src/core/netif.c.obj
                0x0000000010004e44                netif_get_by_index
 .text.pbuf_init_alloced_pbuf
                0x0000000010004e68       0x20 CMakeFiles/pico20Proj.dir/home/ubuntu/pico-nexmon/pico-sdk/lib/lwip/src/core/pbuf.c.obj
 .text.pbuf_skip_const
                0x0000000010004e88       0x1a CMakeFiles/pico20Proj.dir/home/ubuntu/pico-nexmon/pico-sdk/lib/lwip/src/core/pbuf.c.obj
 *fill*         0x0000000010004ea2        0x2 
 .text.pbuf_pool_is_empty
                0x0000000010004ea4       0x18 CMakeFiles/pico20Proj.dir/home/ubuntu/pico-nexmon/pico-sdk/lib/lwip/src/core/pbuf.c.obj
 .text.pbuf_add_header_impl
                0x0000000010004ebc       0x68 CMakeFiles/pico20Proj.dir/home/ubuntu/pico-nexmon/pico-sdk/lib/lwip/src/core/pbuf.c.obj
 .text.pbuf_free_ooseq
                0x0000000010004f24       0x30 CMakeFiles/pico20Proj.dir/home/ubuntu/pico-nexmon/pico-sdk/lib/lwip/src/core/pbuf.c.obj
                0x0000000010004f24                pbuf_free_ooseq
 .text.pbuf_alloc_reference
                0x0000000010004f54       0x3c CMakeFiles/pico20Proj.dir/home/ubuntu/pico-nexmon/pico-sdk/lib/lwip/src/core/pbuf.c.obj
                0x0000000010004f54                pbuf_alloc_reference
 .text.pbuf_add_header
                0x0000000010004f90        0xa CMakeFiles/pico20Proj.dir/home/ubuntu/pico-nexmon/pico-sdk/lib/lwip/src/core/pbuf.c.obj
                0x0000000010004f90                pbuf_add_header
 *fill*         0x0000000010004f9a        0x2 
 .text.pbuf_remove_header
                0x0000000010004f9c       0x50 CMakeFiles/pico20Proj.dir/home/ubuntu/pico-nexmon/pico-sdk/lib/lwip/src/core/pbuf.c.obj
                0x0000000010004f9c                pbuf_remove_header
 .text.pbuf_header_impl
                0x0000000010004fec       0x14 CMakeFiles/pico20Proj.dir/home/ubuntu/pico-nexmon/pico-sdk/lib/lwip/src/core/pbuf.c.obj
 .text.pbuf_header_force
                0x0000000010005000        0xa CMakeFiles/pico20Proj.dir/home/ubuntu/pico-nexmon/pico-sdk/lib/lwip/src/core/pbuf.c.obj
                0x0000000010005000                pbuf_header_force
 *fill*         0x000000001000500a        0x2 
 .text.pbuf_free
                0x000000001000500c       0x7c CMakeFiles/pico20Proj.dir/home/ubuntu/pico-nexmon/pico-sdk/lib/lwip/src/core/pbuf.c.obj
                0x000000001000500c                pbuf_free
 .text.pbuf_alloc
                0x0000000010005088      0x148 CMakeFiles/pico20Proj.dir/home/ubuntu/pico-nexmon/pico-sdk/lib/lwip/src/core/pbuf.c.obj
                0x0000000010005088                pbuf_alloc
 .text.pbuf_realloc
                0x00000000100051d0       0x84 CMakeFiles/pico20Proj.dir/home/ubuntu/pico-nexmon/pico-sdk/lib/lwip/src/core/pbuf.c.obj
                0x00000000100051d0                pbuf_realloc
 .text.pbuf_clen
                0x0000000010005254       0x12 CMakeFiles/pico20Proj.dir/home/ubuntu/pico-nexmon/pico-sdk/lib/lwip/src/core/pbuf.c.obj
                0x0000000010005254                pbuf_clen
 *fill*         0x0000000010005266        0x2 
 .text.pbuf_ref
                0x0000000010005268       0x28 CMakeFiles/pico20Proj.dir/home/ubuntu/pico-nexmon/pico-sdk/lib/lwip/src/core/pbuf.c.obj
                0x0000000010005268                pbuf_ref
 .text.pbuf_cat
                0x0000000010005290       0x44 CMakeFiles/pico20Proj.dir/home/ubuntu/pico-nexmon/pico-sdk/lib/lwip/src/core/pbuf.c.obj
                0x0000000010005290                pbuf_cat
 .text.pbuf_chain
                0x00000000100052d4       0x10 CMakeFiles/pico20Proj.dir/home/ubuntu/pico-nexmon/pico-sdk/lib/lwip/src/core/pbuf.c.obj
                0x00000000100052d4                pbuf_chain
 .text.pbuf_copy_partial_pbuf
                0x00000000100052e4      0x13c CMakeFiles/pico20Proj.dir/home/ubuntu/pico-nexmon/pico-sdk/lib/lwip/src/core/pbuf.c.obj
                0x00000000100052e4                pbuf_copy_partial_pbuf
 .text.pbuf_copy
                0x0000000010005420       0x20 CMakeFiles/pico20Proj.dir/home/ubuntu/pico-nexmon/pico-sdk/lib/lwip/src/core/pbuf.c.obj
                0x0000000010005420                pbuf_copy
 .text.pbuf_copy_partial
                0x0000000010005440       0x90 CMakeFiles/pico20Proj.dir/home/ubuntu/pico-nexmon/pico-sdk/lib/lwip/src/core/pbuf.c.obj
                0x0000000010005440                pbuf_copy_partial
 .text.pbuf_skip
                0x00000000100054d0        0x8 CMakeFiles/pico20Proj.dir/home/ubuntu/pico-nexmon/pico-sdk/lib/lwip/src/core/pbuf.c.obj
                0x00000000100054d0                pbuf_skip
 .text.pbuf_take
                0x00000000100054d8       0x98 CMakeFiles/pico20Proj.dir/home/ubuntu/pico-nexmon/pico-sdk/lib/lwip/src/core/pbuf.c.obj
                0x00000000100054d8                pbuf_take
 .text.pbuf_take_at
                0x0000000010005570       0x70 CMakeFiles/pico20Proj.dir/home/ubuntu/pico-nexmon/pico-sdk/lib/lwip/src/core/pbuf.c.obj
                0x0000000010005570                pbuf_take_at
 .text.pbuf_clone
                0x00000000100055e0       0x2c CMakeFiles/pico20Proj.dir/home/ubuntu/pico-nexmon/pico-sdk/lib/lwip/src/core/pbuf.c.obj
                0x00000000100055e0                pbuf_clone
 .text.pbuf_put_at
                0x000000001000560c       0x26 CMakeFiles/pico20Proj.dir/home/ubuntu/pico-nexmon/pico-sdk/lib/lwip/src/core/pbuf.c.obj
                0x000000001000560c                pbuf_put_at
 *fill*         0x0000000010005632        0x2 
 .text.raw_input_local_match
                0x0000000010005634       0x5c CMakeFiles/pico20Proj.dir/home/ubuntu/pico-nexmon/pico-sdk/lib/lwip/src/core/raw.c.obj
 .text.raw_input
                0x0000000010005690       0xb0 CMakeFiles/pico20Proj.dir/home/ubuntu/pico-nexmon/pico-sdk/lib/lwip/src/core/raw.c.obj
                0x0000000010005690                raw_input
 .text.raw_netif_ip_addr_changed
                0x0000000010005740       0x38 CMakeFiles/pico20Proj.dir/home/ubuntu/pico-nexmon/pico-sdk/lib/lwip/src/core/raw.c.obj
                0x0000000010005740                raw_netif_ip_addr_changed
 .text.stats_init
                0x0000000010005778        0x2 CMakeFiles/pico20Proj.dir/home/ubuntu/pico-nexmon/pico-sdk/lib/lwip/src/core/stats.c.obj
                0x0000000010005778                stats_init
 *fill*         0x000000001000577a        0x2 
 .text.tcp_new_port
                0x000000001000577c       0x6c CMakeFiles/pico20Proj.dir/home/ubuntu/pico-nexmon/pico-sdk/lib/lwip/src/core/tcp.c.obj
 .text.tcp_remove_listener
                0x00000000100057e8       0x24 CMakeFiles/pico20Proj.dir/home/ubuntu/pico-nexmon/pico-sdk/lib/lwip/src/core/tcp.c.obj
 .text.tcp_listen_closed
                0x000000001000580c       0x40 CMakeFiles/pico20Proj.dir/home/ubuntu/pico-nexmon/pico-sdk/lib/lwip/src/core/tcp.c.obj
 .text.tcp_free_listen
                0x000000001000584c       0x1c CMakeFiles/pico20Proj.dir/home/ubuntu/pico-nexmon/pico-sdk/lib/lwip/src/core/tcp.c.obj
 .text.tcp_close_shutdown_fin
                0x0000000010005868       0x68 CMakeFiles/pico20Proj.dir/home/ubuntu/pico-nexmon/pico-sdk/lib/lwip/src/core/tcp.c.obj
 .text.tcp_handle_closepend
                0x00000000100058d0       0x28 CMakeFiles/pico20Proj.dir/home/ubuntu/pico-nexmon/pico-sdk/lib/lwip/src/core/tcp.c.obj
 .text.tcp_init
                0x00000000100058f8       0x20 CMakeFiles/pico20Proj.dir/home/ubuntu/pico-nexmon/pico-sdk/lib/lwip/src/core/tcp.c.obj
                0x00000000100058f8                tcp_init
 .text.tcp_free
                0x0000000010005918       0x1c CMakeFiles/pico20Proj.dir/home/ubuntu/pico-nexmon/pico-sdk/lib/lwip/src/core/tcp.c.obj
                0x0000000010005918                tcp_free
 .text.tcp_bind
                0x0000000010005934       0xc8 CMakeFiles/pico20Proj.dir/home/ubuntu/pico-nexmon/pico-sdk/lib/lwip/src/core/tcp.c.obj
                0x0000000010005934                tcp_bind
 .text.tcp_listen_with_backlog_and_err
                0x00000000100059fc       0xd0 CMakeFiles/pico20Proj.dir/home/ubuntu/pico-nexmon/pico-sdk/lib/lwip/src/core/tcp.c.obj
                0x00000000100059fc                tcp_listen_with_backlog_and_err
 .text.tcp_listen_with_backlog
                0x0000000010005acc        0xa CMakeFiles/pico20Proj.dir/home/ubuntu/pico-nexmon/pico-sdk/lib/lwip/src/core/tcp.c.obj
                0x0000000010005acc                tcp_listen_with_backlog
 *fill*         0x0000000010005ad6        0x2 
 .text.tcp_update_rcv_ann_wnd
                0x0000000010005ad8       0x58 CMakeFiles/pico20Proj.dir/home/ubuntu/pico-nexmon/pico-sdk/lib/lwip/src/core/tcp.c.obj
                0x0000000010005ad8                tcp_update_rcv_ann_wnd
 .text.tcp_recved
                0x0000000010005b30       0x60 CMakeFiles/pico20Proj.dir/home/ubuntu/pico-nexmon/pico-sdk/lib/lwip/src/core/tcp.c.obj
                0x0000000010005b30                tcp_recved
 .text.tcp_seg_free
                0x0000000010005b90       0x1a CMakeFiles/pico20Proj.dir/home/ubuntu/pico-nexmon/pico-sdk/lib/lwip/src/core/tcp.c.obj
                0x0000000010005b90                tcp_seg_free
 .text.tcp_segs_free
                0x0000000010005baa       0x12 CMakeFiles/pico20Proj.dir/home/ubuntu/pico-nexmon/pico-sdk/lib/lwip/src/core/tcp.c.obj
                0x0000000010005baa                tcp_segs_free
 .text.tcp_seg_copy
                0x0000000010005bbc       0x2c CMakeFiles/pico20Proj.dir/home/ubuntu/pico-nexmon/pico-sdk/lib/lwip/src/core/tcp.c.obj
                0x0000000010005bbc                tcp_seg_copy
 .text.tcp_arg  0x0000000010005be8        0x8 CMakeFiles/pico20Proj.dir/home/ubuntu/pico-nexmon/pico-sdk/lib/lwip/src/core/tcp.c.obj
                0x0000000010005be8                tcp_arg
 .text.tcp_recv
                0x0000000010005bf0       0x1c CMakeFiles/pico20Proj.dir/home/ubuntu/pico-nexmon/pico-sdk/lib/lwip/src/core/tcp.c.obj
                0x0000000010005bf0                tcp_recv
 .text.tcp_sent
                0x0000000010005c0c       0x1c CMakeFiles/pico20Proj.dir/home/ubuntu/pico-nexmon/pico-sdk/lib/lwip/src/core/tcp.c.obj
                0x0000000010005c0c                tcp_sent
 .text.tcp_err  0x0000000010005c28       0x1c CMakeFiles/pico20Proj.dir/home/ubuntu/pico-nexmon/pico-sdk/lib/lwip/src/core/tcp.c.obj
                0x0000000010005c28                tcp_err
 .text.tcp_accept
                0x0000000010005c44       0x10 CMakeFiles/pico20Proj.dir/home/ubuntu/pico-nexmon/pico-sdk/lib/lwip/src/core/tcp.c.obj
                0x0000000010005c44                tcp_accept
 .text.tcp_poll
                0x0000000010005c54       0x2c CMakeFiles/pico20Proj.dir/home/ubuntu/pico-nexmon/pico-sdk/lib/lwip/src/core/tcp.c.obj
                0x0000000010005c54                tcp_poll
 .text.tcp_next_iss
                0x0000000010005c80       0x28 CMakeFiles/pico20Proj.dir/home/ubuntu/pico-nexmon/pico-sdk/lib/lwip/src/core/tcp.c.obj
                0x0000000010005c80                tcp_next_iss
 .text.tcp_eff_send_mss_netif
                0x0000000010005ca8       0x34 CMakeFiles/pico20Proj.dir/home/ubuntu/pico-nexmon/pico-sdk/lib/lwip/src/core/tcp.c.obj
                0x0000000010005ca8                tcp_eff_send_mss_netif
 .text.tcp_free_ooseq
                0x0000000010005cdc       0x14 CMakeFiles/pico20Proj.dir/home/ubuntu/pico-nexmon/pico-sdk/lib/lwip/src/core/tcp.c.obj
                0x0000000010005cdc                tcp_free_ooseq
 .text.tcp_pcb_purge
                0x0000000010005cf0       0x58 CMakeFiles/pico20Proj.dir/home/ubuntu/pico-nexmon/pico-sdk/lib/lwip/src/core/tcp.c.obj
                0x0000000010005cf0                tcp_pcb_purge
 .text.tcp_pcb_remove
                0x0000000010005d48       0xa4 CMakeFiles/pico20Proj.dir/home/ubuntu/pico-nexmon/pico-sdk/lib/lwip/src/core/tcp.c.obj
                0x0000000010005d48                tcp_pcb_remove
 .text.tcp_abandon
                0x0000000010005dec      0x10c CMakeFiles/pico20Proj.dir/home/ubuntu/pico-nexmon/pico-sdk/lib/lwip/src/core/tcp.c.obj
                0x0000000010005dec                tcp_abandon
 .text.tcp_abort
                0x0000000010005ef8        0xa CMakeFiles/pico20Proj.dir/home/ubuntu/pico-nexmon/pico-sdk/lib/lwip/src/core/tcp.c.obj
                0x0000000010005ef8                tcp_abort
 *fill*         0x0000000010005f02        0x2 
 .text.tcp_accept_null
                0x0000000010005f04       0x1c CMakeFiles/pico20Proj.dir/home/ubuntu/pico-nexmon/pico-sdk/lib/lwip/src/core/tcp.c.obj
 .text.tcp_kill_timewait
                0x0000000010005f20       0x38 CMakeFiles/pico20Proj.dir/home/ubuntu/pico-nexmon/pico-sdk/lib/lwip/src/core/tcp.c.obj
 .text.tcp_kill_prio
                0x0000000010005f58       0x58 CMakeFiles/pico20Proj.dir/home/ubuntu/pico-nexmon/pico-sdk/lib/lwip/src/core/tcp.c.obj
 .text.tcp_netif_ip_addr_changed_pcblist
                0x0000000010005fb0       0x30 CMakeFiles/pico20Proj.dir/home/ubuntu/pico-nexmon/pico-sdk/lib/lwip/src/core/tcp.c.obj
 .text.tcp_netif_ip_addr_changed
                0x0000000010005fe0       0x54 CMakeFiles/pico20Proj.dir/home/ubuntu/pico-nexmon/pico-sdk/lib/lwip/src/core/tcp.c.obj
                0x0000000010005fe0                tcp_netif_ip_addr_changed
 .text.tcp_kill_state
                0x0000000010006034       0x54 CMakeFiles/pico20Proj.dir/home/ubuntu/pico-nexmon/pico-sdk/lib/lwip/src/core/tcp.c.obj
 .text.tcp_alloc
                0x0000000010006088       0xcc CMakeFiles/pico20Proj.dir/home/ubuntu/pico-nexmon/pico-sdk/lib/lwip/src/core/tcp.c.obj
                0x0000000010006088                tcp_alloc
 .text.tcp_new_ip_type
                0x0000000010006154        0xa CMakeFiles/pico20Proj.dir/home/ubuntu/pico-nexmon/pico-sdk/lib/lwip/src/core/tcp.c.obj
                0x0000000010006154                tcp_new_ip_type
 *fill*         0x000000001000615e        0x2 
 .text.tcp_close_shutdown
                0x0000000010006160      0x13c CMakeFiles/pico20Proj.dir/home/ubuntu/pico-nexmon/pico-sdk/lib/lwip/src/core/tcp.c.obj
 .text.tcp_close
                0x000000001000629c       0x2c CMakeFiles/pico20Proj.dir/home/ubuntu/pico-nexmon/pico-sdk/lib/lwip/src/core/tcp.c.obj
                0x000000001000629c                tcp_close
 .text.tcp_recv_null
                0x00000000100062c8       0x3c CMakeFiles/pico20Proj.dir/home/ubuntu/pico-nexmon/pico-sdk/lib/lwip/src/core/tcp.c.obj
                0x00000000100062c8                tcp_recv_null
 .text.tcp_process_refused_data
                0x0000000010006304       0x88 CMakeFiles/pico20Proj.dir/home/ubuntu/pico-nexmon/pico-sdk/lib/lwip/src/core/tcp.c.obj
                0x0000000010006304                tcp_process_refused_data
 .text.tcp_fasttmr
                0x000000001000638c       0x80 CMakeFiles/pico20Proj.dir/home/ubuntu/pico-nexmon/pico-sdk/lib/lwip/src/core/tcp.c.obj
                0x000000001000638c                tcp_fasttmr
 .text.tcp_slowtmr
                0x000000001000640c      0x44c CMakeFiles/pico20Proj.dir/home/ubuntu/pico-nexmon/pico-sdk/lib/lwip/src/core/tcp.c.obj
                0x000000001000640c                tcp_slowtmr
 .text.tcp_tmr  0x0000000010006858       0x20 CMakeFiles/pico20Proj.dir/home/ubuntu/pico-nexmon/pico-sdk/lib/lwip/src/core/tcp.c.obj
                0x0000000010006858                tcp_tmr
 .text.tcp_get_next_optbyte
                0x0000000010006878       0x40 CMakeFiles/pico20Proj.dir/home/ubuntu/pico-nexmon/pico-sdk/lib/lwip/src/core/tcp_in.c.obj
 .text.tcp_parseopt
                0x00000000100068b8       0x9c CMakeFiles/pico20Proj.dir/home/ubuntu/pico-nexmon/pico-sdk/lib/lwip/src/core/tcp_in.c.obj
 .text.tcp_input_delayed_close
                0x0000000010006954       0x4c CMakeFiles/pico20Proj.dir/home/ubuntu/pico-nexmon/pico-sdk/lib/lwip/src/core/tcp_in.c.obj
 .text.tcp_timewait_input
                0x00000000100069a0       0xa0 CMakeFiles/pico20Proj.dir/home/ubuntu/pico-nexmon/pico-sdk/lib/lwip/src/core/tcp_in.c.obj
 .text.tcp_listen_input
                0x0000000010006a40      0x15c CMakeFiles/pico20Proj.dir/home/ubuntu/pico-nexmon/pico-sdk/lib/lwip/src/core/tcp_in.c.obj
 .text.tcp_free_acked_segments
                0x0000000010006b9c       0xc0 CMakeFiles/pico20Proj.dir/home/ubuntu/pico-nexmon/pico-sdk/lib/lwip/src/core/tcp_in.c.obj
 .text.tcp_oos_insert_segment
                0x0000000010006c5c       0xd4 CMakeFiles/pico20Proj.dir/home/ubuntu/pico-nexmon/pico-sdk/lib/lwip/src/core/tcp_in.c.obj
 .text.tcp_receive
                0x0000000010006d30      0x9f0 CMakeFiles/pico20Proj.dir/home/ubuntu/pico-nexmon/pico-sdk/lib/lwip/src/core/tcp_in.c.obj
 .text.tcp_process
                0x0000000010007720      0x55c CMakeFiles/pico20Proj.dir/home/ubuntu/pico-nexmon/pico-sdk/lib/lwip/src/core/tcp_in.c.obj
 .text.tcp_input
                0x0000000010007c7c      0x674 CMakeFiles/pico20Proj.dir/home/ubuntu/pico-nexmon/pico-sdk/lib/lwip/src/core/tcp_in.c.obj
                0x0000000010007c7c                tcp_input
 .text.tcp_trigger_input_pcb_close
                0x00000000100082f0       0x10 CMakeFiles/pico20Proj.dir/home/ubuntu/pico-nexmon/pico-sdk/lib/lwip/src/core/tcp_in.c.obj
                0x00000000100082f0                tcp_trigger_input_pcb_close
 .text.tcp_write_checks
                0x0000000010008300       0xa8 CMakeFiles/pico20Proj.dir/home/ubuntu/pico-nexmon/pico-sdk/lib/lwip/src/core/tcp_out.c.obj
 .text.tcp_output_segment_busy
                0x00000000100083a8       0x20 CMakeFiles/pico20Proj.dir/home/ubuntu/pico-nexmon/pico-sdk/lib/lwip/src/core/tcp_out.c.obj
 .text.tcp_output_fill_options
                0x00000000100083c8       0x30 CMakeFiles/pico20Proj.dir/home/ubuntu/pico-nexmon/pico-sdk/lib/lwip/src/core/tcp_out.c.obj
 .text.tcp_pbuf_prealloc
                0x00000000100083f8       0x4c CMakeFiles/pico20Proj.dir/home/ubuntu/pico-nexmon/pico-sdk/lib/lwip/src/core/tcp_out.c.obj
 .text.tcp_create_segment
                0x0000000010008444       0xf4 CMakeFiles/pico20Proj.dir/home/ubuntu/pico-nexmon/pico-sdk/lib/lwip/src/core/tcp_out.c.obj
 .text.tcp_output_alloc_header_common
                0x0000000010008538       0xd0 CMakeFiles/pico20Proj.dir/home/ubuntu/pico-nexmon/pico-sdk/lib/lwip/src/core/tcp_out.c.obj
 .text.tcp_output_alloc_header
                0x0000000010008608       0x3c CMakeFiles/pico20Proj.dir/home/ubuntu/pico-nexmon/pico-sdk/lib/lwip/src/core/tcp_out.c.obj
 .text.tcp_rst_common
                0x0000000010008644       0x68 CMakeFiles/pico20Proj.dir/home/ubuntu/pico-nexmon/pico-sdk/lib/lwip/src/core/tcp_out.c.obj
 .text.tcp_route
                0x00000000100086ac       0x1a CMakeFiles/pico20Proj.dir/home/ubuntu/pico-nexmon/pico-sdk/lib/lwip/src/core/tcp_out.c.obj
 *fill*         0x00000000100086c6        0x2 
 .text.tcp_output_segment
                0x00000000100086c8      0x168 CMakeFiles/pico20Proj.dir/home/ubuntu/pico-nexmon/pico-sdk/lib/lwip/src/core/tcp_out.c.obj
 .text.tcp_output_control_segment_netif
                0x0000000010008830       0x84 CMakeFiles/pico20Proj.dir/home/ubuntu/pico-nexmon/pico-sdk/lib/lwip/src/core/tcp_out.c.obj
 .text.tcp_output_control_segment
                0x00000000100088b4       0x44 CMakeFiles/pico20Proj.dir/home/ubuntu/pico-nexmon/pico-sdk/lib/lwip/src/core/tcp_out.c.obj
 .text.tcp_write
                0x00000000100088f8      0x368 CMakeFiles/pico20Proj.dir/home/ubuntu/pico-nexmon/pico-sdk/lib/lwip/src/core/tcp_out.c.obj
                0x00000000100088f8                tcp_write
 .text.tcp_split_unsent_seg
                0x0000000010008c60      0x1f8 CMakeFiles/pico20Proj.dir/home/ubuntu/pico-nexmon/pico-sdk/lib/lwip/src/core/tcp_out.c.obj
                0x0000000010008c60                tcp_split_unsent_seg
 .text.tcp_enqueue_flags
                0x0000000010008e58      0x11c CMakeFiles/pico20Proj.dir/home/ubuntu/pico-nexmon/pico-sdk/lib/lwip/src/core/tcp_out.c.obj
                0x0000000010008e58                tcp_enqueue_flags
 .text.tcp_send_fin
                0x0000000010008f74       0x68 CMakeFiles/pico20Proj.dir/home/ubuntu/pico-nexmon/pico-sdk/lib/lwip/src/core/tcp_out.c.obj
                0x0000000010008f74                tcp_send_fin
 .text.tcp_rexmit_rto_prepare
                0x0000000010008fdc       0xac CMakeFiles/pico20Proj.dir/home/ubuntu/pico-nexmon/pico-sdk/lib/lwip/src/core/tcp_out.c.obj
                0x0000000010008fdc                tcp_rexmit_rto_prepare
 .text.tcp_rexmit
                0x0000000010009088       0xa4 CMakeFiles/pico20Proj.dir/home/ubuntu/pico-nexmon/pico-sdk/lib/lwip/src/core/tcp_out.c.obj
                0x0000000010009088                tcp_rexmit
 .text.tcp_rexmit_fast
                0x000000001000912c       0x68 CMakeFiles/pico20Proj.dir/home/ubuntu/pico-nexmon/pico-sdk/lib/lwip/src/core/tcp_out.c.obj
                0x000000001000912c                tcp_rexmit_fast
 .text.tcp_rst  0x0000000010009194       0x32 CMakeFiles/pico20Proj.dir/home/ubuntu/pico-nexmon/pico-sdk/lib/lwip/src/core/tcp_out.c.obj
                0x0000000010009194                tcp_rst
 .text.tcp_rst_netif
                0x00000000100091c6       0x38 CMakeFiles/pico20Proj.dir/home/ubuntu/pico-nexmon/pico-sdk/lib/lwip/src/core/tcp_out.c.obj
                0x00000000100091c6                tcp_rst_netif
 *fill*         0x00000000100091fe        0x2 
 .text.tcp_send_empty_ack
                0x0000000010009200       0x64 CMakeFiles/pico20Proj.dir/home/ubuntu/pico-nexmon/pico-sdk/lib/lwip/src/core/tcp_out.c.obj
                0x0000000010009200                tcp_send_empty_ack
 .text.tcp_output
                0x0000000010009264      0x338 CMakeFiles/pico20Proj.dir/home/ubuntu/pico-nexmon/pico-sdk/lib/lwip/src/core/tcp_out.c.obj
                0x0000000010009264                tcp_output
 .text.tcp_rexmit_rto_commit
                0x000000001000959c       0x24 CMakeFiles/pico20Proj.dir/home/ubuntu/pico-nexmon/pico-sdk/lib/lwip/src/core/tcp_out.c.obj
                0x000000001000959c                tcp_rexmit_rto_commit
 .text.tcp_rexmit_rto
                0x00000000100095c0       0x24 CMakeFiles/pico20Proj.dir/home/ubuntu/pico-nexmon/pico-sdk/lib/lwip/src/core/tcp_out.c.obj
                0x00000000100095c0                tcp_rexmit_rto
 .text.tcp_keepalive
                0x00000000100095e4       0x48 CMakeFiles/pico20Proj.dir/home/ubuntu/pico-nexmon/pico-sdk/lib/lwip/src/core/tcp_out.c.obj
                0x00000000100095e4                tcp_keepalive
 .text.tcp_zero_window_probe
                0x000000001000962c      0x10c CMakeFiles/pico20Proj.dir/home/ubuntu/pico-nexmon/pico-sdk/lib/lwip/src/core/tcp_out.c.obj
                0x000000001000962c                tcp_zero_window_probe
 .text.sys_timeout_abs
                0x0000000010009738       0x60 CMakeFiles/pico20Proj.dir/home/ubuntu/pico-nexmon/pico-sdk/lib/lwip/src/core/timeouts.c.obj
 .text.lwip_cyclic_timer
                0x0000000010009798       0x38 CMakeFiles/pico20Proj.dir/home/ubuntu/pico-nexmon/pico-sdk/lib/lwip/src/core/timeouts.c.obj
 .text.sys_timeout
                0x00000000100097d0       0x2c CMakeFiles/pico20Proj.dir/home/ubuntu/pico-nexmon/pico-sdk/lib/lwip/src/core/timeouts.c.obj
                0x00000000100097d0                sys_timeout
 .text.tcp_timer_needed
                0x00000000100097fc       0x40 CMakeFiles/pico20Proj.dir/home/ubuntu/pico-nexmon/pico-sdk/lib/lwip/src/core/timeouts.c.obj
                0x00000000100097fc                tcp_timer_needed
 .text.tcpip_tcp_timer
                0x000000001000983c       0x3c CMakeFiles/pico20Proj.dir/home/ubuntu/pico-nexmon/pico-sdk/lib/lwip/src/core/timeouts.c.obj
 .text.sys_timeouts_init
                0x0000000010009878       0x24 CMakeFiles/pico20Proj.dir/home/ubuntu/pico-nexmon/pico-sdk/lib/lwip/src/core/timeouts.c.obj
                0x0000000010009878                sys_timeouts_init
 .text.sys_check_timeouts
                0x000000001000989c       0x54 CMakeFiles/pico20Proj.dir/home/ubuntu/pico-nexmon/pico-sdk/lib/lwip/src/core/timeouts.c.obj
                0x000000001000989c                sys_check_timeouts
 .text.sys_timeouts_sleeptime
                0x00000000100098f0       0x34 CMakeFiles/pico20Proj.dir/home/ubuntu/pico-nexmon/pico-sdk/lib/lwip/src/core/timeouts.c.obj
                0x00000000100098f0                sys_timeouts_sleeptime
 .text.udp_new_port
                0x0000000010009924       0x54 CMakeFiles/pico20Proj.dir/home/ubuntu/pico-nexmon/pico-sdk/lib/lwip/src/core/udp.c.obj
 .text.udp_input_local_match
                0x0000000010009978       0x90 CMakeFiles/pico20Proj.dir/home/ubuntu/pico-nexmon/pico-sdk/lib/lwip/src/core/udp.c.obj
 .text.udp_init
                0x0000000010009a08       0x20 CMakeFiles/pico20Proj.dir/home/ubuntu/pico-nexmon/pico-sdk/lib/lwip/src/core/udp.c.obj
                0x0000000010009a08                udp_init
 .text.udp_input
                0x0000000010009a28      0x210 CMakeFiles/pico20Proj.dir/home/ubuntu/pico-nexmon/pico-sdk/lib/lwip/src/core/udp.c.obj
                0x0000000010009a28                udp_input
 .text.udp_bind
                0x0000000010009c38       0xbc CMakeFiles/pico20Proj.dir/home/ubuntu/pico-nexmon/pico-sdk/lib/lwip/src/core/udp.c.obj
                0x0000000010009c38                udp_bind
 .text.udp_sendto_if_src
                0x0000000010009cf4      0x17c CMakeFiles/pico20Proj.dir/home/ubuntu/pico-nexmon/pico-sdk/lib/lwip/src/core/udp.c.obj
                0x0000000010009cf4                udp_sendto_if_src
 .text.udp_sendto_if
                0x0000000010009e70       0x84 CMakeFiles/pico20Proj.dir/home/ubuntu/pico-nexmon/pico-sdk/lib/lwip/src/core/udp.c.obj
                0x0000000010009e70                udp_sendto_if
 .text.udp_sendto
                0x0000000010009ef4       0x84 CMakeFiles/pico20Proj.dir/home/ubuntu/pico-nexmon/pico-sdk/lib/lwip/src/core/udp.c.obj
                0x0000000010009ef4                udp_sendto
 .text.udp_connect
                0x0000000010009f78       0x74 CMakeFiles/pico20Proj.dir/home/ubuntu/pico-nexmon/pico-sdk/lib/lwip/src/core/udp.c.obj
                0x0000000010009f78                udp_connect
 .text.udp_recv
                0x0000000010009fec       0x18 CMakeFiles/pico20Proj.dir/home/ubuntu/pico-nexmon/pico-sdk/lib/lwip/src/core/udp.c.obj
                0x0000000010009fec                udp_recv
 .text.udp_remove
                0x000000001000a004       0x44 CMakeFiles/pico20Proj.dir/home/ubuntu/pico-nexmon/pico-sdk/lib/lwip/src/core/udp.c.obj
                0x000000001000a004                udp_remove
 .text.udp_new  0x000000001000a048       0x1c CMakeFiles/pico20Proj.dir/home/ubuntu/pico-nexmon/pico-sdk/lib/lwip/src/core/udp.c.obj
                0x000000001000a048                udp_new
 .text.udp_netif_ip_addr_changed
                0x000000001000a064       0x38 CMakeFiles/pico20Proj.dir/home/ubuntu/pico-nexmon/pico-sdk/lib/lwip/src/core/udp.c.obj
                0x000000001000a064                udp_netif_ip_addr_changed
 .text.dhcp_set_state
                0x000000001000a09c       0x10 CMakeFiles/pico20Proj.dir/home/ubuntu/pico-nexmon/pico-sdk/lib/lwip/src/core/ipv4/dhcp.c.obj
 .text.dhcp_option_short
                0x000000001000a0ac       0x24 CMakeFiles/pico20Proj.dir/home/ubuntu/pico-nexmon/pico-sdk/lib/lwip/src/core/ipv4/dhcp.c.obj
 .text.dhcp_option
                0x000000001000a0d0       0x24 CMakeFiles/pico20Proj.dir/home/ubuntu/pico-nexmon/pico-sdk/lib/lwip/src/core/ipv4/dhcp.c.obj
 .text.dhcp_option_byte
                0x000000001000a0f4       0x1c CMakeFiles/pico20Proj.dir/home/ubuntu/pico-nexmon/pico-sdk/lib/lwip/src/core/ipv4/dhcp.c.obj
 .text.dhcp_option_long
                0x000000001000a110       0x34 CMakeFiles/pico20Proj.dir/home/ubuntu/pico-nexmon/pico-sdk/lib/lwip/src/core/ipv4/dhcp.c.obj
 .text.dhcp_create_msg
                0x000000001000a144      0x138 CMakeFiles/pico20Proj.dir/home/ubuntu/pico-nexmon/pico-sdk/lib/lwip/src/core/ipv4/dhcp.c.obj
 .text.dhcp_option_hostname
                0x000000001000a27c       0x70 CMakeFiles/pico20Proj.dir/home/ubuntu/pico-nexmon/pico-sdk/lib/lwip/src/core/ipv4/dhcp.c.obj
 .text.dhcp_option_trailer
                0x000000001000a2ec       0x30 CMakeFiles/pico20Proj.dir/home/ubuntu/pico-nexmon/pico-sdk/lib/lwip/src/core/ipv4/dhcp.c.obj
 .text.dhcp_rebind
                0x000000001000a31c       0xfc CMakeFiles/pico20Proj.dir/home/ubuntu/pico-nexmon/pico-sdk/lib/lwip/src/core/ipv4/dhcp.c.obj
 .text.dhcp_t2_timeout
                0x000000001000a418       0x2e CMakeFiles/pico20Proj.dir/home/ubuntu/pico-nexmon/pico-sdk/lib/lwip/src/core/ipv4/dhcp.c.obj
 *fill*         0x000000001000a446        0x2 
 .text.dhcp_reboot
                0x000000001000a448      0x120 CMakeFiles/pico20Proj.dir/home/ubuntu/pico-nexmon/pico-sdk/lib/lwip/src/core/ipv4/dhcp.c.obj
 .text.dhcp_select
                0x000000001000a568      0x16c CMakeFiles/pico20Proj.dir/home/ubuntu/pico-nexmon/pico-sdk/lib/lwip/src/core/ipv4/dhcp.c.obj
 .text.dhcp_handle_offer
                0x000000001000a6d4       0x48 CMakeFiles/pico20Proj.dir/home/ubuntu/pico-nexmon/pico-sdk/lib/lwip/src/core/ipv4/dhcp.c.obj
 .text.dhcp_discover
                0x000000001000a71c       0xf8 CMakeFiles/pico20Proj.dir/home/ubuntu/pico-nexmon/pico-sdk/lib/lwip/src/core/ipv4/dhcp.c.obj
 .text.dhcp_dec_pcb_refcount
                0x000000001000a814       0x38 CMakeFiles/pico20Proj.dir/home/ubuntu/pico-nexmon/pico-sdk/lib/lwip/src/core/ipv4/dhcp.c.obj
 .text.dhcp_inc_pcb_refcount
                0x000000001000a84c       0x74 CMakeFiles/pico20Proj.dir/home/ubuntu/pico-nexmon/pico-sdk/lib/lwip/src/core/ipv4/dhcp.c.obj
 .text.dhcp_parse_reply
                0x000000001000a8c0      0x2fc CMakeFiles/pico20Proj.dir/home/ubuntu/pico-nexmon/pico-sdk/lib/lwip/src/core/ipv4/dhcp.c.obj
 .text.dhcp_handle_ack
                0x000000001000abbc       0xd0 CMakeFiles/pico20Proj.dir/home/ubuntu/pico-nexmon/pico-sdk/lib/lwip/src/core/ipv4/dhcp.c.obj
 .text.dhcp_bind
                0x000000001000ac8c      0x104 CMakeFiles/pico20Proj.dir/home/ubuntu/pico-nexmon/pico-sdk/lib/lwip/src/core/ipv4/dhcp.c.obj
 .text.dhcp_handle_nak
                0x000000001000ad90       0x24 CMakeFiles/pico20Proj.dir/home/ubuntu/pico-nexmon/pico-sdk/lib/lwip/src/core/ipv4/dhcp.c.obj
 .text.dhcp_recv
                0x000000001000adb4       0xf4 CMakeFiles/pico20Proj.dir/home/ubuntu/pico-nexmon/pico-sdk/lib/lwip/src/core/ipv4/dhcp.c.obj
 .text.dhcp_set_struct
                0x000000001000aea8       0x44 CMakeFiles/pico20Proj.dir/home/ubuntu/pico-nexmon/pico-sdk/lib/lwip/src/core/ipv4/dhcp.c.obj
                0x000000001000aea8                dhcp_set_struct
 .text.dhcp_network_changed_link_up
                0x000000001000aeec       0x40 CMakeFiles/pico20Proj.dir/home/ubuntu/pico-nexmon/pico-sdk/lib/lwip/src/core/ipv4/dhcp.c.obj
                0x000000001000aeec                dhcp_network_changed_link_up
 .text.dhcp_renew
                0x000000001000af2c       0xf8 CMakeFiles/pico20Proj.dir/home/ubuntu/pico-nexmon/pico-sdk/lib/lwip/src/core/ipv4/dhcp.c.obj
                0x000000001000af2c                dhcp_renew
 .text.dhcp_t1_timeout
                0x000000001000b024       0x2a CMakeFiles/pico20Proj.dir/home/ubuntu/pico-nexmon/pico-sdk/lib/lwip/src/core/ipv4/dhcp.c.obj
 .text.dhcp_supplied_address
                0x000000001000b04e       0x32 CMakeFiles/pico20Proj.dir/home/ubuntu/pico-nexmon/pico-sdk/lib/lwip/src/core/ipv4/dhcp.c.obj
                0x000000001000b04e                dhcp_supplied_address
 .text.dhcp_release_and_stop
                0x000000001000b080       0xdc CMakeFiles/pico20Proj.dir/home/ubuntu/pico-nexmon/pico-sdk/lib/lwip/src/core/ipv4/dhcp.c.obj
                0x000000001000b080                dhcp_release_and_stop
 .text.dhcp_start
                0x000000001000b15c       0xac CMakeFiles/pico20Proj.dir/home/ubuntu/pico-nexmon/pico-sdk/lib/lwip/src/core/ipv4/dhcp.c.obj
                0x000000001000b15c                dhcp_start
 .text.dhcp_coarse_tmr
                0x000000001000b208       0x6c CMakeFiles/pico20Proj.dir/home/ubuntu/pico-nexmon/pico-sdk/lib/lwip/src/core/ipv4/dhcp.c.obj
                0x000000001000b208                dhcp_coarse_tmr
 .text.dhcp_timeout
                0x000000001000b274       0x4a CMakeFiles/pico20Proj.dir/home/ubuntu/pico-nexmon/pico-sdk/lib/lwip/src/core/ipv4/dhcp.c.obj
 *fill*         0x000000001000b2be        0x2 
 .text.dhcp_fine_tmr
                0x000000001000b2c0       0x38 CMakeFiles/pico20Proj.dir/home/ubuntu/pico-nexmon/pico-sdk/lib/lwip/src/core/ipv4/dhcp.c.obj
                0x000000001000b2c0                dhcp_fine_tmr
 .text.dhcp_stop
                0x000000001000b2f8        0x8 CMakeFiles/pico20Proj.dir/home/ubuntu/pico-nexmon/pico-sdk/lib/lwip/src/core/ipv4/dhcp.c.obj
                0x000000001000b2f8                dhcp_stop
 .text.etharp_free_entry
                0x000000001000b300       0x4c CMakeFiles/pico20Proj.dir/home/ubuntu/pico-nexmon/pico-sdk/lib/lwip/src/core/ipv4/etharp.c.obj
 .text.etharp_find_entry
                0x000000001000b34c      0x1b0 CMakeFiles/pico20Proj.dir/home/ubuntu/pico-nexmon/pico-sdk/lib/lwip/src/core/ipv4/etharp.c.obj
 .text.etharp_update_arp_entry
                0x000000001000b4fc       0xc8 CMakeFiles/pico20Proj.dir/home/ubuntu/pico-nexmon/pico-sdk/lib/lwip/src/core/ipv4/etharp.c.obj
 .text.etharp_raw
                0x000000001000b5c4       0xf0 CMakeFiles/pico20Proj.dir/home/ubuntu/pico-nexmon/pico-sdk/lib/lwip/src/core/ipv4/etharp.c.obj
 .text.etharp_request_dst
                0x000000001000b6b4       0x24 CMakeFiles/pico20Proj.dir/home/ubuntu/pico-nexmon/pico-sdk/lib/lwip/src/core/ipv4/etharp.c.obj
 .text.etharp_cleanup_netif
                0x000000001000b6d8       0x3c CMakeFiles/pico20Proj.dir/home/ubuntu/pico-nexmon/pico-sdk/lib/lwip/src/core/ipv4/etharp.c.obj
                0x000000001000b6d8                etharp_cleanup_netif
 .text.etharp_input
                0x000000001000b714      0x120 CMakeFiles/pico20Proj.dir/home/ubuntu/pico-nexmon/pico-sdk/lib/lwip/src/core/ipv4/etharp.c.obj
                0x000000001000b714                etharp_input
 .text.etharp_request
                0x000000001000b834       0x10 CMakeFiles/pico20Proj.dir/home/ubuntu/pico-nexmon/pico-sdk/lib/lwip/src/core/ipv4/etharp.c.obj
                0x000000001000b834                etharp_request
 .text.etharp_tmr
                0x000000001000b844       0x8c CMakeFiles/pico20Proj.dir/home/ubuntu/pico-nexmon/pico-sdk/lib/lwip/src/core/ipv4/etharp.c.obj
                0x000000001000b844                etharp_tmr
 .text.etharp_output_to_arp_index
                0x000000001000b8d0       0xc0 CMakeFiles/pico20Proj.dir/home/ubuntu/pico-nexmon/pico-sdk/lib/lwip/src/core/ipv4/etharp.c.obj
 .text.etharp_query
                0x000000001000b990      0x1d8 CMakeFiles/pico20Proj.dir/home/ubuntu/pico-nexmon/pico-sdk/lib/lwip/src/core/ipv4/etharp.c.obj
                0x000000001000b990                etharp_query
 .text.etharp_output
                0x000000001000bb68      0x154 CMakeFiles/pico20Proj.dir/home/ubuntu/pico-nexmon/pico-sdk/lib/lwip/src/core/ipv4/etharp.c.obj
                0x000000001000bb68                etharp_output
 .text.icmp_send_response
                0x000000001000bcbc       0xd4 CMakeFiles/pico20Proj.dir/home/ubuntu/pico-nexmon/pico-sdk/lib/lwip/src/core/ipv4/icmp.c.obj
 .text.icmp_input
                0x000000001000bd90      0x204 CMakeFiles/pico20Proj.dir/home/ubuntu/pico-nexmon/pico-sdk/lib/lwip/src/core/ipv4/icmp.c.obj
                0x000000001000bd90                icmp_input
 .text.icmp_dest_unreach
                0x000000001000bf94        0xc CMakeFiles/pico20Proj.dir/home/ubuntu/pico-nexmon/pico-sdk/lib/lwip/src/core/ipv4/icmp.c.obj
                0x000000001000bf94                icmp_dest_unreach
 .text.icmp_time_exceeded
                0x000000001000bfa0        0xc CMakeFiles/pico20Proj.dir/home/ubuntu/pico-nexmon/pico-sdk/lib/lwip/src/core/ipv4/icmp.c.obj
                0x000000001000bfa0                icmp_time_exceeded
 .text.ip_reass_dequeue_datagram
                0x000000001000bfac       0x34 CMakeFiles/pico20Proj.dir/home/ubuntu/pico-nexmon/pico-sdk/lib/lwip/src/core/ipv4/ip4_frag.c.obj
 .text.ip_reass_free_complete_datagram
                0x000000001000bfe0       0xe8 CMakeFiles/pico20Proj.dir/home/ubuntu/pico-nexmon/pico-sdk/lib/lwip/src/core/ipv4/ip4_frag.c.obj
 .text.ip_reass_remove_oldest_datagram
                0x000000001000c0c8       0xc4 CMakeFiles/pico20Proj.dir/home/ubuntu/pico-nexmon/pico-sdk/lib/lwip/src/core/ipv4/ip4_frag.c.obj
 .text.ip_reass_chain_frag_into_datagram_and_validate
                0x000000001000c18c      0x27c CMakeFiles/pico20Proj.dir/home/ubuntu/pico-nexmon/pico-sdk/lib/lwip/src/core/ipv4/ip4_frag.c.obj
 .text.ip_reass_enqueue_new_datagram
                0x000000001000c408       0x64 CMakeFiles/pico20Proj.dir/home/ubuntu/pico-nexmon/pico-sdk/lib/lwip/src/core/ipv4/ip4_frag.c.obj
 .text.ip_reass_tmr
                0x000000001000c46c       0x30 CMakeFiles/pico20Proj.dir/home/ubuntu/pico-nexmon/pico-sdk/lib/lwip/src/core/ipv4/ip4_frag.c.obj
                0x000000001000c46c                ip_reass_tmr
 .text.ip4_reass
                0x000000001000c49c      0x284 CMakeFiles/pico20Proj.dir/home/ubuntu/pico-nexmon/pico-sdk/lib/lwip/src/core/ipv4/ip4_frag.c.obj
                0x000000001000c49c                ip4_reass
 .text.ip4_frag
                0x000000001000c720      0x178 CMakeFiles/pico20Proj.dir/home/ubuntu/pico-nexmon/pico-sdk/lib/lwip/src/core/ipv4/ip4_frag.c.obj
                0x000000001000c720                ip4_frag
 .text.ip4_input_accept
                0x000000001000c898       0x38 CMakeFiles/pico20Proj.dir/home/ubuntu/pico-nexmon/pico-sdk/lib/lwip/src/core/ipv4/ip4.c.obj
 .text.ip4_route
                0x000000001000c8d0       0x7c CMakeFiles/pico20Proj.dir/home/ubuntu/pico-nexmon/pico-sdk/lib/lwip/src/core/ipv4/ip4.c.obj
                0x000000001000c8d0                ip4_route
 .text.ip4_input
                0x000000001000c94c      0x2a0 CMakeFiles/pico20Proj.dir/home/ubuntu/pico-nexmon/pico-sdk/lib/lwip/src/core/ipv4/ip4.c.obj
                0x000000001000c94c                ip4_input
 .text.ip4_output_if_src
                0x000000001000cbec      0x1c4 CMakeFiles/pico20Proj.dir/home/ubuntu/pico-nexmon/pico-sdk/lib/lwip/src/core/ipv4/ip4.c.obj
                0x000000001000cbec                ip4_output_if_src
 .text.ip4_output_if
                0x000000001000cdb0       0x2e CMakeFiles/pico20Proj.dir/home/ubuntu/pico-nexmon/pico-sdk/lib/lwip/src/core/ipv4/ip4.c.obj
                0x000000001000cdb0                ip4_output_if
 .text.ip4_addr_isbroadcast_u32
                0x000000001000cdde       0x42 CMakeFiles/pico20Proj.dir/home/ubuntu/pico-nexmon/pico-sdk/lib/lwip/src/core/ipv4/ip4_addr.c.obj
                0x000000001000cdde                ip4_addr_isbroadcast_u32
 .text.ip4addr_ntoa_r
                0x000000001000ce20       0xb0 CMakeFiles/pico20Proj.dir/home/ubuntu/pico-nexmon/pico-sdk/lib/lwip/src/core/ipv4/ip4_addr.c.obj
                0x000000001000ce20                ip4addr_ntoa_r
 .text.ip4addr_ntoa
                0x000000001000ced0       0x10 CMakeFiles/pico20Proj.dir/home/ubuntu/pico-nexmon/pico-sdk/lib/lwip/src/core/ipv4/ip4_addr.c.obj
                0x000000001000ced0                ip4addr_ntoa
 .text.ethernet_input
                0x000000001000cee0       0xe0 CMakeFiles/pico20Proj.dir/home/ubuntu/pico-nexmon/pico-sdk/lib/lwip/src/netif/ethernet.c.obj
                0x000000001000cee0                ethernet_input
 .text.ethernet_output
                0x000000001000cfc0       0x6c CMakeFiles/pico20Proj.dir/home/ubuntu/pico-nexmon/pico-sdk/lib/lwip/src/netif/ethernet.c.obj
                0x000000001000cfc0                ethernet_output
 .text.cyw43_arch_set_async_context
                0x000000001000d02c        0xc CMakeFiles/pico20Proj.dir/home/ubuntu/pico-nexmon/pico-sdk/src/rp2_common/pico_cyw43_arch/cyw43_arch.c.obj
                0x000000001000d02c                cyw43_arch_set_async_context
 .text.cyw43_arch_get_country_code
                0x000000001000d038        0xc CMakeFiles/pico20Proj.dir/home/ubuntu/pico-nexmon/pico-sdk/src/rp2_common/pico_cyw43_arch/cyw43_arch.c.obj
                0x000000001000d038                cyw43_arch_get_country_code
 .text.cyw43_arch_enable_ap_mode
                0x000000001000d044       0xac CMakeFiles/pico20Proj.dir/home/ubuntu/pico-nexmon/pico-sdk/src/rp2_common/pico_cyw43_arch/cyw43_arch.c.obj
                0x000000001000d044                cyw43_arch_enable_ap_mode
 .text.cyw43_arch_disable_ap_mode
                0x000000001000d0f0       0x4c CMakeFiles/pico20Proj.dir/home/ubuntu/pico-nexmon/pico-sdk/src/rp2_common/pico_cyw43_arch/cyw43_arch.c.obj
                0x000000001000d0f0                cyw43_arch_disable_ap_mode
 .text.cyw43_arch_async_context
                0x000000001000d13c        0xc CMakeFiles/pico20Proj.dir/home/ubuntu/pico-nexmon/pico-sdk/src/rp2_common/pico_cyw43_arch/cyw43_arch.c.obj
                0x000000001000d13c                cyw43_arch_async_context
 .text.cyw43_arch_init_default_async_context
                0x000000001000d148       0x20 CMakeFiles/pico20Proj.dir/home/ubuntu/pico-nexmon/pico-sdk/src/rp2_common/pico_cyw43_arch/cyw43_arch_threadsafe_background.c.obj
                0x000000001000d148                cyw43_arch_init_default_async_context
 .text.cyw43_arch_deinit
                0x000000001000d168       0x30 CMakeFiles/pico20Proj.dir/home/ubuntu/pico-nexmon/pico-sdk/src/rp2_common/pico_cyw43_arch/cyw43_arch_threadsafe_background.c.obj
                0x000000001000d168                cyw43_arch_deinit
 .text.cyw43_arch_init
                0x000000001000d198       0x42 CMakeFiles/pico20Proj.dir/home/ubuntu/pico-nexmon/pico-sdk/src/rp2_common/pico_cyw43_arch/cyw43_arch_threadsafe_background.c.obj
                0x000000001000d198                cyw43_arch_init
 .text.cs_set   0x000000001000d1da       0x1c CMakeFiles/pico20Proj.dir/home/ubuntu/pico-nexmon/pico-sdk/src/rp2_common/pico_cyw43_driver/cyw43_bus_pio_spi.c.obj
 *fill*         0x000000001000d1f6        0x2 
 .text.start_spi_comms
                0x000000001000d1f8       0x2c CMakeFiles/pico20Proj.dir/home/ubuntu/pico-nexmon/pico-sdk/src/rp2_common/pico_cyw43_driver/cyw43_bus_pio_spi.c.obj
 .text.ns_delay
                0x000000001000d224       0x20 CMakeFiles/pico20Proj.dir/home/ubuntu/pico-nexmon/pico-sdk/src/rp2_common/pico_cyw43_driver/cyw43_bus_pio_spi.c.obj
 .text.stop_spi_comms
                0x000000001000d244       0x10 CMakeFiles/pico20Proj.dir/home/ubuntu/pico-nexmon/pico-sdk/src/rp2_common/pico_cyw43_driver/cyw43_bus_pio_spi.c.obj
 .text.cyw43_spi_deinit
                0x000000001000d254       0x74 CMakeFiles/pico20Proj.dir/home/ubuntu/pico-nexmon/pico-sdk/src/rp2_common/pico_cyw43_driver/cyw43_bus_pio_spi.c.obj
                0x000000001000d254                cyw43_spi_deinit
 .text.cyw43_spi_init
                0x000000001000d2c8      0x284 CMakeFiles/pico20Proj.dir/home/ubuntu/pico-nexmon/pico-sdk/src/rp2_common/pico_cyw43_driver/cyw43_bus_pio_spi.c.obj
                0x000000001000d2c8                cyw43_spi_init
 .text.cyw43_spi_transfer
                0x000000001000d54c      0x694 CMakeFiles/pico20Proj.dir/home/ubuntu/pico-nexmon/pico-sdk/src/rp2_common/pico_cyw43_driver/cyw43_bus_pio_spi.c.obj
                0x000000001000d54c                cyw43_spi_transfer
 .text.cyw43_spi_gpio_setup
                0x000000001000dbe0       0x3a CMakeFiles/pico20Proj.dir/home/ubuntu/pico-nexmon/pico-sdk/src/rp2_common/pico_cyw43_driver/cyw43_bus_pio_spi.c.obj
                0x000000001000dbe0                cyw43_spi_gpio_setup
 .text.cyw43_spi_reset
                0x000000001000dc1a       0x28 CMakeFiles/pico20Proj.dir/home/ubuntu/pico-nexmon/pico-sdk/src/rp2_common/pico_cyw43_driver/cyw43_bus_pio_spi.c.obj
                0x000000001000dc1a                cyw43_spi_reset
 *fill*         0x000000001000dc42        0x2 
 .text.read_reg_u32_swap
                0x000000001000dc44       0x68 CMakeFiles/pico20Proj.dir/home/ubuntu/pico-nexmon/pico-sdk/src/rp2_common/pico_cyw43_driver/cyw43_bus_pio_spi.c.obj
                0x000000001000dc44                read_reg_u32_swap
 .text.cyw43_read_reg_u32
                0x000000001000dcac       0x54 CMakeFiles/pico20Proj.dir/home/ubuntu/pico-nexmon/pico-sdk/src/rp2_common/pico_cyw43_driver/cyw43_bus_pio_spi.c.obj
                0x000000001000dcac                cyw43_read_reg_u32
 .text.cyw43_read_reg_u16
                0x000000001000dd00       0x54 CMakeFiles/pico20Proj.dir/home/ubuntu/pico-nexmon/pico-sdk/src/rp2_common/pico_cyw43_driver/cyw43_bus_pio_spi.c.obj
                0x000000001000dd00                cyw43_read_reg_u16
 .text.cyw43_read_reg_u8
                0x000000001000dd54       0x54 CMakeFiles/pico20Proj.dir/home/ubuntu/pico-nexmon/pico-sdk/src/rp2_common/pico_cyw43_driver/cyw43_bus_pio_spi.c.obj
                0x000000001000dd54                cyw43_read_reg_u8
 .text.write_reg_u32_swap
                0x000000001000dda8       0x34 CMakeFiles/pico20Proj.dir/home/ubuntu/pico-nexmon/pico-sdk/src/rp2_common/pico_cyw43_driver/cyw43_bus_pio_spi.c.obj
                0x000000001000dda8                write_reg_u32_swap
 .text.cyw43_write_reg_u32
                0x000000001000dddc       0x58 CMakeFiles/pico20Proj.dir/home/ubuntu/pico-nexmon/pico-sdk/src/rp2_common/pico_cyw43_driver/cyw43_bus_pio_spi.c.obj
                0x000000001000dddc                cyw43_write_reg_u32
 .text.cyw43_write_reg_u16
                0x000000001000de34       0x58 CMakeFiles/pico20Proj.dir/home/ubuntu/pico-nexmon/pico-sdk/src/rp2_common/pico_cyw43_driver/cyw43_bus_pio_spi.c.obj
                0x000000001000de34                cyw43_write_reg_u16
 .text.cyw43_write_reg_u8
                0x000000001000de8c       0x58 CMakeFiles/pico20Proj.dir/home/ubuntu/pico-nexmon/pico-sdk/src/rp2_common/pico_cyw43_driver/cyw43_bus_pio_spi.c.obj
                0x000000001000de8c                cyw43_write_reg_u8
 .text.cyw43_read_bytes
                0x000000001000dee4      0x104 CMakeFiles/pico20Proj.dir/home/ubuntu/pico-nexmon/pico-sdk/src/rp2_common/pico_cyw43_driver/cyw43_bus_pio_spi.c.obj
                0x000000001000dee4                cyw43_read_bytes
 .text.cyw43_write_bytes
                0x000000001000dfe8      0x128 CMakeFiles/pico20Proj.dir/home/ubuntu/pico-nexmon/pico-sdk/src/rp2_common/pico_cyw43_driver/cyw43_bus_pio_spi.c.obj
                0x000000001000dfe8                cyw43_write_bytes
 .text.get_core_address
                0x000000001000e110       0x1c CMakeFiles/pico20Proj.dir/__/cyw43-driver/src/cyw43_ll.c.obj
 .text.cyw43_read_reg
                0x000000001000e12c       0x48 CMakeFiles/pico20Proj.dir/__/cyw43-driver/src/cyw43_ll.c.obj
 .text.cyw43_write_reg
                0x000000001000e174       0x4c CMakeFiles/pico20Proj.dir/__/cyw43-driver/src/cyw43_ll.c.obj
 .text.cyw43_set_backplane_window
                0x000000001000e1c0       0x74 CMakeFiles/pico20Proj.dir/__/cyw43-driver/src/cyw43_ll.c.obj
 .text.cyw43_read_backplane
                0x000000001000e234       0x30 CMakeFiles/pico20Proj.dir/__/cyw43-driver/src/cyw43_ll.c.obj
 .text.cyw43_write_backplane
                0x000000001000e264       0x34 CMakeFiles/pico20Proj.dir/__/cyw43-driver/src/cyw43_ll.c.obj
 .text.sdpcm_process_rx_packet
                0x000000001000e298      0x180 CMakeFiles/pico20Proj.dir/__/cyw43-driver/src/cyw43_ll.c.obj
 .text.disable_device_core
                0x000000001000e418       0x3c CMakeFiles/pico20Proj.dir/__/cyw43-driver/src/cyw43_ll.c.obj
 .text.device_core_is_up
                0x000000001000e454       0x4c CMakeFiles/pico20Proj.dir/__/cyw43-driver/src/cyw43_ll.c.obj
 .text.cyw43_ll_wifi_parse_scan_result
                0x000000001000e4a0       0x9c CMakeFiles/pico20Proj.dir/__/cyw43-driver/src/cyw43_ll.c.obj
 .text.cyw43_ll_parse_async_event
                0x000000001000e53c       0x8e CMakeFiles/pico20Proj.dir/__/cyw43-driver/src/cyw43_ll.c.obj
 *fill*         0x000000001000e5ca        0x2 
 .text.cyw43_kso_set
                0x000000001000e5cc       0x98 CMakeFiles/pico20Proj.dir/__/cyw43-driver/src/cyw43_ll.c.obj
 .text.cyw43_ll_bus_sleep_helper
                0x000000001000e664        0xe CMakeFiles/pico20Proj.dir/__/cyw43-driver/src/cyw43_ll.c.obj
 .text.reset_device_core
                0x000000001000e672       0x74 CMakeFiles/pico20Proj.dir/__/cyw43-driver/src/cyw43_ll.c.obj
 *fill*         0x000000001000e6e6        0x2 
 .text.cyw43_download_resource
                0x000000001000e6e8      0x17c CMakeFiles/pico20Proj.dir/__/cyw43-driver/src/cyw43_ll.c.obj
 .text.cyw43_ll_init
                0x000000001000e864       0x20 CMakeFiles/pico20Proj.dir/__/cyw43-driver/src/cyw43_ll.c.obj
                0x000000001000e864                cyw43_ll_init
 .text.cyw43_ll_deinit