Archive member included to satisfy reference by file (symbol)

/usr/lib/gcc/arm-none-eabi/10.3.1/thumb/v6-m/nofp/libgcc.a(_dvmd_tls.o)
                              CMakeFiles/wifi_driver.dir/home/ubuntu/pico-nexmon/pico-sdk/src/rp2_common/pico_divider/divider.S.obj (__aeabi_idiv0)
/usr/lib/gcc/arm-none-eabi/10.3.1/../../../arm-none-eabi/lib/thumb/v6-m/nofp/libg.a(lib_a-atexit.o)
                              /usr/lib/gcc/arm-none-eabi/10.3.1/../../../arm-none-eabi/lib/thumb/v6-m/nofp/crt0.o (atexit)
/usr/lib/gcc/arm-none-eabi/10.3.1/../../../arm-none-eabi/lib/thumb/v6-m/nofp/libg.a(lib_a-atoi.o)
                              CMakeFiles/wifi_driver.dir/home/ubuntu/pico-nexmon/pico-sdk/lib/lwip/src/core/netif.c.obj (atoi)
/usr/lib/gcc/arm-none-eabi/10.3.1/../../../arm-none-eabi/lib/thumb/v6-m/nofp/libg.a(lib_a-calloc.o)
                              CMakeFiles/wifi_driver.dir/home/ubuntu/pico-nexmon/pico-sdk/src/rp2_common/pico_malloc/pico_malloc.c.obj (calloc)
/usr/lib/gcc/arm-none-eabi/10.3.1/../../../arm-none-eabi/lib/thumb/v6-m/nofp/libg.a(lib_a-callocr.o)
                              /usr/lib/gcc/arm-none-eabi/10.3.1/../../../arm-none-eabi/lib/thumb/v6-m/nofp/libg.a(lib_a-calloc.o) (_calloc_r)
/usr/lib/gcc/arm-none-eabi/10.3.1/../../../arm-none-eabi/lib/thumb/v6-m/nofp/libg.a(lib_a-ctype_.o)
                              CMakeFiles/wifi_driver.dir/home/ubuntu/pico-nexmon/pico-sdk/lib/lwip/src/core/dns.c.obj (_ctype_)
/usr/lib/gcc/arm-none-eabi/10.3.1/../../../arm-none-eabi/lib/thumb/v6-m/nofp/libg.a(lib_a-fini.o)
                              /usr/lib/gcc/arm-none-eabi/10.3.1/../../../arm-none-eabi/lib/thumb/v6-m/nofp/crt0.o (__libc_fini_array)
/usr/lib/gcc/arm-none-eabi/10.3.1/../../../arm-none-eabi/lib/thumb/v6-m/nofp/libg.a(lib_a-impure.o)
                              /usr/lib/gcc/arm-none-eabi/10.3.1/../../../arm-none-eabi/lib/thumb/v6-m/nofp/libg.a(lib_a-calloc.o) (_impure_ptr)
/usr/lib/gcc/arm-none-eabi/10.3.1/../../../arm-none-eabi/lib/thumb/v6-m/nofp/libg.a(lib_a-init.o)
                              /usr/lib/gcc/arm-none-eabi/10.3.1/../../../arm-none-eabi/lib/thumb/v6-m/nofp/crt0.o (__libc_init_array)
/usr/lib/gcc/arm-none-eabi/10.3.1/../../../arm-none-eabi/lib/thumb/v6-m/nofp/libg.a(lib_a-malloc.o)
                              CMakeFiles/wifi_driver.dir/home/ubuntu/pico-nexmon/pico-sdk/src/rp2_common/pico_malloc/pico_malloc.c.obj (malloc)
/usr/lib/gcc/arm-none-eabi/10.3.1/../../../arm-none-eabi/lib/thumb/v6-m/nofp/libg.a(lib_a-mallocr.o)
                              /usr/lib/gcc/arm-none-eabi/10.3.1/../../../arm-none-eabi/lib/thumb/v6-m/nofp/libg.a(lib_a-callocr.o) (_malloc_r)
/usr/lib/gcc/arm-none-eabi/10.3.1/../../../arm-none-eabi/lib/thumb/v6-m/nofp/libg.a(lib_a-memcmp.o)
                              CMakeFiles/wifi_driver.dir/dhcpserver/dhcpserver.c.obj (memcmp)
/usr/lib/gcc/arm-none-eabi/10.3.1/../../../arm-none-eabi/lib/thumb/v6-m/nofp/libg.a(lib_a-memmove.o)
                              CMakeFiles/wifi_driver.dir/home/ubuntu/pico-nexmon/pico-sdk/lib/lwip/src/core/def.c.obj (memmove)
/usr/lib/gcc/arm-none-eabi/10.3.1/../../../arm-none-eabi/lib/thumb/v6-m/nofp/libg.a(lib_a-mlock.o)
                              /usr/lib/gcc/arm-none-eabi/10.3.1/../../../arm-none-eabi/lib/thumb/v6-m/nofp/libg.a(lib_a-mallocr.o) (__malloc_lock)
/usr/lib/gcc/arm-none-eabi/10.3.1/../../../arm-none-eabi/lib/thumb/v6-m/nofp/libg.a(lib_a-realloc.o)
                              CMakeFiles/wifi_driver.dir/home/ubuntu/pico-nexmon/pico-sdk/src/rp2_common/pico_malloc/pico_malloc.c.obj (realloc)
/usr/lib/gcc/arm-none-eabi/10.3.1/../../../arm-none-eabi/lib/thumb/v6-m/nofp/libg.a(lib_a-reallocr.o)
                              /usr/lib/gcc/arm-none-eabi/10.3.1/../../../arm-none-eabi/lib/thumb/v6-m/nofp/libg.a(lib_a-realloc.o) (_realloc_r)
/usr/lib/gcc/arm-none-eabi/10.3.1/../../../arm-none-eabi/lib/thumb/v6-m/nofp/libg.a(lib_a-sbrkr.o)
                              /usr/lib/gcc/arm-none-eabi/10.3.1/../../../arm-none-eabi/lib/thumb/v6-m/nofp/libg.a(lib_a-mallocr.o) (_sbrk_r)
/usr/lib/gcc/arm-none-eabi/10.3.1/../../../arm-none-eabi/lib/thumb/v6-m/nofp/libg.a(lib_a-sscanf.o)
                              CMakeFiles/wifi_driver.dir/picow_access_point.c.obj (sscanf)
/usr/lib/gcc/arm-none-eabi/10.3.1/../../../arm-none-eabi/lib/thumb/v6-m/nofp/libg.a(lib_a-stdio.o)
                              /usr/lib/gcc/arm-none-eabi/10.3.1/../../../arm-none-eabi/lib/thumb/v6-m/nofp/libg.a(lib_a-sscanf.o) (__seofread)
/usr/lib/gcc/arm-none-eabi/10.3.1/../../../arm-none-eabi/lib/thumb/v6-m/nofp/libg.a(lib_a-strchr.o)
                              CMakeFiles/wifi_driver.dir/picow_access_point.c.obj (strchr)
/usr/lib/gcc/arm-none-eabi/10.3.1/../../../arm-none-eabi/lib/thumb/v6-m/nofp/libg.a(lib_a-strlen-stub.o)
                              CMakeFiles/wifi_driver.dir/home/ubuntu/pico-nexmon/pico-sdk/lib/lwip/src/core/def.c.obj (strlen)
/usr/lib/gcc/arm-none-eabi/10.3.1/../../../arm-none-eabi/lib/thumb/v6-m/nofp/libg.a(lib_a-strncmp.o)
[...]
Memory Configuration

Name             Origin             Length             Attributes
FLASH            0x0000000010000000 0x0000000000200000 xr
RAM              0x0000000020000000 0x0000000000040000 xrw
SCRATCH_X        0x0000000020040000 0x0000000000001000 xrw
SCRATCH_Y        0x0000000020041000 0x0000000000001000 xrw
*default*        0x0000000000000000 0xffffffffffffffff

Linker script and memory map

LOAD /usr/lib/gcc/arm-none-eabi/10.3.1/thumb/v6-m/nofp/crti.o
LOAD /usr/lib/gcc/arm-none-eabi/10.3.1/thumb/v6-m/nofp/crtbegin.o
LOAD /usr/lib/gcc/arm-none-eabi/10.3.1/../../../arm-none-eabi/lib/thumb/v6-m/nofp/crt0.o

.flash_begin    0x0000000010000000        0x0
                0x0000000010000000                __flash_binary_start = .

.boot2          0x0000000010000000      0x100
                0x0000000010000000                __boot2_start__ = .
 *(.boot2)
 .boot2         0x0000000010000000      0x100 /tmp/ccUrM17R.o
                0x0000000010000100                __boot2_end__ = .
                0x0000000000000001                ASSERT (((__boot2_end__ - __boot2_start__) == 0x100), ERROR: Pico second stage bootloader must be 256 bytes in size)

.text           0x0000000010000100    0x1ba00
                0x0000000010000100                __logical_binary_start = .
 *(.vectors)
 .vectors       0x0000000010000100       0xd4 CMakeFiles/wifi_driver.dir/home/ubuntu/pico-nexmon/pico-sdk/src/rp2_common/pico_standard_link/crt0.S.obj
                0x0000000010000100                __vectors
                0x0000000010000100                __VECTOR_TABLE
                0x00000000100001c0                isr_invalid
                0x00000000100001c0                __default_isrs_start
                0x00000000100001c2                isr_nmi
                0x00000000100001c4                isr_hardfault
                0x00000000100001c6                isr_svcall
                0x00000000100001c8                isr_pendsv
                0x00000000100001ca                isr_systick
                0x00000000100001cc                isr_irq30
                0x00000000100001cc                __unhandled_user_irq
                0x00000000100001cc                isr_irq13
                0x00000000100001cc                isr_irq27
                0x00000000100001cc                isr_irq31
                0x00000000100001cc                isr_irq5
                0x00000000100001cc                isr_irq11
                0x00000000100001cc                isr_irq23
                0x00000000100001cc                isr_irq18
                0x00000000100001cc                isr_irq28
                0x00000000100001cc                isr_irq19
                0x00000000100001cc                isr_irq0
                0x00000000100001cc                isr_irq6
                0x00000000100001cc                isr_irq22
                0x00000000100001cc                isr_irq17
                0x00000000100001cc                isr_irq14
                0x00000000100001cc                isr_irq2
                0x00000000100001cc                isr_irq10
                0x00000000100001cc                isr_irq8
                0x00000000100001cc                isr_irq24
                0x00000000100001cc                isr_irq1
                0x00000000100001cc                isr_irq7
                0x00000000100001cc                isr_irq21
                0x00000000100001cc                isr_irq20
                0x00000000100001cc                isr_irq15
                0x00000000100001cc                isr_irq25
                0x00000000100001cc                isr_irq4
                0x00000000100001cc                isr_irq16
                0x00000000100001cc                isr_irq29
                0x00000000100001cc                isr_irq26
                0x00000000100001cc                __default_isrs_end
                0x00000000100001cc                isr_irq3
                0x00000000100001cc                isr_irq12
                0x00000000100001cc                isr_irq9
                0x00000000100001d2                unhandled_user_irq_num_in_r0
 *(.binary_info_header)
 .binary_info_header
                0x00000000100001d4       0x14 CMakeFiles/wifi_driver.dir/home/ubuntu/pico-nexmon/pico-sdk/src/rp2_common/pico_standard_link/crt0.S.obj
                0x00000000100001e8                __binary_info_header_end = .
 *(.reset)
 .reset         0x00000000100001e8       0xa0 CMakeFiles/wifi_driver.dir/home/ubuntu/pico-nexmon/pico-sdk/src/rp2_common/pico_standard_link/crt0.S.obj
                0x00000000100001e8                _entry_point
 .reset         0x0000000010000288       0x30 CMakeFiles/wifi_driver.dir/home/ubuntu/pico-nexmon/pico-sdk/src/rp2_common/pico_standard_link/binary_info.c.obj
 *(.init)
 .init          0x00000000100002b8        0x4 /usr/lib/gcc/arm-none-eabi/10.3.1/thumb/v6-m/nofp/crti.o
                0x00000000100002b8                _init
 *(EXCLUDE_FILE(*libm.a: *libc.a:*lib_a-mem*.o *libgcc.a:) .text*)
 .text          0x00000000100002bc       0x98 /usr/lib/gcc/arm-none-eabi/10.3.1/thumb/v6-m/nofp/crtbegin.o
 .text.test_server_content
                0x0000000010000354       0xa8 CMakeFiles/wifi_driver.dir/picow_access_point.c.obj
 .text.tcp_close_client_connection
                0x00000000100003fc       0x88 CMakeFiles/wifi_driver.dir/picow_access_point.c.obj
 .text.tcp_server_recv
                0x0000000010000484      0x208 CMakeFiles/wifi_driver.dir/picow_access_point.c.obj
                0x0000000010000484                tcp_server_recv
 .text.tcp_server_err
                0x000000001000068c       0x24 CMakeFiles/wifi_driver.dir/picow_access_point.c.obj
 .text.tcp_server_poll
                0x00000000100006b0       0x1c CMakeFiles/wifi_driver.dir/picow_access_point.c.obj
 .text.tcp_server_sent
                0x00000000100006cc       0x48 CMakeFiles/wifi_driver.dir/picow_access_point.c.obj
 .text.key_pressed_worker_func
                0x0000000010000714       0x3c CMakeFiles/wifi_driver.dir/picow_access_point.c.obj
                0x0000000010000714                key_pressed_worker_func
 .text.key_pressed_func
                0x0000000010000750       0x40 CMakeFiles/wifi_driver.dir/picow_access_point.c.obj
                0x0000000010000750                key_pressed_func
 .text.monitor_mode_cb
                0x0000000010000790       0x70 CMakeFiles/wifi_driver.dir/picow_access_point.c.obj
                0x0000000010000790                monitor_mode_cb
 .text.tcp_server_accept
                0x0000000010000800       0x8c CMakeFiles/wifi_driver.dir/picow_access_point.c.obj
 .text.tcp_server_open
                0x000000001000088c       0x90 CMakeFiles/wifi_driver.dir/picow_access_point.c.obj
 .text.main     0x000000001000091c       0xe8 CMakeFiles/wifi_driver.dir/picow_access_point.c.obj
                0x000000001000091c                main
 .text.opt_find
                0x0000000010000a04       0x30 CMakeFiles/wifi_driver.dir/dhcpserver/dhcpserver.c.obj
 .text.opt_write_u8
                0x0000000010000a34       0x10 CMakeFiles/wifi_driver.dir/dhcpserver/dhcpserver.c.obj
 .text.opt_write_u32
                0x0000000010000a44       0x1c CMakeFiles/wifi_driver.dir/dhcpserver/dhcpserver.c.obj
 .text.opt_write_n
                0x0000000010000a60       0x1e CMakeFiles/wifi_driver.dir/dhcpserver/dhcpserver.c.obj
 *fill*         0x0000000010000a7e        0x2 
 .text.dhcp_socket_sendto
                0x0000000010000a80       0xa8 CMakeFiles/wifi_driver.dir/dhcpserver/dhcpserver.c.obj
 .text.dhcp_socket_new_dgram
                0x0000000010000b28       0x24 CMakeFiles/wifi_driver.dir/dhcpserver/dhcpserver.c.obj
 .text.dhcp_socket_bind
                0x0000000010000b4c       0x14 CMakeFiles/wifi_driver.dir/dhcpserver/dhcpserver.c.obj
 .text.dhcp_server_process
                0x0000000010000b60      0x278 CMakeFiles/wifi_driver.dir/dhcpserver/dhcpserver.c.obj
 .text.dhcp_server_init
                0x0000000010000dd8       0x38 CMakeFiles/wifi_driver.dir/dhcpserver/dhcpserver.c.obj
                0x0000000010000dd8                dhcp_server_init
 .text.dns_socket_sendto
                0x0000000010000e10       0x80 CMakeFiles/wifi_driver.dir/dnsserver/dnsserver.c.obj
 .text.dns_server_process
                0x0000000010000e90       0xec CMakeFiles/wifi_driver.dir/dnsserver/dnsserver.c.obj
 .text.dns_socket_new_dgram
                0x0000000010000f7c       0x24 CMakeFiles/wifi_driver.dir/dnsserver/dnsserver.c.obj
 .text.dns_socket_bind
                0x0000000010000fa0       0x5c CMakeFiles/wifi_driver.dir/dnsserver/dnsserver.c.obj
 .text.dns_server_init
                0x0000000010000ffc       0x2c CMakeFiles/wifi_driver.dir/dnsserver/dnsserver.c.obj
                0x0000000010000ffc                dns_server_init
 .text.lwip_timeout_reached
                0x0000000010001028       0x2c CMakeFiles/wifi_driver.dir/home/ubuntu/pico-nexmon/pico-sdk/src/rp2_common/pico_lwip/lwip_nosys.c.obj
 .text.update_next_timeout
                0x0000000010001054       0xb0 CMakeFiles/wifi_driver.dir/home/ubuntu/pico-nexmon/pico-sdk/src/rp2_common/pico_lwip/lwip_nosys.c.obj
 .text.lwip_nosys_init
                0x0000000010001104       0x34 CMakeFiles/wifi_driver.dir/home/ubuntu/pico-nexmon/pico-sdk/src/rp2_common/pico_lwip/lwip_nosys.c.obj
                0x0000000010001104                lwip_nosys_init
 .text.lwip_nosys_deinit
                0x0000000010001138       0x20 CMakeFiles/wifi_driver.dir/home/ubuntu/pico-nexmon/pico-sdk/src/rp2_common/pico_lwip/lwip_nosys.c.obj
                0x0000000010001138                lwip_nosys_deinit
 .text.sys_arch_protect
                0x0000000010001158        0x4 CMakeFiles/wifi_driver.dir/home/ubuntu/pico-nexmon/pico-sdk/src/rp2_common/pico_lwip/lwip_nosys.c.obj
                0x0000000010001158                sys_arch_protect
 .text.sys_arch_unprotect
                0x000000001000115c        0x2 CMakeFiles/wifi_driver.dir/home/ubuntu/pico-nexmon/pico-sdk/src/rp2_common/pico_lwip/lwip_nosys.c.obj
                0x000000001000115c                sys_arch_unprotect
 *fill*         0x000000001000115e        0x2 
 .text.sys_now  0x0000000010001160       0x3c CMakeFiles/wifi_driver.dir/home/ubuntu/pico-nexmon/pico-sdk/src/rp2_common/pico_lwip/lwip_nosys.c.obj
                0x0000000010001160                sys_now
 .text.async_context_base_add_at_time_worker
                0x000000001000119c       0x1c CMakeFiles/wifi_driver.dir/home/ubuntu/pico-nexmon/pico-sdk/src/rp2_common/pico_async_context/async_context_base.c.obj
                0x000000001000119c                async_context_base_add_at_time_worker
 .text.async_context_base_remove_at_time_worker
                0x00000000100011b8       0x1c CMakeFiles/wifi_driver.dir/home/ubuntu/pico-nexmon/pico-sdk/src/rp2_common/pico_async_context/async_context_base.c.obj
                0x00000000100011b8                async_context_base_remove_at_time_worker
 .text.async_context_base_add_when_pending_worker
                0x00000000100011d4       0x1c CMakeFiles/wifi_driver.dir/home/ubuntu/pico-nexmon/pico-sdk/src/rp2_common/pico_async_context/async_context_base.c.obj
                0x00000000100011d4                async_context_base_add_when_pending_worker
 .text.async_context_base_remove_when_pending_worker
                0x00000000100011f0       0x1c CMakeFiles/wifi_driver.dir/home/ubuntu/pico-nexmon/pico-sdk/src/rp2_common/pico_async_context/async_context_base.c.obj
                0x00000000100011f0                async_context_base_remove_when_pending_worker
 .text.async_context_base_remove_ready_at_time_worker
                0x000000001000120c       0x94 CMakeFiles/wifi_driver.dir/home/ubuntu/pico-nexmon/pico-sdk/src/rp2_common/pico_async_context/async_context_base.c.obj
                0x000000001000120c                async_context_base_remove_ready_at_time_worker
 .text.async_context_base_refresh_next_timeout
                0x00000000100012a0       0x4c CMakeFiles/wifi_driver.dir/home/ubuntu/pico-nexmon/pico-sdk/src/rp2_common/pico_async_context/async_context_base.c.obj
                0x00000000100012a0                async_context_base_refresh_next_timeout
 .text.async_context_base_execute_once
                0x00000000100012ec       0x48 CMakeFiles/wifi_driver.dir/home/ubuntu/pico-nexmon/pico-sdk/src/rp2_common/pico_async_context/async_context_base.c.obj
                0x00000000100012ec                async_context_base_execute_once
 .text.running_on_fpga
                0x0000000010001334       0x14 CMakeFiles/wifi_driver.dir/home/ubuntu/pico-nexmon/pico-sdk/src/rp2_common/pico_platform/platform.c.obj
                0x0000000010001334                running_on_fpga
 .text.splitmix64
                0x0000000010001348       0x5c CMakeFiles/wifi_driver.dir/home/ubuntu/pico-nexmon/pico-sdk/src/rp2_common/pico_rand/rand.c.obj
 .text.sdbm_hash64_sram
                0x00000000100013a4       0x64 CMakeFiles/wifi_driver.dir/home/ubuntu/pico-nexmon/pico-sdk/src/rp2_common/pico_rand/rand.c.obj
 .text.xoroshiro128ss
                0x0000000010001408       0xb8 CMakeFiles/wifi_driver.dir/home/ubuntu/pico-nexmon/pico-sdk/src/rp2_common/pico_rand/rand.c.obj
 .text.capture_additional_rosc_samples
                0x00000000100014c0      0x1a4 CMakeFiles/wifi_driver.dir/home/ubuntu/pico-nexmon/pico-sdk/src/rp2_common/pico_rand/rand.c.obj
 .text.initialise_rand
                0x0000000010001664      0x118 CMakeFiles/wifi_driver.dir/home/ubuntu/pico-nexmon/pico-sdk/src/rp2_common/pico_rand/rand.c.obj
 .text.get_rand_64
                0x000000001000177c      0x11c CMakeFiles/wifi_driver.dir/home/ubuntu/pico-nexmon/pico-sdk/src/rp2_common/pico_rand/rand.c.obj
                0x000000001000177c                get_rand_64
 .text.get_rand_32
                0x0000000010001898        0x8 CMakeFiles/wifi_driver.dir/home/ubuntu/pico-nexmon/pico-sdk/src/rp2_common/pico_rand/rand.c.obj
                0x0000000010001898                get_rand_32
 .text._retrieve_unique_id_on_boot
                0x00000000100018a0       0x10 CMakeFiles/wifi_driver.dir/home/ubuntu/pico-nexmon/pico-sdk/src/rp2_common/pico_unique_id/unique_id.c.obj
 .text.pico_get_unique_board_id
                0x00000000100018b0       0x10 CMakeFiles/wifi_driver.dir/home/ubuntu/pico-nexmon/pico-sdk/src/rp2_common/pico_unique_id/unique_id.c.obj
                0x00000000100018b0                pico_get_unique_board_id
 .text.pico_get_unique_board_id_string
                0x00000000100018c0       0x60 CMakeFiles/wifi_driver.dir/home/ubuntu/pico-nexmon/pico-sdk/src/rp2_common/pico_unique_id/unique_id.c.obj
                0x00000000100018c0                pico_get_unique_board_id_string
 .text.flash_get_unique_id
                0x0000000010001920       0x46 CMakeFiles/wifi_driver.dir/home/ubuntu/pico-nexmon/pico-sdk/src/rp2_common/hardware_flash/flash.c.obj
                0x0000000010001920                flash_get_unique_id
 *fill*         0x0000000010001966        0x2 
 .text.hw_claim_lock
                0x0000000010001968       0x18 CMakeFiles/wifi_driver.dir/home/ubuntu/pico-nexmon/pico-sdk/src/rp2_common/hardware_claim/claim.c.obj
                0x0000000010001968                hw_claim_lock
 .text.hw_claim_unlock
                0x0000000010001980       0x14 CMakeFiles/wifi_driver.dir/home/ubuntu/pico-nexmon/pico-sdk/src/rp2_common/hardware_claim/claim.c.obj
                0x0000000010001980                hw_claim_unlock
 .text.hw_claim_or_assert
                0x0000000010001994       0x32 CMakeFiles/wifi_driver.dir/home/ubuntu/pico-nexmon/pico-sdk/src/rp2_common/hardware_claim/claim.c.obj
                0x0000000010001994                hw_claim_or_assert
 .text.hw_claim_unused_from_range
                0x00000000100019c6       0x50 CMakeFiles/wifi_driver.dir/home/ubuntu/pico-nexmon/pico-sdk/src/rp2_common/hardware_claim/claim.c.obj
                0x00000000100019c6                hw_claim_unused_from_range
 *fill*         0x0000000010001a16        0x2 
 .text.hw_claim_clear
                0x0000000010001a18       0x40 CMakeFiles/wifi_driver.dir/home/ubuntu/pico-nexmon/pico-sdk/src/rp2_common/hardware_claim/claim.c.obj
                0x0000000010001a18                hw_claim_clear
 .text.spin_locks_reset
                0x0000000010001a58       0x20 CMakeFiles/wifi_driver.dir/home/ubuntu/pico-nexmon/pico-sdk/src/rp2_common/hardware_sync/sync.c.obj
                0x0000000010001a58                spin_locks_reset
 .text.next_striped_spin_lock_num
                0x0000000010001a78       0x1c CMakeFiles/wifi_driver.dir/home/ubuntu/pico-nexmon/pico-sdk/src/rp2_common/hardware_sync/sync.c.obj
                0x0000000010001a78                next_striped_spin_lock_num
 .text.spin_lock_claim_unused
                0x0000000010001a94       0x20 CMakeFiles/wifi_driver.dir/home/ubuntu/pico-nexmon/pico-sdk/src/rp2_common/hardware_sync/sync.c.obj
                0x0000000010001a94                spin_lock_claim_unused
 .text.rom_func_lookup
                0x0000000010001ab4       0x10 CMakeFiles/wifi_driver.dir/home/ubuntu/pico-nexmon/pico-sdk/src/rp2_common/pico_bootrom/bootrom.c.obj
                0x0000000010001ab4                rom_func_lookup
 .text.rom_data_lookup
                0x0000000010001ac4       0x10 CMakeFiles/wifi_driver.dir/home/ubuntu/pico-nexmon/pico-sdk/src/rp2_common/pico_bootrom/bootrom.c.obj
                0x0000000010001ac4                rom_data_lookup
 .text.rom_funcs_lookup
                0x0000000010001ad4       0x36 CMakeFiles/wifi_driver.dir/home/ubuntu/pico-nexmon/pico-sdk/src/rp2_common/pico_bootrom/bootrom.c.obj
                0x0000000010001ad4                rom_funcs_lookup
 *fill*         0x0000000010001b0a        0x2 
 .text.clock_configure
                0x0000000010001b0c      0x108 CMakeFiles/wifi_driver.dir/home/ubuntu/pico-nexmon/pico-sdk/src/rp2_common/hardware_clocks/clocks.c.obj
                0x0000000010001b0c                clock_configure
 .text.clocks_init
                0x0000000010001c14      0x100 CMakeFiles/wifi_driver.dir/home/ubuntu/pico-nexmon/pico-sdk/src/rp2_common/hardware_clocks/clocks.c.obj
                0x0000000010001c14                clocks_init
 .text.clock_get_hz
                0x0000000010001d14        0xc CMakeFiles/wifi_driver.dir/home/ubuntu/pico-nexmon/pico-sdk/src/rp2_common/hardware_clocks/clocks.c.obj
                0x0000000010001d14                clock_get_hz
 .text.gpio_set_function
                0x0000000010001d20       0x30 CMakeFiles/wifi_driver.dir/home/ubuntu/pico-nexmon/pico-sdk/src/rp2_common/hardware_gpio/gpio.c.obj
                0x0000000010001d20                gpio_set_function
 .text.gpio_set_pulls
                0x0000000010001d50       0x34 CMakeFiles/wifi_driver.dir/home/ubuntu/pico-nexmon/pico-sdk/src/rp2_common/hardware_gpio/gpio.c.obj
                0x0000000010001d50                gpio_set_pulls
 .text.gpio_set_input_hysteresis_enabled
                0x0000000010001d84       0x30 CMakeFiles/wifi_driver.dir/home/ubuntu/pico-nexmon/pico-sdk/src/rp2_common/hardware_gpio/gpio.c.obj
                0x0000000010001d84                gpio_set_input_hysteresis_enabled
 .text.gpio_add_raw_irq_handler_with_order_priority_masked
                0x0000000010001db4       0x40 CMakeFiles/wifi_driver.dir/home/ubuntu/pico-nexmon/pico-sdk/src/rp2_common/hardware_gpio/gpio.c.obj
                0x0000000010001db4                gpio_add_raw_irq_handler_with_order_priority_masked
 .text.gpio_remove_raw_irq_handler_masked
                0x0000000010001df4       0x48 CMakeFiles/wifi_driver.dir/home/ubuntu/pico-nexmon/pico-sdk/src/rp2_common/hardware_gpio/gpio.c.obj
                0x0000000010001df4                gpio_remove_raw_irq_handler_masked
 .text.gpio_acknowledge_irq
                0x0000000010001e3c       0x18 CMakeFiles/wifi_driver.dir/home/ubuntu/pico-nexmon/pico-sdk/src/rp2_common/hardware_gpio/gpio.c.obj
                0x0000000010001e3c                gpio_acknowledge_irq
 .text._gpio_set_irq_enabled
                0x0000000010001e54       0x34 CMakeFiles/wifi_driver.dir/home/ubuntu/pico-nexmon/pico-sdk/src/rp2_common/hardware_gpio/gpio.c.obj
 .text.gpio_set_irq_enabled
                0x0000000010001e88       0x20 CMakeFiles/wifi_driver.dir/home/ubuntu/pico-nexmon/pico-sdk/src/rp2_common/hardware_gpio/gpio.c.obj
                0x0000000010001e88                gpio_set_irq_enabled
 .text.gpio_init
                0x0000000010001ea8       0x16 CMakeFiles/wifi_driver.dir/home/ubuntu/pico-nexmon/pico-sdk/src/rp2_common/hardware_gpio/gpio.c.obj
                0x0000000010001ea8                gpio_init
 *fill*         0x0000000010001ebe        0x2 
 .text.set_raw_irq_handler_and_unlock
                0x0000000010001ec0       0x28 CMakeFiles/wifi_driver.dir/home/ubuntu/pico-nexmon/pico-sdk/src/rp2_common/hardware_irq/irq.c.obj
 .text.get_user_irq_claim_index
                0x0000000010001ee8        0x6 CMakeFiles/wifi_driver.dir/home/ubuntu/pico-nexmon/pico-sdk/src/rp2_common/hardware_irq/irq.c.obj
 *fill*         0x0000000010001eee        0x2 
 .text.make_branch
                0x0000000010001ef0       0x48 CMakeFiles/wifi_driver.dir/home/ubuntu/pico-nexmon/pico-sdk/src/rp2_common/hardware_irq/irq.c.obj
 .text.insert_branch_and_link
                0x0000000010001f38       0x40 CMakeFiles/wifi_driver.dir/home/ubuntu/pico-nexmon/pico-sdk/src/rp2_common/hardware_irq/irq.c.obj
 .text.irq_is_enabled
                0x0000000010001f78       0x18 CMakeFiles/wifi_driver.dir/home/ubuntu/pico-nexmon/pico-sdk/src/rp2_common/hardware_irq/irq.c.obj
                0x0000000010001f78                irq_is_enabled
 .text.irq_set_mask_enabled
                0x0000000010001f90       0x20 CMakeFiles/wifi_driver.dir/home/ubuntu/pico-nexmon/pico-sdk/src/rp2_common/hardware_irq/irq.c.obj
                0x0000000010001f90                irq_set_mask_enabled
 .text.irq_set_enabled
                0x0000000010001fb0        0xe CMakeFiles/wifi_driver.dir/home/ubuntu/pico-nexmon/pico-sdk/src/rp2_common/hardware_irq/irq.c.obj
                0x0000000010001fb0                irq_set_enabled
 *fill*         0x0000000010001fbe        0x2 
 .text.irq_set_pending
                0x0000000010001fc0       0x10 CMakeFiles/wifi_driver.dir/home/ubuntu/pico-nexmon/pico-sdk/src/rp2_common/hardware_irq/irq.c.obj
                0x0000000010001fc0                irq_set_pending
 .text.irq_get_vtable_handler
                0x0000000010001fd0       0x10 CMakeFiles/wifi_driver.dir/home/ubuntu/pico-nexmon/pico-sdk/src/rp2_common/hardware_irq/irq.c.obj
                0x0000000010001fd0                irq_get_vtable_handler
 .text.irq_has_shared_handler
                0x0000000010001fe0       0x24 CMakeFiles/wifi_driver.dir/home/ubuntu/pico-nexmon/pico-sdk/src/rp2_common/hardware_irq/irq.c.obj
                0x0000000010001fe0                irq_has_shared_handler
 .text.irq_set_exclusive_handler
                0x0000000010002004       0x54 CMakeFiles/wifi_driver.dir/home/ubuntu/pico-nexmon/pico-sdk/src/rp2_common/hardware_irq/irq.c.obj
                0x0000000010002004                irq_set_exclusive_handler
 .text.irq_add_shared_handler
                0x0000000010002058      0x234 CMakeFiles/wifi_driver.dir/home/ubuntu/pico-nexmon/pico-sdk/src/rp2_common/hardware_irq/irq.c.obj
                0x0000000010002058                irq_add_shared_handler
 .text.irq_remove_handler
                0x000000001000228c      0x1ac CMakeFiles/wifi_driver.dir/home/ubuntu/pico-nexmon/pico-sdk/src/rp2_common/hardware_irq/irq.c.obj
                0x000000001000228c                irq_remove_handler
 .text.irq_set_priority
                0x0000000010002438       0x28 CMakeFiles/wifi_driver.dir/home/ubuntu/pico-nexmon/pico-sdk/src/rp2_common/hardware_irq/irq.c.obj
                0x0000000010002438                irq_set_priority
 .text.irq_add_tail_to_free_list
                0x0000000010002460       0xf0 CMakeFiles/wifi_driver.dir/home/ubuntu/pico-nexmon/pico-sdk/src/rp2_common/hardware_irq/irq.c.obj
                0x0000000010002460                irq_add_tail_to_free_list
 .text.irq_init_priorities
                0x0000000010002550       0x1c CMakeFiles/wifi_driver.dir/home/ubuntu/pico-nexmon/pico-sdk/src/rp2_common/hardware_irq/irq.c.obj
                0x0000000010002550                irq_init_priorities
 .text.user_irq_unclaim
                0x000000001000256c       0x14 CMakeFiles/wifi_driver.dir/home/ubuntu/pico-nexmon/pico-sdk/src/rp2_common/hardware_irq/irq.c.obj
                0x000000001000256c                user_irq_unclaim
 .text.user_irq_claim_unused
                0x0000000010002580       0x28 CMakeFiles/wifi_driver.dir/home/ubuntu/pico-nexmon/pico-sdk/src/rp2_common/hardware_irq/irq.c.obj
                0x0000000010002580                user_irq_claim_unused
 .text.sem_init
                0x00000000100025a8       0x1e CMakeFiles/wifi_driver.dir/home/ubuntu/pico-nexmon/pico-sdk/src/common/pico_sync/sem.c.obj
                0x00000000100025a8                sem_init
 *fill*         0x00000000100025c6        0x2 
 .text.lock_init
                0x00000000100025c8       0x10 CMakeFiles/wifi_driver.dir/home/ubuntu/pico-nexmon/pico-sdk/src/common/pico_sync/lock_core.c.obj
                0x00000000100025c8                lock_init
 .text.mutex_init
                0x00000000100025d8       0x1a CMakeFiles/wifi_driver.dir/home/ubuntu/pico-nexmon/pico-sdk/src/common/pico_sync/mutex.c.obj
                0x00000000100025d8                mutex_init
 .text.recursive_mutex_init
                0x00000000100025f2       0x1e CMakeFiles/wifi_driver.dir/home/ubuntu/pico-nexmon/pico-sdk/src/common/pico_sync/mutex.c.obj
                0x00000000100025f2                recursive_mutex_init
 .text.critical_section_init_with_lock_num
                0x0000000010002610       0x14 CMakeFiles/wifi_driver.dir/home/ubuntu/pico-nexmon/pico-sdk/src/common/pico_sync/critical_section.c.obj
                0x0000000010002610                critical_section_init_with_lock_num
 .text.critical_section_init
                0x0000000010002624       0x14 CMakeFiles/wifi_driver.dir/home/ubuntu/pico-nexmon/pico-sdk/src/common/pico_sync/critical_section.c.obj
                0x0000000010002624                critical_section_init
 .text.alarm_pool_post_alloc_init
                0x0000000010002638       0x40 CMakeFiles/wifi_driver.dir/home/ubuntu/pico-nexmon/pico-sdk/src/common/pico_time/time.c.obj
 .text.sleep_until_callback
                0x0000000010002678       0x30 CMakeFiles/wifi_driver.dir/home/ubuntu/pico-nexmon/pico-sdk/src/common/pico_time/time.c.obj
 .text.timer_pool_entry_comparator
                0x00000000100026a8       0x7c CMakeFiles/wifi_driver.dir/home/ubuntu/pico-nexmon/pico-sdk/src/common/pico_time/time.c.obj
                0x00000000100026a8                timer_pool_entry_comparator
 .text.ph_add_child_node
                0x0000000010002724       0xa4 CMakeFiles/wifi_driver.dir/home/ubuntu/pico-nexmon/pico-sdk/src/common/pico_time/time.c.obj
 .text.ph_merge_nodes
                0x00000000100027c8       0x3e CMakeFiles/wifi_driver.dir/home/ubuntu/pico-nexmon/pico-sdk/src/common/pico_time/time.c.obj
 *fill*         0x0000000010002806        0x2 
 .text.add_alarm_under_lock
                0x0000000010002808      0x174 CMakeFiles/wifi_driver.dir/home/ubuntu/pico-nexmon/pico-sdk/src/common/pico_time/time.c.obj
 .text.alarm_pool_alarm_callback
                0x000000001000297c      0x33c CMakeFiles/wifi_driver.dir/home/ubuntu/pico-nexmon/pico-sdk/src/common/pico_time/time.c.obj
 .text.alarm_pool_init_default
                0x0000000010002cb8       0x40 CMakeFiles/wifi_driver.dir/home/ubuntu/pico-nexmon/pico-sdk/src/common/pico_time/time.c.obj
                0x0000000010002cb8                alarm_pool_init_default
 .text.alarm_pool_get_default
                0x0000000010002cf8       0x2c CMakeFiles/wifi_driver.dir/home/ubuntu/pico-nexmon/pico-sdk/src/common/pico_time/time.c.obj
                0x0000000010002cf8                alarm_pool_get_default
 .text.alarm_pool_add_alarm_at
                0x0000000010002d24      0x168 CMakeFiles/wifi_driver.dir/home/ubuntu/pico-nexmon/pico-sdk/src/common/pico_time/time.c.obj
                0x0000000010002d24                alarm_pool_add_alarm_at
 .text.alarm_pool_cancel_alarm
                0x0000000010002e8c       0xf8 CMakeFiles/wifi_driver.dir/home/ubuntu/pico-nexmon/pico-sdk/src/common/pico_time/time.c.obj
                0x0000000010002e8c                alarm_pool_cancel_alarm
 .text.alarm_pool_core_num
                0x0000000010002f84        0x4 CMakeFiles/wifi_driver.dir/home/ubuntu/pico-nexmon/pico-sdk/src/common/pico_time/time.c.obj
                0x0000000010002f84                alarm_pool_core_num
 .text.sleep_until
                0x0000000010002f88       0xfc CMakeFiles/wifi_driver.dir/home/ubuntu/pico-nexmon/pico-sdk/src/common/pico_time/time.c.obj
                0x0000000010002f88                sleep_until
 .text.sleep_us
                0x0000000010003084       0x58 CMakeFiles/wifi_driver.dir/home/ubuntu/pico-nexmon/pico-sdk/src/common/pico_time/time.c.obj
                0x0000000010003084                sleep_us
 .text.sleep_ms
                0x00000000100030dc       0x14 CMakeFiles/wifi_driver.dir/home/ubuntu/pico-nexmon/pico-sdk/src/common/pico_time/time.c.obj
                0x00000000100030dc                sleep_ms
 .text.best_effort_wfe_or_timeout
                0x00000000100030f0       0xac CMakeFiles/wifi_driver.dir/home/ubuntu/pico-nexmon/pico-sdk/src/common/pico_time/time.c.obj
                0x00000000100030f0                best_effort_wfe_or_timeout
 .text.hardware_alarm_irq_handler
                0x000000001000319c       0x90 CMakeFiles/wifi_driver.dir/home/ubuntu/pico-nexmon/pico-sdk/src/rp2_common/hardware_timer/timer.c.obj
 .text.hardware_alarm_claim
                0x000000001000322c       0x18 CMakeFiles/wifi_driver.dir/home/ubuntu/pico-nexmon/pico-sdk/src/rp2_common/hardware_timer/timer.c.obj
                0x000000001000322c                hardware_alarm_claim
 .text.time_us_64
                0x0000000010003244       0x18 CMakeFiles/wifi_driver.dir/home/ubuntu/pico-nexmon/pico-sdk/src/rp2_common/hardware_timer/timer.c.obj
                0x0000000010003244                time_us_64
 .text.busy_wait_until
                0x000000001000325c       0x28 CMakeFiles/wifi_driver.dir/home/ubuntu/pico-nexmon/pico-sdk/src/rp2_common/hardware_timer/timer.c.obj
                0x000000001000325c                busy_wait_until
 .text.busy_wait_us
                0x0000000010003284       0x48 CMakeFiles/wifi_driver.dir/home/ubuntu/pico-nexmon/pico-sdk/src/rp2_common/hardware_timer/timer.c.obj
                0x0000000010003284                busy_wait_us
 .text.hardware_alarm_set_callback
                0x00000000100032cc       0x90 CMakeFiles/wifi_driver.dir/home/ubuntu/pico-nexmon/pico-sdk/src/rp2_common/hardware_timer/timer.c.obj
                0x00000000100032cc                hardware_alarm_set_callback
 .text.hardware_alarm_set_target
                0x000000001000335c       0xe8 CMakeFiles/wifi_driver.dir/home/ubuntu/pico-nexmon/pico-sdk/src/rp2_common/hardware_timer/timer.c.obj
                0x000000001000335c                hardware_alarm_set_target
 .text.hardware_alarm_cancel
                0x0000000010003444       0x40 CMakeFiles/wifi_driver.dir/home/ubuntu/pico-nexmon/pico-sdk/src/rp2_common/hardware_timer/timer.c.obj
                0x0000000010003444                hardware_alarm_cancel
 .text.ph_add_child_node
                0x0000000010003484       0xa4 CMakeFiles/wifi_driver.dir/home/ubuntu/pico-nexmon/pico-sdk/src/common/pico_util/pheap.c.obj
 .text.ph_merge_nodes
                0x0000000010003528       0x3e CMakeFiles/wifi_driver.dir/home/ubuntu/pico-nexmon/pico-sdk/src/common/pico_util/pheap.c.obj
 *fill*         0x0000000010003566        0x2 
 .text.ph_clear
                0x0000000010003568       0x70 CMakeFiles/wifi_driver.dir/home/ubuntu/pico-nexmon/pico-sdk/src/common/pico_util/pheap.c.obj
                0x0000000010003568                ph_clear
 .text.ph_post_alloc_init
                0x00000000100035d8        0xe CMakeFiles/wifi_driver.dir/home/ubuntu/pico-nexmon/pico-sdk/src/common/pico_util/pheap.c.obj
                0x00000000100035d8                ph_post_alloc_init
 *fill*         0x00000000100035e6        0x2 
 .text.ph_merge_two_pass
                0x00000000100035e8       0xa8 CMakeFiles/wifi_driver.dir/home/ubuntu/pico-nexmon/pico-sdk/src/common/pico_util/pheap.c.obj
                0x00000000100035e8                ph_merge_two_pass
 .text.ph_remove_any_head
                0x0000000010003690      0x128 CMakeFiles/wifi_driver.dir/home/ubuntu/pico-nexmon/pico-sdk/src/common/pico_util/pheap.c.obj
 .text.ph_remove_head
                0x00000000100037b8       0x14 CMakeFiles/wifi_driver.dir/home/ubuntu/pico-nexmon/pico-sdk/src/common/pico_util/pheap.c.obj
                0x00000000100037b8                ph_remove_head
 .text.ph_remove_and_free_node
                0x00000000100037cc       0xf8 CMakeFiles/wifi_driver.dir/home/ubuntu/pico-nexmon/pico-sdk/src/common/pico_util/pheap.c.obj
                0x00000000100037cc                ph_remove_and_free_node
 .text.pll_init
                0x00000000100038c4      0x120 CMakeFiles/wifi_driver.dir/home/ubuntu/pico-nexmon/pico-sdk/src/rp2_common/hardware_pll/pll.c.obj
                0x00000000100038c4                pll_init
 .text.watchdog_start_tick
                0x00000000100039e4       0x10 CMakeFiles/wifi_driver.dir/home/ubuntu/pico-nexmon/pico-sdk/src/rp2_common/hardware_watchdog/watchdog.c.obj
                0x00000000100039e4                watchdog_start_tick
 .text.watchdog_update
                0x00000000100039f4       0x14 CMakeFiles/wifi_driver.dir/home/ubuntu/pico-nexmon/pico-sdk/src/rp2_common/hardware_watchdog/watchdog.c.obj
                0x00000000100039f4                watchdog_update
 .text._watchdog_enable
                0x0000000010003a08       0x78 CMakeFiles/wifi_driver.dir/home/ubuntu/pico-nexmon/pico-sdk/src/rp2_common/hardware_watchdog/watchdog.c.obj
                0x0000000010003a08                _watchdog_enable
 .text.watchdog_reboot
                0x0000000010003a80       0x48 CMakeFiles/wifi_driver.dir/home/ubuntu/pico-nexmon/pico-sdk/src/rp2_common/hardware_watchdog/watchdog.c.obj
                0x0000000010003a80                watchdog_reboot
 .text.xosc_init
                0x0000000010003ac8       0x28 CMakeFiles/wifi_driver.dir/home/ubuntu/pico-nexmon/pico-sdk/src/rp2_common/hardware_xosc/xosc.c.obj
                0x0000000010003ac8                xosc_init
 .text.lwip_init
                0x0000000010003af0       0x24 CMakeFiles/wifi_driver.dir/home/ubuntu/pico-nexmon/pico-sdk/lib/lwip/src/core/init.c.obj
                0x0000000010003af0                lwip_init
 .text.lwip_htons
                0x0000000010003b14        0xa CMakeFiles/wifi_driver.dir/home/ubuntu/pico-nexmon/pico-sdk/lib/lwip/src/core/def.c.obj
                0x0000000010003b14                lwip_htons
 .text.lwip_htonl
                0x0000000010003b1e       0x1c CMakeFiles/wifi_driver.dir/home/ubuntu/pico-nexmon/pico-sdk/lib/lwip/src/core/def.c.obj
                0x0000000010003b1e                lwip_htonl
 *fill*         0x0000000010003b3a        0x2 
 .text.dns_backupserver_available
                0x0000000010003b3c       0x28 CMakeFiles/wifi_driver.dir/home/ubuntu/pico-nexmon/pico-sdk/lib/lwip/src/core/dns.c.obj
 .text.dns_create_txid
                0x0000000010003b64       0x3c CMakeFiles/wifi_driver.dir/home/ubuntu/pico-nexmon/pico-sdk/lib/lwip/src/core/dns.c.obj
 .text.dns_call_found
                0x0000000010003ba0       0xf4 CMakeFiles/wifi_driver.dir/home/ubuntu/pico-nexmon/pico-sdk/lib/lwip/src/core/dns.c.obj
 .text.dns_send
                0x0000000010003c94      0x178 CMakeFiles/wifi_driver.dir/home/ubuntu/pico-nexmon/pico-sdk/lib/lwip/src/core/dns.c.obj
 .text.dns_check_entry
                0x0000000010003e0c      0x11c CMakeFiles/wifi_driver.dir/home/ubuntu/pico-nexmon/pico-sdk/lib/lwip/src/core/dns.c.obj
 .text.dns_check_entries
                0x0000000010003f28       0x16 CMakeFiles/wifi_driver.dir/home/ubuntu/pico-nexmon/pico-sdk/lib/lwip/src/core/dns.c.obj
 .text.dns_init
                0x0000000010003f3e        0x2 CMakeFiles/wifi_driver.dir/home/ubuntu/pico-nexmon/pico-sdk/lib/lwip/src/core/dns.c.obj
                0x0000000010003f3e                dns_init
 .text.dns_setserver
                0x0000000010003f40       0x28 CMakeFiles/wifi_driver.dir/home/ubuntu/pico-nexmon/pico-sdk/lib/lwip/src/core/dns.c.obj
                0x0000000010003f40                dns_setserver
 .text.dns_tmr  0x0000000010003f68        0x8 CMakeFiles/wifi_driver.dir/home/ubuntu/pico-nexmon/pico-sdk/lib/lwip/src/core/dns.c.obj
                0x0000000010003f68                dns_tmr
 .text.lwip_standard_chksum
                0x0000000010003f70       0xac CMakeFiles/wifi_driver.dir/home/ubuntu/pico-nexmon/pico-sdk/lib/lwip/src/core/inet_chksum.c.obj
                0x0000000010003f70                lwip_standard_chksum
 .text.inet_cksum_pseudo_base
                0x000000001000401c       0x7c CMakeFiles/wifi_driver.dir/home/ubuntu/pico-nexmon/pico-sdk/lib/lwip/src/core/inet_chksum.c.obj
 .text.inet_chksum_pseudo
                0x0000000010004098       0x30 CMakeFiles/wifi_driver.dir/home/ubuntu/pico-nexmon/pico-sdk/lib/lwip/src/core/inet_chksum.c.obj
                0x0000000010004098                inet_chksum_pseudo
 .text.ip_chksum_pseudo
                0x00000000100040c8       0x10 CMakeFiles/wifi_driver.dir/home/ubuntu/pico-nexmon/pico-sdk/lib/lwip/src/core/inet_chksum.c.obj
                0x00000000100040c8                ip_chksum_pseudo
 .text.inet_chksum
                0x00000000100040d8        0xc CMakeFiles/wifi_driver.dir/home/ubuntu/pico-nexmon/pico-sdk/lib/lwip/src/core/inet_chksum.c.obj
                0x00000000100040d8                inet_chksum
 .text.inet_chksum_pbuf
                0x00000000100040e4       0x52 CMakeFiles/wifi_driver.dir/home/ubuntu/pico-nexmon/pico-sdk/lib/lwip/src/core/inet_chksum.c.obj
                0x00000000100040e4                inet_chksum_pbuf
 *fill*         0x0000000010004136        0x2 
 .text.ptr_to_mem
                0x0000000010004138        0xc CMakeFiles/wifi_driver.dir/home/ubuntu/pico-nexmon/pico-sdk/lib/lwip/src/core/mem.c.obj
 .text.mem_to_ptr
                0x0000000010004144       0x10 CMakeFiles/wifi_driver.dir/home/ubuntu/pico-nexmon/pico-sdk/lib/lwip/src/core/mem.c.obj
 .text.mem_link_valid
                0x0000000010004154       0x5c CMakeFiles/wifi_driver.dir/home/ubuntu/pico-nexmon/pico-sdk/lib/lwip/src/core/mem.c.obj
 .text.plug_holes
                0x00000000100041b0       0xd4 CMakeFiles/wifi_driver.dir/home/ubuntu/pico-nexmon/pico-sdk/lib/lwip/src/core/mem.c.obj
 .text.mem_init
                0x0000000010004284       0x44 CMakeFiles/wifi_driver.dir/home/ubuntu/pico-nexmon/pico-sdk/lib/lwip/src/core/mem.c.obj
                0x0000000010004284                mem_init
 .text.mem_free
                0x00000000100042c8       0x84 CMakeFiles/wifi_driver.dir/home/ubuntu/pico-nexmon/pico-sdk/lib/lwip/src/core/mem.c.obj
                0x00000000100042c8                mem_free
 .text.mem_trim
                0x000000001000434c      0x134 CMakeFiles/wifi_driver.dir/home/ubuntu/pico-nexmon/pico-sdk/lib/lwip/src/core/mem.c.obj
                0x000000001000434c                mem_trim
 .text.mem_malloc
                0x0000000010004480      0x134 CMakeFiles/wifi_driver.dir/home/ubuntu/pico-nexmon/pico-sdk/lib/lwip/src/core/mem.c.obj
                0x0000000010004480                mem_malloc
 .text.do_memp_malloc_pool
                0x00000000100045b4       0x30 CMakeFiles/wifi_driver.dir/home/ubuntu/pico-nexmon/pico-sdk/lib/lwip/src/core/memp.c.obj
 .text.do_memp_free_pool
                0x00000000100045e4       0x28 CMakeFiles/wifi_driver.dir/home/ubuntu/pico-nexmon/pico-sdk/lib/lwip/src/core/memp.c.obj
 .text.memp_init_pool
                0x000000001000460c       0x2a CMakeFiles/wifi_driver.dir/home/ubuntu/pico-nexmon/pico-sdk/lib/lwip/src/core/memp.c.obj
                0x000000001000460c                memp_init_pool
 *fill*         0x0000000010004636        0x2 
 .text.memp_init
                0x0000000010004638       0x20 CMakeFiles/wifi_driver.dir/home/ubuntu/pico-nexmon/pico-sdk/lib/lwip/src/core/memp.c.obj
                0x0000000010004638                memp_init
 .text.memp_malloc
                0x0000000010004658       0x24 CMakeFiles/wifi_driver.dir/home/ubuntu/pico-nexmon/pico-sdk/lib/lwip/src/core/memp.c.obj
                0x0000000010004658                memp_malloc
 .text.memp_free
                0x000000001000467c       0x28 CMakeFiles/wifi_driver.dir/home/ubuntu/pico-nexmon/pico-sdk/lib/lwip/src/core/memp.c.obj
                0x000000001000467c                memp_free
 .text.netif_do_set_netmask
                0x00000000100046a4       0x1a CMakeFiles/wifi_driver.dir/home/ubuntu/pico-nexmon/pico-sdk/lib/lwip/src/core/netif.c.obj
 .text.netif_do_set_gw
                0x00000000100046be       0x1a CMakeFiles/wifi_driver.dir/home/ubuntu/pico-nexmon/pico-sdk/lib/lwip/src/core/netif.c.obj
 .text.netif_null_output_ip4
                0x00000000100046d8        0x6 CMakeFiles/wifi_driver.dir/home/ubuntu/pico-nexmon/pico-sdk/lib/lwip/src/core/netif.c.obj
 .text.netif_do_ip_addr_changed
                0x00000000100046de       0x1c CMakeFiles/wifi_driver.dir/home/ubuntu/pico-nexmon/pico-sdk/lib/lwip/src/core/netif.c.obj
 *fill*         0x00000000100046fa        0x2 
 .text.netif_issue_reports
                0x00000000100046fc       0x34 CMakeFiles/wifi_driver.dir/home/ubuntu/pico-nexmon/pico-sdk/lib/lwip/src/core/netif.c.obj
 .text.netif_do_set_ipaddr
                0x0000000010004730       0x54 CMakeFiles/wifi_driver.dir/home/ubuntu/pico-nexmon/pico-sdk/lib/lwip/src/core/netif.c.obj
 .text.netif_init
                0x0000000010004784        0x2 CMakeFiles/wifi_driver.dir/home/ubuntu/pico-nexmon/pico-sdk/lib/lwip/src/core/netif.c.obj
                0x0000000010004784                netif_init
 *fill*         0x0000000010004786        0x2 
 .text.netif_set_addr
                0x0000000010004788       0x78 CMakeFiles/wifi_driver.dir/home/ubuntu/pico-nexmon/pico-sdk/lib/lwip/src/core/netif.c.obj
                0x0000000010004788                netif_set_addr
 .text.netif_add
                0x0000000010004800      0x124 CMakeFiles/wifi_driver.dir/home/ubuntu/pico-nexmon/pico-sdk/lib/lwip/src/core/netif.c.obj
                0x0000000010004800                netif_add
 .text.netif_set_default
                0x0000000010004924        0xc CMakeFiles/wifi_driver.dir/home/ubuntu/pico-nexmon/pico-sdk/lib/lwip/src/core/netif.c.obj
                0x0000000010004924                netif_set_default
 .text.netif_set_up
                0x0000000010004930       0x34 CMakeFiles/wifi_driver.dir/home/ubuntu/pico-nexmon/pico-sdk/lib/lwip/src/core/netif.c.obj
                0x0000000010004930                netif_set_up
 .text.netif_set_down
                0x0000000010004964       0x38 CMakeFiles/wifi_driver.dir/home/ubuntu/pico-nexmon/pico-sdk/lib/lwip/src/core/netif.c.obj
                0x0000000010004964                netif_set_down
 .text.netif_remove
                0x000000001000499c       0x64 CMakeFiles/wifi_driver.dir/home/ubuntu/pico-nexmon/pico-sdk/lib/lwip/src/core/netif.c.obj
                0x000000001000499c                netif_remove
 .text.netif_set_link_up
                0x0000000010004a00       0x3c CMakeFiles/wifi_driver.dir/home/ubuntu/pico-nexmon/pico-sdk/lib/lwip/src/core/netif.c.obj
                0x0000000010004a00                netif_set_link_up
 .text.netif_set_link_down
                0x0000000010004a3c       0x2c CMakeFiles/wifi_driver.dir/home/ubuntu/pico-nexmon/pico-sdk/lib/lwip/src/core/netif.c.obj
                0x0000000010004a3c                netif_set_link_down
 .text.netif_get_by_index
                0x0000000010004a68       0x24 CMakeFiles/wifi_driver.dir/home/ubuntu/pico-nexmon/pico-sdk/lib/lwip/src/core/netif.c.obj
                0x0000000010004a68                netif_get_by_index
 .text.pbuf_init_alloced_pbuf
                0x0000000010004a8c       0x20 CMakeFiles/wifi_driver.dir/home/ubuntu/pico-nexmon/pico-sdk/lib/lwip/src/core/pbuf.c.obj
 .text.pbuf_skip_const
                0x0000000010004aac       0x1a CMakeFiles/wifi_driver.dir/home/ubuntu/pico-nexmon/pico-sdk/lib/lwip/src/core/pbuf.c.obj
 *fill*         0x0000000010004ac6        0x2 
 .text.pbuf_pool_is_empty
                0x0000000010004ac8       0x18 CMakeFiles/wifi_driver.dir/home/ubuntu/pico-nexmon/pico-sdk/lib/lwip/src/core/pbuf.c.obj
 .text.pbuf_add_header_impl
                0x0000000010004ae0       0x68 CMakeFiles/wifi_driver.dir/home/ubuntu/pico-nexmon/pico-sdk/lib/lwip/src/core/pbuf.c.obj
 .text.pbuf_free_ooseq
                0x0000000010004b48       0x30 CMakeFiles/wifi_driver.dir/home/ubuntu/pico-nexmon/pico-sdk/lib/lwip/src/core/pbuf.c.obj
                0x0000000010004b48                pbuf_free_ooseq
 .text.pbuf_alloc_reference
                0x0000000010004b78       0x3c CMakeFiles/wifi_driver.dir/home/ubuntu/pico-nexmon/pico-sdk/lib/lwip/src/core/pbuf.c.obj
                0x0000000010004b78                pbuf_alloc_reference
 .text.pbuf_add_header
                0x0000000010004bb4        0xa CMakeFiles/wifi_driver.dir/home/ubuntu/pico-nexmon/pico-sdk/lib/lwip/src/core/pbuf.c.obj
                0x0000000010004bb4                pbuf_add_header
 *fill*         0x0000000010004bbe        0x2 
 .text.pbuf_remove_header
                0x0000000010004bc0       0x50 CMakeFiles/wifi_driver.dir/home/ubuntu/pico-nexmon/pico-sdk/lib/lwip/src/core/pbuf.c.obj
                0x0000000010004bc0                pbuf_remove_header
 .text.pbuf_header_impl
                0x0000000010004c10       0x14 CMakeFiles/wifi_driver.dir/home/ubuntu/pico-nexmon/pico-sdk/lib/lwip/src/core/pbuf.c.obj
 .text.pbuf_header_force
                0x0000000010004c24        0xa CMakeFiles/wifi_driver.dir/home/ubuntu/pico-nexmon/pico-sdk/lib/lwip/src/core/pbuf.c.obj
                0x0000000010004c24                pbuf_header_force
 *fill*         0x0000000010004c2e        0x2 
 .text.pbuf_free
                0x0000000010004c30       0x7c CMakeFiles/wifi_driver.dir/home/ubuntu/pico-nexmon/pico-sdk/lib/lwip/src/core/pbuf.c.obj
                0x0000000010004c30                pbuf_free
 .text.pbuf_alloc
                0x0000000010004cac      0x148 CMakeFiles/wifi_driver.dir/home/ubuntu/pico-nexmon/pico-sdk/lib/lwip/src/core/pbuf.c.obj
                0x0000000010004cac                pbuf_alloc
 .text.pbuf_realloc
                0x0000000010004df4       0x84 CMakeFiles/wifi_driver.dir/home/ubuntu/pico-nexmon/pico-sdk/lib/lwip/src/core/pbuf.c.obj
                0x0000000010004df4                pbuf_realloc
 .text.pbuf_clen
                0x0000000010004e78       0x12 CMakeFiles/wifi_driver.dir/home/ubuntu/pico-nexmon/pico-sdk/lib/lwip/src/core/pbuf.c.obj
                0x0000000010004e78                pbuf_clen
 *fill*         0x0000000010004e8a        0x2 
 .text.pbuf_ref
                0x0000000010004e8c       0x28 CMakeFiles/wifi_driver.dir/home/ubuntu/pico-nexmon/pico-sdk/lib/lwip/src/core/pbuf.c.obj
                0x0000000010004e8c                pbuf_ref
 .text.pbuf_cat
                0x0000000010004eb4       0x44 CMakeFiles/wifi_driver.dir/home/ubuntu/pico-nexmon/pico-sdk/lib/lwip/src/core/pbuf.c.obj
                0x0000000010004eb4                pbuf_cat
 .text.pbuf_chain
                0x0000000010004ef8       0x10 CMakeFiles/wifi_driver.dir/home/ubuntu/pico-nexmon/pico-sdk/lib/lwip/src/core/pbuf.c.obj
                0x0000000010004ef8                pbuf_chain
 .text.pbuf_copy_partial_pbuf
                0x0000000010004f08      0x13c CMakeFiles/wifi_driver.dir/home/ubuntu/pico-nexmon/pico-sdk/lib/lwip/src/core/pbuf.c.obj
                0x0000000010004f08                pbuf_copy_partial_pbuf
 .text.pbuf_copy
                0x0000000010005044       0x20 CMakeFiles/wifi_driver.dir/home/ubuntu/pico-nexmon/pico-sdk/lib/lwip/src/core/pbuf.c.obj
                0x0000000010005044                pbuf_copy
 .text.pbuf_copy_partial
                0x0000000010005064       0x90 CMakeFiles/wifi_driver.dir/home/ubuntu/pico-nexmon/pico-sdk/lib/lwip/src/core/pbuf.c.obj
                0x0000000010005064                pbuf_copy_partial
 .text.pbuf_skip
                0x00000000100050f4        0x8 CMakeFiles/wifi_driver.dir/home/ubuntu/pico-nexmon/pico-sdk/lib/lwip/src/core/pbuf.c.obj
                0x00000000100050f4                pbuf_skip
 .text.pbuf_take
                0x00000000100050fc       0x98 CMakeFiles/wifi_driver.dir/home/ubuntu/pico-nexmon/pico-sdk/lib/lwip/src/core/pbuf.c.obj
                0x00000000100050fc                pbuf_take
 .text.pbuf_take_at
                0x0000000010005194       0x70 CMakeFiles/wifi_driver.dir/home/ubuntu/pico-nexmon/pico-sdk/lib/lwip/src/core/pbuf.c.obj
                0x0000000010005194                pbuf_take_at
 .text.pbuf_clone
                0x0000000010005204       0x2c CMakeFiles/wifi_driver.dir/home/ubuntu/pico-nexmon/pico-sdk/lib/lwip/src/core/pbuf.c.obj
                0x0000000010005204                pbuf_clone
 .text.pbuf_put_at
                0x0000000010005230       0x26 CMakeFiles/wifi_driver.dir/home/ubuntu/pico-nexmon/pico-sdk/lib/lwip/src/core/pbuf.c.obj
                0x0000000010005230                pbuf_put_at
 *fill*         0x0000000010005256        0x2 
 .text.raw_input_local_match
                0x0000000010005258       0x5c CMakeFiles/wifi_driver.dir/home/ubuntu/pico-nexmon/pico-sdk/lib/lwip/src/core/raw.c.obj
 .text.raw_input
                0x00000000100052b4       0xb0 CMakeFiles/wifi_driver.dir/home/ubuntu/pico-nexmon/pico-sdk/lib/lwip/src/core/raw.c.obj
                0x00000000100052b4                raw_input
 .text.raw_netif_ip_addr_changed
                0x0000000010005364       0x38 CMakeFiles/wifi_driver.dir/home/ubuntu/pico-nexmon/pico-sdk/lib/lwip/src/core/raw.c.obj
                0x0000000010005364                raw_netif_ip_addr_changed
 .text.stats_init
                0x000000001000539c        0x2 CMakeFiles/wifi_driver.dir/home/ubuntu/pico-nexmon/pico-sdk/lib/lwip/src/core/stats.c.obj
                0x000000001000539c                stats_init
 *fill*         0x000000001000539e        0x2 
 .text.tcp_new_port
                0x00000000100053a0       0x6c CMakeFiles/wifi_driver.dir/home/ubuntu/pico-nexmon/pico-sdk/lib/lwip/src/core/tcp.c.obj
 .text.tcp_remove_listener
                0x000000001000540c       0x24 CMakeFiles/wifi_driver.dir/home/ubuntu/pico-nexmon/pico-sdk/lib/lwip/src/core/tcp.c.obj
 .text.tcp_listen_closed
                0x0000000010005430       0x40 CMakeFiles/wifi_driver.dir/home/ubuntu/pico-nexmon/pico-sdk/lib/lwip/src/core/tcp.c.obj
 .text.tcp_free_listen
                0x0000000010005470       0x1c CMakeFiles/wifi_driver.dir/home/ubuntu/pico-nexmon/pico-sdk/lib/lwip/src/core/tcp.c.obj
 .text.tcp_close_shutdown_fin
                0x000000001000548c       0x68 CMakeFiles/wifi_driver.dir/home/ubuntu/pico-nexmon/pico-sdk/lib/lwip/src/core/tcp.c.obj
 .text.tcp_handle_closepend
                0x00000000100054f4       0x28 CMakeFiles/wifi_driver.dir/home/ubuntu/pico-nexmon/pico-sdk/lib/lwip/src/core/tcp.c.obj
 .text.tcp_init
                0x000000001000551c       0x20 CMakeFiles/wifi_driver.dir/home/ubuntu/pico-nexmon/pico-sdk/lib/lwip/src/core/tcp.c.obj
                0x000000001000551c                tcp_init
 .text.tcp_free
                0x000000001000553c       0x1c CMakeFiles/wifi_driver.dir/home/ubuntu/pico-nexmon/pico-sdk/lib/lwip/src/core/tcp.c.obj
                0x000000001000553c                tcp_free
 .text.tcp_bind
                0x0000000010005558       0xc8 CMakeFiles/wifi_driver.dir/home/ubuntu/pico-nexmon/pico-sdk/lib/lwip/src/core/tcp.c.obj
                0x0000000010005558                tcp_bind
 .text.tcp_listen_with_backlog_and_err
                0x0000000010005620       0xd0 CMakeFiles/wifi_driver.dir/home/ubuntu/pico-nexmon/pico-sdk/lib/lwip/src/core/tcp.c.obj
                0x0000000010005620                tcp_listen_with_backlog_and_err
 .text.tcp_listen_with_backlog
                0x00000000100056f0        0xa CMakeFiles/wifi_driver.dir/home/ubuntu/pico-nexmon/pico-sdk/lib/lwip/src/core/tcp.c.obj
                0x00000000100056f0                tcp_listen_with_backlog
 *fill*         0x00000000100056fa        0x2 
 .text.tcp_update_rcv_ann_wnd
                0x00000000100056fc       0x58 CMakeFiles/wifi_driver.dir/home/ubuntu/pico-nexmon/pico-sdk/lib/lwip/src/core/tcp.c.obj
                0x00000000100056fc                tcp_update_rcv_ann_wnd
 .text.tcp_recved
                0x0000000010005754       0x60 CMakeFiles/wifi_driver.dir/home/ubuntu/pico-nexmon/pico-sdk/lib/lwip/src/core/tcp.c.obj
                0x0000000010005754                tcp_recved
 .text.tcp_seg_free
                0x00000000100057b4       0x1a CMakeFiles/wifi_driver.dir/home/ubuntu/pico-nexmon/pico-sdk/lib/lwip/src/core/tcp.c.obj
                0x00000000100057b4                tcp_seg_free
 .text.tcp_segs_free
                0x00000000100057ce       0x12 CMakeFiles/wifi_driver.dir/home/ubuntu/pico-nexmon/pico-sdk/lib/lwip/src/core/tcp.c.obj
                0x00000000100057ce                tcp_segs_free
 .text.tcp_seg_copy
                0x00000000100057e0       0x2c CMakeFiles/wifi_driver.dir/home/ubuntu/pico-nexmon/pico-sdk/lib/lwip/src/core/tcp.c.obj
                0x00000000100057e0                tcp_seg_copy
 .text.tcp_arg  0x000000001000580c        0x8 CMakeFiles/wifi_driver.dir/home/ubuntu/pico-nexmon/pico-sdk/lib/lwip/src/core/tcp.c.obj
                0x000000001000580c                tcp_arg
 .text.tcp_recv
                0x0000000010005814       0x1c CMakeFiles/wifi_driver.dir/home/ubuntu/pico-nexmon/pico-sdk/lib/lwip/src/core/tcp.c.obj
                0x0000000010005814                tcp_recv
 .text.tcp_sent
                0x0000000010005830       0x1c CMakeFiles/wifi_driver.dir/home/ubuntu/pico-nexmon/pico-sdk/lib/lwip/src/core/tcp.c.obj
                0x0000000010005830                tcp_sent
 .text.tcp_err  0x000000001000584c       0x1c CMakeFiles/wifi_driver.dir/home/ubuntu/pico-nexmon/pico-sdk/lib/lwip/src/core/tcp.c.obj
                0x000000001000584c                tcp_err
 .text.tcp_accept
                0x0000000010005868       0x10 CMakeFiles/wifi_driver.dir/home/ubuntu/pico-nexmon/pico-sdk/lib/lwip/src/core/tcp.c.obj
                0x0000000010005868                tcp_accept
 .text.tcp_poll
                0x0000000010005878       0x2c CMakeFiles/wifi_driver.dir/home/ubuntu/pico-nexmon/pico-sdk/lib/lwip/src/core/tcp.c.obj
                0x0000000010005878                tcp_poll
 .text.tcp_next_iss
                0x00000000100058a4       0x28 CMakeFiles/wifi_driver.dir/home/ubuntu/pico-nexmon/pico-sdk/lib/lwip/src/core/tcp.c.obj
                0x00000000100058a4                tcp_next_iss
 .text.tcp_eff_send_mss_netif
                0x00000000100058cc       0x34 CMakeFiles/wifi_driver.dir/home/ubuntu/pico-nexmon/pico-sdk/lib/lwip/src/core/tcp.c.obj
                0x00000000100058cc                tcp_eff_send_mss_netif
 .text.tcp_free_ooseq
                0x0000000010005900       0x14 CMakeFiles/wifi_driver.dir/home/ubuntu/pico-nexmon/pico-sdk/lib/lwip/src/core/tcp.c.obj
                0x0000000010005900                tcp_free_ooseq
 .text.tcp_pcb_purge
                0x0000000010005914       0x58 CMakeFiles/wifi_driver.dir/home/ubuntu/pico-nexmon/pico-sdk/lib/lwip/src/core/tcp.c.obj
                0x0000000010005914                tcp_pcb_purge
 .text.tcp_pcb_remove
                0x000000001000596c       0xa4 CMakeFiles/wifi_driver.dir/home/ubuntu/pico-nexmon/pico-sdk/lib/lwip/src/core/tcp.c.obj
                0x000000001000596c                tcp_pcb_remove
 .text.tcp_abandon
                0x0000000010005a10      0x10c CMakeFiles/wifi_driver.dir/home/ubuntu/pico-nexmon/pico-sdk/lib/lwip/src/core/tcp.c.obj
                0x0000000010005a10                tcp_abandon
 .text.tcp_abort
                0x0000000010005b1c        0xa CMakeFiles/wifi_driver.dir/home/ubuntu/pico-nexmon/pico-sdk/lib/lwip/src/core/tcp.c.obj
                0x0000000010005b1c                tcp_abort
 *fill*         0x0000000010005b26        0x2 
 .text.tcp_accept_null
                0x0000000010005b28       0x1c CMakeFiles/wifi_driver.dir/home/ubuntu/pico-nexmon/pico-sdk/lib/lwip/src/core/tcp.c.obj
 .text.tcp_kill_timewait
                0x0000000010005b44       0x38 CMakeFiles/wifi_driver.dir/home/ubuntu/pico-nexmon/pico-sdk/lib/lwip/src/core/tcp.c.obj
 .text.tcp_kill_prio
                0x0000000010005b7c       0x58 CMakeFiles/wifi_driver.dir/home/ubuntu/pico-nexmon/pico-sdk/lib/lwip/src/core/tcp.c.obj
 .text.tcp_netif_ip_addr_changed_pcblist
                0x0000000010005bd4       0x30 CMakeFiles/wifi_driver.dir/home/ubuntu/pico-nexmon/pico-sdk/lib/lwip/src/core/tcp.c.obj
 .text.tcp_netif_ip_addr_changed
                0x0000000010005c04       0x54 CMakeFiles/wifi_driver.dir/home/ubuntu/pico-nexmon/pico-sdk/lib/lwip/src/core/tcp.c.obj
                0x0000000010005c04                tcp_netif_ip_addr_changed
 .text.tcp_kill_state
                0x0000000010005c58       0x54 CMakeFiles/wifi_driver.dir/home/ubuntu/pico-nexmon/pico-sdk/lib/lwip/src/core/tcp.c.obj
 .text.tcp_alloc
                0x0000000010005cac       0xcc CMakeFiles/wifi_driver.dir/home/ubuntu/pico-nexmon/pico-sdk/lib/lwip/src/core/tcp.c.obj
                0x0000000010005cac                tcp_alloc
 .text.tcp_new_ip_type
                0x0000000010005d78        0xa CMakeFiles/wifi_driver.dir/home/ubuntu/pico-nexmon/pico-sdk/lib/lwip/src/core/tcp.c.obj
                0x0000000010005d78                tcp_new_ip_type
 *fill*         0x0000000010005d82        0x2 
 .text.tcp_close_shutdown
                0x0000000010005d84      0x13c CMakeFiles/wifi_driver.dir/home/ubuntu/pico-nexmon/pico-sdk/lib/lwip/src/core/tcp.c.obj
 .text.tcp_close
                0x0000000010005ec0       0x2c CMakeFiles/wifi_driver.dir/home/ubuntu/pico-nexmon/pico-sdk/lib/lwip/src/core/tcp.c.obj
                0x0000000010005ec0                tcp_close
 .text.tcp_recv_null
                0x0000000010005eec       0x3c CMakeFiles/wifi_driver.dir/home/ubuntu/pico-nexmon/pico-sdk/lib/lwip/src/core/tcp.c.obj
                0x0000000010005eec                tcp_recv_null
 .text.tcp_process_refused_data
                0x0000000010005f28       0x88 CMakeFiles/wifi_driver.dir/home/ubuntu/pico-nexmon/pico-sdk/lib/lwip/src/core/tcp.c.obj
                0x0000000010005f28                tcp_process_refused_data
 .text.tcp_fasttmr
                0x0000000010005fb0       0x80 CMakeFiles/wifi_driver.dir/home/ubuntu/pico-nexmon/pico-sdk/lib/lwip/src/core/tcp.c.obj
                0x0000000010005fb0                tcp_fasttmr
 .text.tcp_slowtmr
                0x0000000010006030      0x44c CMakeFiles/wifi_driver.dir/home/ubuntu/pico-nexmon/pico-sdk/lib/lwip/src/core/tcp.c.obj
                0x0000000010006030                tcp_slowtmr
 .text.tcp_tmr  0x000000001000647c       0x20 CMakeFiles/wifi_driver.dir/home/ubuntu/pico-nexmon/pico-sdk/lib/lwip/src/core/tcp.c.obj
                0x000000001000647c                tcp_tmr
 .text.tcp_get_next_optbyte
                0x000000001000649c       0x40 CMakeFiles/wifi_driver.dir/home/ubuntu/pico-nexmon/pico-sdk/lib/lwip/src/core/tcp_in.c.obj
 .text.tcp_parseopt
                0x00000000100064dc       0x9c CMakeFiles/wifi_driver.dir/home/ubuntu/pico-nexmon/pico-sdk/lib/lwip/src/core/tcp_in.c.obj
 .text.tcp_input_delayed_close
                0x0000000010006578       0x4c CMakeFiles/wifi_driver.dir/home/ubuntu/pico-nexmon/pico-sdk/lib/lwip/src/core/tcp_in.c.obj
 .text.tcp_timewait_input
                0x00000000100065c4       0xa0 CMakeFiles/wifi_driver.dir/home/ubuntu/pico-nexmon/pico-sdk/lib/lwip/src/core/tcp_in.c.obj
 .text.tcp_listen_input
                0x0000000010006664      0x15c CMakeFiles/wifi_driver.dir/home/ubuntu/pico-nexmon/pico-sdk/lib/lwip/src/core/tcp_in.c.obj
 .text.tcp_free_acked_segments
                0x00000000100067c0       0xc0 CMakeFiles/wifi_driver.dir/home/ubuntu/pico-nexmon/pico-sdk/lib/lwip/src/core/tcp_in.c.obj
 .text.tcp_oos_insert_segment
                0x0000000010006880       0xd4 CMakeFiles/wifi_driver.dir/home/ubuntu/pico-nexmon/pico-sdk/lib/lwip/src/core/tcp_in.c.obj
 .text.tcp_receive
                0x0000000010006954      0x9f0 CMakeFiles/wifi_driver.dir/home/ubuntu/pico-nexmon/pico-sdk/lib/lwip/src/core/tcp_in.c.obj
 .text.tcp_process
                0x0000000010007344      0x55c CMakeFiles/wifi_driver.dir/home/ubuntu/pico-nexmon/pico-sdk/lib/lwip/src/core/tcp_in.c.obj
 .text.tcp_input
                0x00000000100078a0      0x674 CMakeFiles/wifi_driver.dir/home/ubuntu/pico-nexmon/pico-sdk/lib/lwip/src/core/tcp_in.c.obj
                0x00000000100078a0                tcp_input
 .text.tcp_trigger_input_pcb_close
                0x0000000010007f14       0x10 CMakeFiles/wifi_driver.dir/home/ubuntu/pico-nexmon/pico-sdk/lib/lwip/src/core/tcp_in.c.obj
                0x0000000010007f14                tcp_trigger_input_pcb_close
 .text.tcp_write_checks
                0x0000000010007f24       0xa8 CMakeFiles/wifi_driver.dir/home/ubuntu/pico-nexmon/pico-sdk/lib/lwip/src/core/tcp_out.c.obj
 .text.tcp_output_segment_busy
                0x0000000010007fcc       0x20 CMakeFiles/wifi_driver.dir/home/ubuntu/pico-nexmon/pico-sdk/lib/lwip/src/core/tcp_out.c.obj
 .text.tcp_output_fill_options
                0x0000000010007fec       0x30 CMakeFiles/wifi_driver.dir/home/ubuntu/pico-nexmon/pico-sdk/lib/lwip/src/core/tcp_out.c.obj
 .text.tcp_pbuf_prealloc
                0x000000001000801c       0x4c CMakeFiles/wifi_driver.dir/home/ubuntu/pico-nexmon/pico-sdk/lib/lwip/src/core/tcp_out.c.obj
 .text.tcp_create_segment
                0x0000000010008068       0xf4 CMakeFiles/wifi_driver.dir/home/ubuntu/pico-nexmon/pico-sdk/lib/lwip/src/core/tcp_out.c.obj
 .text.tcp_output_alloc_header_common
                0x000000001000815c       0xd0 CMakeFiles/wifi_driver.dir/home/ubuntu/pico-nexmon/pico-sdk/lib/lwip/src/core/tcp_out.c.obj
 .text.tcp_output_alloc_header
                0x000000001000822c       0x3c CMakeFiles/wifi_driver.dir/home/ubuntu/pico-nexmon/pico-sdk/lib/lwip/src/core/tcp_out.c.obj
 .text.tcp_rst_common
                0x0000000010008268       0x68 CMakeFiles/wifi_driver.dir/home/ubuntu/pico-nexmon/pico-sdk/lib/lwip/src/core/tcp_out.c.obj
 .text.tcp_route
                0x00000000100082d0       0x1a CMakeFiles/wifi_driver.dir/home/ubuntu/pico-nexmon/pico-sdk/lib/lwip/src/core/tcp_out.c.obj
 *fill*         0x00000000100082ea        0x2 
 .text.tcp_output_segment
                0x00000000100082ec      0x168 CMakeFiles/wifi_driver.dir/home/ubuntu/pico-nexmon/pico-sdk/lib/lwip/src/core/tcp_out.c.obj
 .text.tcp_output_control_segment_netif
                0x0000000010008454       0x84 CMakeFiles/wifi_driver.dir/home/ubuntu/pico-nexmon/pico-sdk/lib/lwip/src/core/tcp_out.c.obj
 .text.tcp_output_control_segment
                0x00000000100084d8       0x44 CMakeFiles/wifi_driver.dir/home/ubuntu/pico-nexmon/pico-sdk/lib/lwip/src/core/tcp_out.c.obj
 .text.tcp_write
                0x000000001000851c      0x368 CMakeFiles/wifi_driver.dir/home/ubuntu/pico-nexmon/pico-sdk/lib/lwip/src/core/tcp_out.c.obj
                0x000000001000851c                tcp_write
 .text.tcp_split_unsent_seg
                0x0000000010008884      0x1f8 CMakeFiles/wifi_driver.dir/home/ubuntu/pico-nexmon/pico-sdk/lib/lwip/src/core/tcp_out.c.obj
                0x0000000010008884                tcp_split_unsent_seg
 .text.tcp_enqueue_flags
                0x0000000010008a7c      0x11c CMakeFiles/wifi_driver.dir/home/ubuntu/pico-nexmon/pico-sdk/lib/lwip/src/core/tcp_out.c.obj
                0x0000000010008a7c                tcp_enqueue_flags
 .text.tcp_send_fin
                0x0000000010008b98       0x68 CMakeFiles/wifi_driver.dir/home/ubuntu/pico-nexmon/pico-sdk/lib/lwip/src/core/tcp_out.c.obj
                0x0000000010008b98                tcp_send_fin
 .text.tcp_rexmit_rto_prepare
                0x0000000010008c00       0xac CMakeFiles/wifi_driver.dir/home/ubuntu/pico-nexmon/pico-sdk/lib/lwip/src/core/tcp_out.c.obj
                0x0000000010008c00                tcp_rexmit_rto_prepare
 .text.tcp_rexmit
                0x0000000010008cac       0xa4 CMakeFiles/wifi_driver.dir/home/ubuntu/pico-nexmon/pico-sdk/lib/lwip/src/core/tcp_out.c.obj
                0x0000000010008cac                tcp_rexmit
 .text.tcp_rexmit_fast
                0x0000000010008d50       0x68 CMakeFiles/wifi_driver.dir/home/ubuntu/pico-nexmon/pico-sdk/lib/lwip/src/core/tcp_out.c.obj
                0x0000000010008d50                tcp_rexmit_fast
 .text.tcp_rst  0x0000000010008db8       0x32 CMakeFiles/wifi_driver.dir/home/ubuntu/pico-nexmon/pico-sdk/lib/lwip/src/core/tcp_out.c.obj
                0x0000000010008db8                tcp_rst
 .text.tcp_rst_netif
                0x0000000010008dea       0x38 CMakeFiles/wifi_driver.dir/home/ubuntu/pico-nexmon/pico-sdk/lib/lwip/src/core/tcp_out.c.obj
                0x0000000010008dea                tcp_rst_netif
 *fill*         0x0000000010008e22        0x2 
 .text.tcp_send_empty_ack
                0x0000000010008e24       0x64 CMakeFiles/wifi_driver.dir/home/ubuntu/pico-nexmon/pico-sdk/lib/lwip/src/core/tcp_out.c.obj
                0x0000000010008e24                tcp_send_empty_ack
 .text.tcp_output
                0x0000000010008e88      0x338 CMakeFiles/wifi_driver.dir/home/ubuntu/pico-nexmon/pico-sdk/lib/lwip/src/core/tcp_out.c.obj
                0x0000000010008e88                tcp_output
 .text.tcp_rexmit_rto_commit
                0x00000000100091c0       0x24 CMakeFiles/wifi_driver.dir/home/ubuntu/pico-nexmon/pico-sdk/lib/lwip/src/core/tcp_out.c.obj
                0x00000000100091c0                tcp_rexmit_rto_commit
 .text.tcp_rexmit_rto
                0x00000000100091e4       0x24 CMakeFiles/wifi_driver.dir/home/ubuntu/pico-nexmon/pico-sdk/lib/lwip/src/core/tcp_out.c.obj
                0x00000000100091e4                tcp_rexmit_rto
 .text.tcp_keepalive
                0x0000000010009208       0x48 CMakeFiles/wifi_driver.dir/home/ubuntu/pico-nexmon/pico-sdk/lib/lwip/src/core/tcp_out.c.obj
                0x0000000010009208                tcp_keepalive
 .text.tcp_zero_window_probe
                0x0000000010009250      0x10c CMakeFiles/wifi_driver.dir/home/ubuntu/pico-nexmon/pico-sdk/lib/lwip/src/core/tcp_out.c.obj
                0x0000000010009250                tcp_zero_window_probe
 .text.sys_timeout_abs
                0x000000001000935c       0x60 CMakeFiles/wifi_driver.dir/home/ubuntu/pico-nexmon/pico-sdk/lib/lwip/src/core/timeouts.c.obj
 .text.lwip_cyclic_timer
                0x00000000100093bc       0x38 CMakeFiles/wifi_driver.dir/home/ubuntu/pico-nexmon/pico-sdk/lib/lwip/src/core/timeouts.c.obj
 .text.sys_timeout
                0x00000000100093f4       0x2c CMakeFiles/wifi_driver.dir/home/ubuntu/pico-nexmon/pico-sdk/lib/lwip/src/core/timeouts.c.obj
                0x00000000100093f4                sys_timeout
 .text.tcp_timer_needed
                0x0000000010009420       0x40 CMakeFiles/wifi_driver.dir/home/ubuntu/pico-nexmon/pico-sdk/lib/lwip/src/core/timeouts.c.obj
                0x0000000010009420                tcp_timer_needed
 .text.tcpip_tcp_timer
                0x0000000010009460       0x3c CMakeFiles/wifi_driver.dir/home/ubuntu/pico-nexmon/pico-sdk/lib/lwip/src/core/timeouts.c.obj
 .text.sys_timeouts_init
                0x000000001000949c       0x24 CMakeFiles/wifi_driver.dir/home/ubuntu/pico-nexmon/pico-sdk/lib/lwip/src/core/timeouts.c.obj
                0x000000001000949c                sys_timeouts_init
 .text.sys_check_timeouts
                0x00000000100094c0       0x54 CMakeFiles/wifi_driver.dir/home/ubuntu/pico-nexmon/pico-sdk/lib/lwip/src/core/timeouts.c.obj
                0x00000000100094c0                sys_check_timeouts
 .text.sys_timeouts_sleeptime
                0x0000000010009514       0x34 CMakeFiles/wifi_driver.dir/home/ubuntu/pico-nexmon/pico-sdk/lib/lwip/src/core/timeouts.c.obj
                0x0000000010009514                sys_timeouts_sleeptime
 .text.udp_new_port
                0x0000000010009548       0x54 CMakeFiles/wifi_driver.dir/home/ubuntu/pico-nexmon/pico-sdk/lib/lwip/src/core/udp.c.obj
 .text.udp_input_local_match
                0x000000001000959c       0x90 CMakeFiles/wifi_driver.dir/home/ubuntu/pico-nexmon/pico-sdk/lib/lwip/src/core/udp.c.obj
 .text.udp_init
                0x000000001000962c       0x20 CMakeFiles/wifi_driver.dir/home/ubuntu/pico-nexmon/pico-sdk/lib/lwip/src/core/udp.c.obj
                0x000000001000962c                udp_init
 .text.udp_input
                0x000000001000964c      0x210 CMakeFiles/wifi_driver.dir/home/ubuntu/pico-nexmon/pico-sdk/lib/lwip/src/core/udp.c.obj
                0x000000001000964c                udp_input
 .text.udp_bind
                0x000000001000985c       0xbc CMakeFiles/wifi_driver.dir/home/ubuntu/pico-nexmon/pico-sdk/lib/lwip/src/core/udp.c.obj
                0x000000001000985c                udp_bind
 .text.udp_sendto_if_src
                0x0000000010009918      0x17c CMakeFiles/wifi_driver.dir/home/ubuntu/pico-nexmon/pico-sdk/lib/lwip/src/core/udp.c.obj
                0x0000000010009918                udp_sendto_if_src
 .text.udp_sendto_if
                0x0000000010009a94       0x84 CMakeFiles/wifi_driver.dir/home/ubuntu/pico-nexmon/pico-sdk/lib/lwip/src/core/udp.c.obj
                0x0000000010009a94                udp_sendto_if
 .text.udp_sendto
                0x0000000010009b18       0x84 CMakeFiles/wifi_driver.dir/home/ubuntu/pico-nexmon/pico-sdk/lib/lwip/src/core/udp.c.obj
                0x0000000010009b18                udp_sendto
 .text.udp_connect
                0x0000000010009b9c       0x74 CMakeFiles/wifi_driver.dir/home/ubuntu/pico-nexmon/pico-sdk/lib/lwip/src/core/udp.c.obj
                0x0000000010009b9c                udp_connect
 .text.udp_recv
                0x0000000010009c10       0x18 CMakeFiles/wifi_driver.dir/home/ubuntu/pico-nexmon/pico-sdk/lib/lwip/src/core/udp.c.obj
                0x0000000010009c10                udp_recv
 .text.udp_remove
                0x0000000010009c28       0x44 CMakeFiles/wifi_driver.dir/home/ubuntu/pico-nexmon/pico-sdk/lib/lwip/src/core/udp.c.obj
                0x0000000010009c28                udp_remove
 .text.udp_new  0x0000000010009c6c       0x1c CMakeFiles/wifi_driver.dir/home/ubuntu/pico-nexmon/pico-sdk/lib/lwip/src/core/udp.c.obj
                0x0000000010009c6c                udp_new
 .text.udp_netif_ip_addr_changed
                0x0000000010009c88       0x38 CMakeFiles/wifi_driver.dir/home/ubuntu/pico-nexmon/pico-sdk/lib/lwip/src/core/udp.c.obj
                0x0000000010009c88                udp_netif_ip_addr_changed
 .text.dhcp_set_state
                0x0000000010009cc0       0x10 CMakeFiles/wifi_driver.dir/home/ubuntu/pico-nexmon/pico-sdk/lib/lwip/src/core/ipv4/dhcp.c.obj
 .text.dhcp_option_short
                0x0000000010009cd0       0x24 CMakeFiles/wifi_driver.dir/home/ubuntu/pico-nexmon/pico-sdk/lib/lwip/src/core/ipv4/dhcp.c.obj
 .text.dhcp_option
                0x0000000010009cf4       0x24 CMakeFiles/wifi_driver.dir/home/ubuntu/pico-nexmon/pico-sdk/lib/lwip/src/core/ipv4/dhcp.c.obj
 .text.dhcp_option_byte
                0x0000000010009d18       0x1c CMakeFiles/wifi_driver.dir/home/ubuntu/pico-nexmon/pico-sdk/lib/lwip/src/core/ipv4/dhcp.c.obj
 .text.dhcp_option_long
                0x0000000010009d34       0x34 CMakeFiles/wifi_driver.dir/home/ubuntu/pico-nexmon/pico-sdk/lib/lwip/src/core/ipv4/dhcp.c.obj
 .text.dhcp_create_msg
                0x0000000010009d68      0x138 CMakeFiles/wifi_driver.dir/home/ubuntu/pico-nexmon/pico-sdk/lib/lwip/src/core/ipv4/dhcp.c.obj
 .text.dhcp_option_hostname
                0x0000000010009ea0       0x70 CMakeFiles/wifi_driver.dir/home/ubuntu/pico-nexmon/pico-sdk/lib/lwip/src/core/ipv4/dhcp.c.obj
 .text.dhcp_option_trailer
                0x0000000010009f10       0x30 CMakeFiles/wifi_driver.dir/home/ubuntu/pico-nexmon/pico-sdk/lib/lwip/src/core/ipv4/dhcp.c.obj
 .text.dhcp_rebind
                0x0000000010009f40       0xfc CMakeFiles/wifi_driver.dir/home/ubuntu/pico-nexmon/pico-sdk/lib/lwip/src/core/ipv4/dhcp.c.obj
 .text.dhcp_t2_timeout
                0x000000001000a03c       0x2e CMakeFiles/wifi_driver.dir/home/ubuntu/pico-nexmon/pico-sdk/lib/lwip/src/core/ipv4/dhcp.c.obj
 *fill*         0x000000001000a06a        0x2 
 .text.dhcp_reboot
                0x000000001000a06c      0x120 CMakeFiles/wifi_driver.dir/home/ubuntu/pico-nexmon/pico-sdk/lib/lwip/src/core/ipv4/dhcp.c.obj
 .text.dhcp_select
                0x000000001000a18c      0x16c CMakeFiles/wifi_driver.dir/home/ubuntu/pico-nexmon/pico-sdk/lib/lwip/src/core/ipv4/dhcp.c.obj
 .text.dhcp_handle_offer
                0x000000001000a2f8       0x48 CMakeFiles/wifi_driver.dir/home/ubuntu/pico-nexmon/pico-sdk/lib/lwip/src/core/ipv4/dhcp.c.obj
 .text.dhcp_discover
                0x000000001000a340       0xf8 CMakeFiles/wifi_driver.dir/home/ubuntu/pico-nexmon/pico-sdk/lib/lwip/src/core/ipv4/dhcp.c.obj
 .text.dhcp_dec_pcb_refcount
                0x000000001000a438       0x38 CMakeFiles/wifi_driver.dir/home/ubuntu/pico-nexmon/pico-sdk/lib/lwip/src/core/ipv4/dhcp.c.obj
 .text.dhcp_inc_pcb_refcount
                0x000000001000a470       0x74 CMakeFiles/wifi_driver.dir/home/ubuntu/pico-nexmon/pico-sdk/lib/lwip/src/core/ipv4/dhcp.c.obj
 .text.dhcp_parse_reply
                0x000000001000a4e4      0x2fc CMakeFiles/wifi_driver.dir/home/ubuntu/pico-nexmon/pico-sdk/lib/lwip/src/core/ipv4/dhcp.c.obj
 .text.dhcp_handle_ack
                0x000000001000a7e0       0xd0 CMakeFiles/wifi_driver.dir/home/ubuntu/pico-nexmon/pico-sdk/lib/lwip/src/core/ipv4/dhcp.c.obj
 .text.dhcp_bind
                0x000000001000a8b0      0x104 CMakeFiles/wifi_driver.dir/home/ubuntu/pico-nexmon/pico-sdk/lib/lwip/src/core/ipv4/dhcp.c.obj
 .text.dhcp_handle_nak
                0x000000001000a9b4       0x24 CMakeFiles/wifi_driver.dir/home/ubuntu/pico-nexmon/pico-sdk/lib/lwip/src/core/ipv4/dhcp.c.obj
 .text.dhcp_recv
                0x000000001000a9d8       0xf4 CMakeFiles/wifi_driver.dir/home/ubuntu/pico-nexmon/pico-sdk/lib/lwip/src/core/ipv4/dhcp.c.obj
 .text.dhcp_set_struct
                0x000000001000aacc       0x44 CMakeFiles/wifi_driver.dir/home/ubuntu/pico-nexmon/pico-sdk/lib/lwip/src/core/ipv4/dhcp.c.obj
                0x000000001000aacc                dhcp_set_struct
 .text.dhcp_network_changed_link_up
                0x000000001000ab10       0x40 CMakeFiles/wifi_driver.dir/home/ubuntu/pico-nexmon/pico-sdk/lib/lwip/src/core/ipv4/dhcp.c.obj
                0x000000001000ab10                dhcp_network_changed_link_up
 .text.dhcp_renew
                0x000000001000ab50       0xf8 CMakeFiles/wifi_driver.dir/home/ubuntu/pico-nexmon/pico-sdk/lib/lwip/src/core/ipv4/dhcp.c.obj
                0x000000001000ab50                dhcp_renew
 .text.dhcp_t1_timeout
                0x000000001000ac48       0x2a CMakeFiles/wifi_driver.dir/home/ubuntu/pico-nexmon/pico-sdk/lib/lwip/src/core/ipv4/dhcp.c.obj
 .text.dhcp_supplied_address
                0x000000001000ac72       0x32 CMakeFiles/wifi_driver.dir/home/ubuntu/pico-nexmon/pico-sdk/lib/lwip/src/core/ipv4/dhcp.c.obj
                0x000000001000ac72                dhcp_supplied_address
 .text.dhcp_release_and_stop
                0x000000001000aca4       0xdc CMakeFiles/wifi_driver.dir/home/ubuntu/pico-nexmon/pico-sdk/lib/lwip/src/core/ipv4/dhcp.c.obj
                0x000000001000aca4                dhcp_release_and_stop
 .text.dhcp_start
                0x000000001000ad80       0xac CMakeFiles/wifi_driver.dir/home/ubuntu/pico-nexmon/pico-sdk/lib/lwip/src/core/ipv4/dhcp.c.obj
                0x000000001000ad80                dhcp_start
 .text.dhcp_coarse_tmr
                0x000000001000ae2c       0x6c CMakeFiles/wifi_driver.dir/home/ubuntu/pico-nexmon/pico-sdk/lib/lwip/src/core/ipv4/dhcp.c.obj
                0x000000001000ae2c                dhcp_coarse_tmr
 .text.dhcp_timeout
                0x000000001000ae98       0x4a CMakeFiles/wifi_driver.dir/home/ubuntu/pico-nexmon/pico-sdk/lib/lwip/src/core/ipv4/dhcp.c.obj
 *fill*         0x000000001000aee2        0x2 
 .text.dhcp_fine_tmr
                0x000000001000aee4       0x38 CMakeFiles/wifi_driver.dir/home/ubuntu/pico-nexmon/pico-sdk/lib/lwip/src/core/ipv4/dhcp.c.obj
                0x000000001000aee4                dhcp_fine_tmr
 .text.dhcp_stop
                0x000000001000af1c        0x8 CMakeFiles/wifi_driver.dir/home/ubuntu/pico-nexmon/pico-sdk/lib/lwip/src/core/ipv4/dhcp.c.obj
                0x000000001000af1c                dhcp_stop
 .text.etharp_free_entry
                0x000000001000af24       0x4c CMakeFiles/wifi_driver.dir/home/ubuntu/pico-nexmon/pico-sdk/lib/lwip/src/core/ipv4/etharp.c.obj
 .text.etharp_find_entry
                0x000000001000af70      0x1b0 CMakeFiles/wifi_driver.dir/home/ubuntu/pico-nexmon/pico-sdk/lib/lwip/src/core/ipv4/etharp.c.obj
 .text.etharp_update_arp_entry
                0x000000001000b120       0xc8 CMakeFiles/wifi_driver.dir/home/ubuntu/pico-nexmon/pico-sdk/lib/lwip/src/core/ipv4/etharp.c.obj
 .text.etharp_raw
                0x000000001000b1e8       0xf0 CMakeFiles/wifi_driver.dir/home/ubuntu/pico-nexmon/pico-sdk/lib/lwip/src/core/ipv4/etharp.c.obj
 .text.etharp_request_dst
                0x000000001000b2d8       0x24 CMakeFiles/wifi_driver.dir/home/ubuntu/pico-nexmon/pico-sdk/lib/lwip/src/core/ipv4/etharp.c.obj
 .text.etharp_cleanup_netif
                0x000000001000b2fc       0x3c CMakeFiles/wifi_driver.dir/home/ubuntu/pico-nexmon/pico-sdk/lib/lwip/src/core/ipv4/etharp.c.obj
                0x000000001000b2fc                etharp_cleanup_netif
 .text.etharp_input
                0x000000001000b338      0x120 CMakeFiles/wifi_driver.dir/home/ubuntu/pico-nexmon/pico-sdk/lib/lwip/src/core/ipv4/etharp.c.obj
                0x000000001000b338                etharp_input
 .text.etharp_request
                0x000000001000b458       0x10 CMakeFiles/wifi_driver.dir/home/ubuntu/pico-nexmon/pico-sdk/lib/lwip/src/core/ipv4/etharp.c.obj
                0x000000001000b458                etharp_request
 .text.etharp_tmr
                0x000000001000b468       0x8c CMakeFiles/wifi_driver.dir/home/ubuntu/pico-nexmon/pico-sdk/lib/lwip/src/core/ipv4/etharp.c.obj
                0x000000001000b468                etharp_tmr
 .text.etharp_output_to_arp_index
                0x000000001000b4f4       0xc0 CMakeFiles/wifi_driver.dir/home/ubuntu/pico-nexmon/pico-sdk/lib/lwip/src/core/ipv4/etharp.c.obj
 .text.etharp_query
                0x000000001000b5b4      0x1d8 CMakeFiles/wifi_driver.dir/home/ubuntu/pico-nexmon/pico-sdk/lib/lwip/src/core/ipv4/etharp.c.obj
                0x000000001000b5b4                etharp_query
 .text.etharp_output
                0x000000001000b78c      0x154 CMakeFiles/wifi_driver.dir/home/ubuntu/pico-nexmon/pico-sdk/lib/lwip/src/core/ipv4/etharp.c.obj
                0x000000001000b78c                etharp_output
 .text.icmp_send_response
                0x000000001000b8e0       0xd4 CMakeFiles/wifi_driver.dir/home/ubuntu/pico-nexmon/pico-sdk/lib/lwip/src/core/ipv4/icmp.c.obj
 .text.icmp_input
                0x000000001000b9b4      0x204 CMakeFiles/wifi_driver.dir/home/ubuntu/pico-nexmon/pico-sdk/lib/lwip/src/core/ipv4/icmp.c.obj
                0x000000001000b9b4                icmp_input
 .text.icmp_dest_unreach
                0x000000001000bbb8        0xc CMakeFiles/wifi_driver.dir/home/ubuntu/pico-nexmon/pico-sdk/lib/lwip/src/core/ipv4/icmp.c.obj
                0x000000001000bbb8                icmp_dest_unreach
 .text.icmp_time_exceeded
                0x000000001000bbc4        0xc CMakeFiles/wifi_driver.dir/home/ubuntu/pico-nexmon/pico-sdk/lib/lwip/src/core/ipv4/icmp.c.obj
                0x000000001000bbc4                icmp_time_exceeded
 .text.ip_reass_dequeue_datagram
                0x000000001000bbd0       0x34 CMakeFiles/wifi_driver.dir/home/ubuntu/pico-nexmon/pico-sdk/lib/lwip/src/core/ipv4/ip4_frag.c.obj
 .text.ip_reass_free_complete_datagram
                0x000000001000bc04       0xe8 CMakeFiles/wifi_driver.dir/home/ubuntu/pico-nexmon/pico-sdk/lib/lwip/src/core/ipv4/ip4_frag.c.obj
 .text.ip_reass_remove_oldest_datagram
                0x000000001000bcec       0xc4 CMakeFiles/wifi_driver.dir/home/ubuntu/pico-nexmon/pico-sdk/lib/lwip/src/core/ipv4/ip4_frag.c.obj
 .text.ip_reass_chain_frag_into_datagram_and_validate
                0x000000001000bdb0      0x27c CMakeFiles/wifi_driver.dir/home/ubuntu/pico-nexmon/pico-sdk/lib/lwip/src/core/ipv4/ip4_frag.c.obj
 .text.ip_reass_enqueue_new_datagram
                0x000000001000c02c       0x64 CMakeFiles/wifi_driver.dir/home/ubuntu/pico-nexmon/pico-sdk/lib/lwip/src/core/ipv4/ip4_frag.c.obj
 .text.ip_reass_tmr
                0x000000001000c090       0x30 CMakeFiles/wifi_driver.dir/home/ubuntu/pico-nexmon/pico-sdk/lib/lwip/src/core/ipv4/ip4_frag.c.obj
                0x000000001000c090                ip_reass_tmr
 .text.ip4_reass
                0x000000001000c0c0      0x284 CMakeFiles/wifi_driver.dir/home/ubuntu/pico-nexmon/pico-sdk/lib/lwip/src/core/ipv4/ip4_frag.c.obj
                0x000000001000c0c0                ip4_reass
 .text.ip4_frag
                0x000000001000c344      0x178 CMakeFiles/wifi_driver.dir/home/ubuntu/pico-nexmon/pico-sdk/lib/lwip/src/core/ipv4/ip4_frag.c.obj
                0x000000001000c344                ip4_frag
 .text.ip4_input_accept
                0x000000001000c4bc       0x38 CMakeFiles/wifi_driver.dir/home/ubuntu/pico-nexmon/pico-sdk/lib/lwip/src/core/ipv4/ip4.c.obj
 .text.ip4_route
                0x000000001000c4f4       0x7c CMakeFiles/wifi_driver.dir/home/ubuntu/pico-nexmon/pico-sdk/lib/lwip/src/core/ipv4/ip4.c.obj
                0x000000001000c4f4                ip4_route
 .text.ip4_input
                0x000000001000c570      0x2a0 CMakeFiles/wifi_driver.dir/home/ubuntu/pico-nexmon/pico-sdk/lib/lwip/src/core/ipv4/ip4.c.obj
                0x000000001000c570                ip4_input
 .text.ip4_output_if_src
                0x000000001000c810      0x1c4 CMakeFiles/wifi_driver.dir/home/ubuntu/pico-nexmon/pico-sdk/lib/lwip/src/core/ipv4/ip4.c.obj
                0x000000001000c810                ip4_output_if_src
 .text.ip4_output_if
                0x000000001000c9d4       0x2e CMakeFiles/wifi_driver.dir/home/ubuntu/pico-nexmon/pico-sdk/lib/lwip/src/core/ipv4/ip4.c.obj
                0x000000001000c9d4                ip4_output_if
 .text.ip4_addr_isbroadcast_u32
                0x000000001000ca02       0x42 CMakeFiles/wifi_driver.dir/home/ubuntu/pico-nexmon/pico-sdk/lib/lwip/src/core/ipv4/ip4_addr.c.obj
                0x000000001000ca02                ip4_addr_isbroadcast_u32
 .text.ip4addr_ntoa_r
                0x000000001000ca44       0xb0 CMakeFiles/wifi_driver.dir/home/ubuntu/pico-nexmon/pico-sdk/lib/lwip/src/core/ipv4/ip4_addr.c.obj
                0x000000001000ca44                ip4addr_ntoa_r
 .text.ip4addr_ntoa
                0x000000001000caf4       0x10 CMakeFiles/wifi_driver.dir/home/ubuntu/pico-nexmon/pico-sdk/lib/lwip/src/core/ipv4/ip4_addr.c.obj
                0x000000001000caf4                ip4addr_ntoa
 .text.ethernet_input
                0x000000001000cb04       0xe0 CMakeFiles/wifi_driver.dir/home/ubuntu/pico-nexmon/pico-sdk/lib/lwip/src/netif/ethernet.c.obj
                0x000000001000cb04                ethernet_input
 .text.ethernet_output
                0x000000001000cbe4       0x6c CMakeFiles/wifi_driver.dir/home/ubuntu/pico-nexmon/pico-sdk/lib/lwip/src/netif/ethernet.c.obj
                0x000000001000cbe4                ethernet_output
 .text.cyw43_arch_set_async_context
                0x000000001000cc50        0xc CMakeFiles/wifi_driver.dir/home/ubuntu/pico-nexmon/pico-sdk/src/rp2_common/pico_cyw43_arch/cyw43_arch.c.obj
                0x000000001000cc50                cyw43_arch_set_async_context
 .text.cyw43_arch_get_country_code
                0x000000001000cc5c        0xc CMakeFiles/wifi_driver.dir/home/ubuntu/pico-nexmon/pico-sdk/src/rp2_common/pico_cyw43_arch/cyw43_arch.c.obj
                0x000000001000cc5c                cyw43_arch_get_country_code
 .text.cyw43_arch_enable_ap_mode
                0x000000001000cc68       0xac CMakeFiles/wifi_driver.dir/home/ubuntu/pico-nexmon/pico-sdk/src/rp2_common/pico_cyw43_arch/cyw43_arch.c.obj
                0x000000001000cc68                cyw43_arch_enable_ap_mode
 .text.cyw43_arch_disable_ap_mode
                0x000000001000cd14       0x4c CMakeFiles/wifi_driver.dir/home/ubuntu/pico-nexmon/pico-sdk/src/rp2_common/pico_cyw43_arch/cyw43_arch.c.obj
                0x000000001000cd14                cyw43_arch_disable_ap_mode
 .text.cyw43_arch_async_context
                0x000000001000cd60        0xc CMakeFiles/wifi_driver.dir/home/ubuntu/pico-nexmon/pico-sdk/src/rp2_common/pico_cyw43_arch/cyw43_arch.c.obj
                0x000000001000cd60                cyw43_arch_async_context
 .text.cyw43_arch_init_default_async_context
                0x000000001000cd6c       0x20 CMakeFiles/wifi_driver.dir/home/ubuntu/pico-nexmon/pico-sdk/src/rp2_common/pico_cyw43_arch/cyw43_arch_threadsafe_background.c.obj
                0x000000001000cd6c                cyw43_arch_init_default_async_context
 .text.cyw43_arch_deinit
                0x000000001000cd8c       0x30 CMakeFiles/wifi_driver.dir/home/ubuntu/pico-nexmon/pico-sdk/src/rp2_common/pico_cyw43_arch/cyw43_arch_threadsafe_background.c.obj
                0x000000001000cd8c                cyw43_arch_deinit
 .text.cyw43_arch_init
                0x000000001000cdbc       0x42 CMakeFiles/wifi_driver.dir/home/ubuntu/pico-nexmon/pico-sdk/src/rp2_common/pico_cyw43_arch/cyw43_arch_threadsafe_background.c.obj
                0x000000001000cdbc                cyw43_arch_init
 .text.cs_set   0x000000001000cdfe       0x1c CMakeFiles/wifi_driver.dir/home/ubuntu/pico-nexmon/pico-sdk/src/rp2_common/pico_cyw43_driver/cyw43_bus_pio_spi.c.obj
 *fill*         0x000000001000ce1a        0x2 
 .text.start_spi_comms
                0x000000001000ce1c       0x2c CMakeFiles/wifi_driver.dir/home/ubuntu/pico-nexmon/pico-sdk/src/rp2_common/pico_cyw43_driver/cyw43_bus_pio_spi.c.obj
 .text.ns_delay
                0x000000001000ce48       0x20 CMakeFiles/wifi_driver.dir/home/ubuntu/pico-nexmon/pico-sdk/src/rp2_common/pico_cyw43_driver/cyw43_bus_pio_spi.c.obj
 .text.stop_spi_comms
                0x000000001000ce68       0x10 CMakeFiles/wifi_driver.dir/home/ubuntu/pico-nexmon/pico-sdk/src/rp2_common/pico_cyw43_driver/cyw43_bus_pio_spi.c.obj
 .text.cyw43_spi_deinit
                0x000000001000ce78       0x74 CMakeFiles/wifi_driver.dir/home/ubuntu/pico-nexmon/pico-sdk/src/rp2_common/pico_cyw43_driver/cyw43_bus_pio_spi.c.obj
                0x000000001000ce78                cyw43_spi_deinit
 .text.cyw43_spi_init
                0x000000001000ceec      0x284 CMakeFiles/wifi_driver.dir/home/ubuntu/pico-nexmon/pico-sdk/src/rp2_common/pico_cyw43_driver/cyw43_bus_pio_spi.c.obj
                0x000000001000ceec                cyw43_spi_init
 .text.cyw43_spi_transfer
                0x000000001000d170      0x694 CMakeFiles/wifi_driver.dir/home/ubuntu/pico-nexmon/pico-sdk/src/rp2_common/pico_cyw43_driver/cyw43_bus_pio_spi.c.obj
                0x000000001000d170                cyw43_spi_transfer
 .text.cyw43_spi_gpio_setup
                0x000000001000d804       0x3a CMakeFiles/wifi_driver.dir/home/ubuntu/pico-nexmon/pico-sdk/src/rp2_common/pico_cyw43_driver/cyw43_bus_pio_spi.c.obj
                0x000000001000d804                cyw43_spi_gpio_setup
 .text.cyw43_spi_reset
                0x000000001000d83e       0x28 CMakeFiles/wifi_driver.dir/home/ubuntu/pico-nexmon/pico-sdk/src/rp2_common/pico_cyw43_driver/cyw43_bus_pio_spi.c.obj
                0x000000001000d83e                cyw43_spi_reset
 *fill*         0x000000001000d866        0x2 
 .text.read_reg_u32_swap
                0x000000001000d868       0x68 CMakeFiles/wifi_driver.dir/home/ubuntu/pico-nexmon/pico-sdk/src/rp2_common/pico_cyw43_driver/cyw43_bus_pio_spi.c.obj
                0x000000001000d868                read_reg_u32_swap
 .text.cyw43_read_reg_u32
                0x000000001000d8d0       0x54 CMakeFiles/wifi_driver.dir/home/ubuntu/pico-nexmon/pico-sdk/src/rp2_common/pico_cyw43_driver/cyw43_bus_pio_spi.c.obj
                0x000000001000d8d0                cyw43_read_reg_u32
 .text.cyw43_read_reg_u16
                0x000000001000d924       0x54 CMakeFiles/wifi_driver.dir/home/ubuntu/pico-nexmon/pico-sdk/src/rp2_common/pico_cyw43_driver/cyw43_bus_pio_spi.c.obj
                0x000000001000d924                cyw43_read_reg_u16
 .text.cyw43_read_reg_u8
                0x000000001000d978       0x54 CMakeFiles/wifi_driver.dir/home/ubuntu/pico-nexmon/pico-sdk/src/rp2_common/pico_cyw43_driver/cyw43_bus_pio_spi.c.obj
                0x000000001000d978                cyw43_read_reg_u8
 .text.write_reg_u32_swap
                0x000000001000d9cc       0x34 CMakeFiles/wifi_driver.dir/home/ubuntu/pico-nexmon/pico-sdk/src/rp2_common/pico_cyw43_driver/cyw43_bus_pio_spi.c.obj
                0x000000001000d9cc                write_reg_u32_swap
 .text.cyw43_write_reg_u32
                0x000000001000da00       0x58 CMakeFiles/wifi_driver.dir/home/ubuntu/pico-nexmon/pico-sdk/src/rp2_common/pico_cyw43_driver/cyw43_bus_pio_spi.c.obj
                0x000000001000da00                cyw43_write_reg_u32
 .text.cyw43_write_reg_u16
                0x000000001000da58       0x58 CMakeFiles/wifi_driver.dir/home/ubuntu/pico-nexmon/pico-sdk/src/rp2_common/pico_cyw43_driver/cyw43_bus_pio_spi.c.obj
                0x000000001000da58                cyw43_write_reg_u16
 .text.cyw43_write_reg_u8
                0x000000001000dab0       0x58 CMakeFiles/wifi_driver.dir/home/ubuntu/pico-nexmon/pico-sdk/src/rp2_common/pico_cyw43_driver/cyw43_bus_pio_spi.c.obj
                0x000000001000dab0                cyw43_write_reg_u8
 .text.cyw43_read_bytes
                0x000000001000db08      0x104 CMakeFiles/wifi_driver.dir/home/ubuntu/pico-nexmon/pico-sdk/src/rp2_common/pico_cyw43_driver/cyw43_bus_pio_spi.c.obj
                0x000000001000db08                cyw43_read_bytes
 .text.cyw43_write_bytes
                0x000000001000dc0c      0x128 CMakeFiles/wifi_driver.dir/home/ubuntu/pico-nexmon/pico-sdk/src/rp2_common/pico_cyw43_driver/cyw43_bus_pio_spi.c.obj
                0x000000001000dc0c                cyw43_write_bytes
 .text.get_core_address
                0x000000001000dd34       0x1c CMakeFiles/wifi_driver.dir/__/__/cyw43-driver/src/cyw43_ll.c.obj
 .text.cyw43_read_reg
                0x000000001000dd50       0x48 CMakeFiles/wifi_driver.dir/__/__/cyw43-driver/src/cyw43_ll.c.obj
 .text.cyw43_write_reg
                0x000000001000dd98       0x4c CMakeFiles/wifi_driver.dir/__/__/cyw43-driver/src/cyw43_ll.c.obj
 .text.cyw43_set_backplane_window
                0x000000001000dde4       0x74 CMakeFiles/wifi_driver.dir/__/__/cyw43-driver/src/cyw43_ll.c.obj
 .text.cyw43_read_backplane
                0x000000001000de58       0x30 CMakeFiles/wifi_driver.dir/__/__/cyw43-driver/src/cyw43_ll.c.obj
 .text.cyw43_write_backplane
                0x000000001000de88       0x34 CMakeFiles/wifi_driver.dir/__/__/cyw43-driver/src/cyw43_ll.c.obj
 .text.sdpcm_process_rx_packet
                0x000000001000debc      0x180 CMakeFiles/wifi_driver.dir/__/__/cyw43-driver/src/cyw43_ll.c.obj
 .text.disable_device_core
                0x000000001000e03c       0x3c CMakeFiles/wifi_driver.dir/__/__/cyw43-driver/src/cyw43_ll.c.obj
 .text.device_core_is_up
                0x000000001000e078       0x4c CMakeFiles/wifi_driver.dir/__/__/cyw43-driver/src/cyw43_ll.c.obj
 .text.cyw43_ll_wifi_parse_scan_result
                0x000000001000e0c4       0x9c CMakeFiles/wifi_driver.dir/__/__/cyw43-driver/src/cyw43_ll.c.obj
 .text.cyw43_ll_parse_async_event
                0x000000001000e160       0x8e CMakeFiles/wifi_driver.dir/__/__/cyw43-driver/src/cyw43_ll.c.obj
 *fill*         0x000000001000e1ee        0x2 
 .text.cyw43_kso_set
                0x000000001000e1f0       0x98 CMakeFiles/wifi_driver.dir/__/__/cyw43-driver/src/cyw43_ll.c.obj
 .text.cyw43_ll_bus_sleep_helper
                0x000000001000e288        0xe CMakeFiles/wifi_driver.dir/__/__/cyw43-driver/src/cyw43_ll.c.obj
 .text.reset_device_core
                0x000000001000e296       0x74 CMakeFiles/wifi_driver.dir/__/__/cyw43-driver/src/cyw43_ll.c.obj
 *fill*         0x000000001000e30a        0x2 
 .text.cyw43_download_resource
                0x000000001000e30c      0x17c CMakeFiles/wifi_driver.dir/__/__/cyw43-driver/src/cyw43_ll.c.obj
 .text.cyw43_ll_init
                0x000000001000e488       0x20 CMakeFiles/wifi_driver.dir/__/__/cyw43-driver/src/cyw43_ll.c.obj
                0x000000001000e488                cyw43_ll_init
 .text.cyw43_ll_deinit
                0x000000001000e4a8        0x8 CMakeFiles/wifi_driver.dir/__/__/cyw43-driver/src/cyw43_ll.c.obj
                0x000000001000e4a8                cyw43_ll_deinit
 .text.cyw43_ll_bus_sleep
                0x000000001000e4b0       0x34 CMakeFiles/wifi_driver.dir/__/__/cyw43-driver/src/cyw43_ll.c.obj
                0x000000001000e4b0                cyw43_ll_bus_sleep
 .text.cyw43_ll_sdpcm_poll_device
                0x000000001000e4e4      0x158 CMakeFiles/wifi_driver.dir/__/__/cyw43-driver/src/cyw43_ll.c.obj
 .text.cyw43_ll_process_packets
                0x000000001000e63c       0x6c CMakeFiles/wifi_driver.dir/__/__/cyw43-driver/src/cyw43_ll.c.obj
                0x000000001000e63c                cyw43_ll_process_packets
 .text.cyw43_sdpcm_send_common
                0x000000001000e6a8      0x104 CMakeFiles/wifi_driver.dir/__/__/cyw43-driver/src/cyw43_ll.c.obj
 .text.cyw43_ll_send_ethernet
                0x000000001000e7ac       0x5e CMakeFiles/wifi_driver.dir/__/__/cyw43-driver/src/cyw43_ll.c.obj
                0x000000001000e7ac                cyw43_ll_send_ethernet
 .text.cyw43_send_ioctl
                0x000000001000e80a       0x56 CMakeFiles/wifi_driver.dir/__/__/cyw43-driver/src/cyw43_ll.c.obj
 .text.cyw43_do_ioctl